-- Found ament_cmake: 1.3.11 (/opt/ros/humble/share/ament_cmake/cmake)
-- Found rclcpp: 16.0.12 (/opt/ros/humble/share/rclcpp/cmake)
-- Found rosidl_generator_c: 3.1.6 (/opt/ros/humble/share/rosidl_generator_c/cmake)
-- Found rosidl_adapter: 3.1.6 (/opt/ros/humble/share/rosidl_adapter/cmake)
-- Found rosidl_generator_cpp: 3.1.6 (/opt/ros/humble/share/rosidl_generator_cpp/cmake)
-- Using all available rosidl_typesupport_c: rosidl_typesupport_fastrtps_c;rosidl_typesupport_introspection_c
-- Using all available rosidl_typesupport_cpp: rosidl_typesupport_fastrtps_cpp;rosidl_typesupport_introspection_cpp
-- Found rmw_implementation_cmake: 6.1.2 (/opt/ros/humble/share/rmw_implementation_cmake/cmake)
-- Found rmw_fastrtps_cpp: 6.2.7 (/opt/ros/humble/share/rmw_fastrtps_cpp/cmake)
-- Using RMW implementation 'rmw_fastrtps_cpp' as default
-- Found rosidl_default_generators: 1.2.0 (/opt/ros/humble/share/rosidl_default_generators/cmake)
-- Found ament_cmake_ros: 0.10.0 (/opt/ros/humble/share/ament_cmake_ros/cmake)
-- Using all available rosidl_typesupport_c: rosidl_typesupport_fastrtps_c;rosidl_typesupport_introspection_c
-- Using all available rosidl_typesupport_cpp: rosidl_typesupport_fastrtps_cpp;rosidl_typesupport_introspection_cpp
-- Found python_cmake_module: 0.10.0 (/opt/ros/humble/share/python_cmake_module/cmake)
-- Using PYTHON_EXECUTABLE: /usr/bin/python3
-- Using PYTHON_INCLUDE_DIRS: /usr/include/python3.10
-- Using PYTHON_LIBRARIES: /usr/lib/aarch64-linux-gnu/libpython3.10.so
-- Using numpy include directory: /usr/local/lib/python3.10/dist-packages/numpy/core/include
-- Found ament_lint_auto: 0.12.12 (/opt/ros/humble/share/ament_lint_auto/cmake)
-- Added test 'cppcheck' to perform static code analysis on C / C++ code
-- Configured cppcheck include dirs: 
-- Configured cppcheck exclude dirs and/or files: 
-- Added test 'flake8' to check Python code syntax and style conventions
-- Added test 'lint_cmake' to check CMake code style
-- Added test 'pep257' to check Python code against some of the docstring style conventions in PEP 257
-- Added test 'uncrustify' to check C / C++ code style
-- Configured uncrustify additional arguments: 
-- Added test 'xmllint' to check XML markup files
-- Configuring done
-- Generating done
-- Build files have been written to: /workspaces/isaac_ros-dev/ros2_ws/object-detection-jai0307-notatallVishal/build/action_client
[35m[1mConsolidate compiler generated dependencies of target action_client__rosidl_generator_c[0m
[  3%] Built target action_client__cpp
[ 12%] Built target action_client__rosidl_generator_c
[ 12%] Built target ament_cmake_python_copy_action_client
[35m[1mConsolidate compiler generated dependencies of target action_client__rosidl_typesupport_cpp[0m
[35m[1mConsolidate compiler generated dependencies of target action_client__rosidl_typesupport_introspection_cpp[0m
[35m[1mConsolidate compiler generated dependencies of target action_client__rosidl_typesupport_introspection_c[0m
[35m[1mConsolidate compiler generated dependencies of target action_client__rosidl_typesupport_fastrtps_c[0m
[35m[1mConsolidate compiler generated dependencies of target action_client__rosidl_typesupport_fastrtps_cpp[0m
[35m[1mConsolidate compiler generated dependencies of target action_client__rosidl_typesupport_c[0m
[ 41%] Built target action_client__rosidl_typesupport_introspection_cpp
[ 41%] Built target action_client__rosidl_typesupport_cpp
[ 41%] Built target action_client__rosidl_typesupport_introspection_c
[ 51%] Built target action_client__rosidl_typesupport_fastrtps_cpp
[ 61%] Built target action_client__rosidl_typesupport_fastrtps_c
[ 70%] Built target action_client__rosidl_typesupport_c
[ 70%] Built target action_client
[ 74%] Built target action_client__py
[35m[1mConsolidate compiler generated dependencies of target action_client__rosidl_generator_py[0m
[ 80%] Built target action_client__rosidl_generator_py
[35m[1mConsolidate compiler generated dependencies of target action_client__rosidl_typesupport_fastrtps_c__pyext[0m
[35m[1mConsolidate compiler generated dependencies of target action_client__rosidl_typesupport_introspection_c__pyext[0m
[35m[1mConsolidate compiler generated dependencies of target action_client__rosidl_typesupport_c__pyext[0m
[100%] Built target action_client__rosidl_typesupport_fastrtps_c__pyext
[100%] Built target action_client__rosidl_typesupport_introspection_c__pyext
[100%] Built target action_client__rosidl_typesupport_c__pyext
running egg_info
writing action_client.egg-info/PKG-INFO
writing dependency_links to action_client.egg-info/dependency_links.txt
writing top-level names to action_client.egg-info/top_level.txt
reading manifest file 'action_client.egg-info/SOURCES.txt'
writing manifest file 'action_client.egg-info/SOURCES.txt'
[100%] Built target ament_cmake_python_build_action_client_egg
-- Install configuration: ""
-- Up-to-date: /workspaces/isaac_ros-dev/ros2_ws/object-detection-jai0307-notatallVishal/install/action_client/share/ament_index/resource_index/rosidl_interfaces/action_client
-- Up-to-date: /workspaces/isaac_ros-dev/ros2_ws/object-detection-jai0307-notatallVishal/install/action_client/include/action_client/action_client
-- Up-to-date: /workspaces/isaac_ros-dev/ros2_ws/object-detection-jai0307-notatallVishal/install/action_client/include/action_client/action_client/msg
-- Up-to-date: /workspaces/isaac_ros-dev/ros2_ws/object-detection-jai0307-notatallVishal/install/action_client/include/action_client/action_client/msg/rosidl_generator_c__visibility_control.h
-- Up-to-date: /workspaces/isaac_ros-dev/ros2_ws/object-detection-jai0307-notatallVishal/install/action_client/include/action_client/action_client/action
-- Up-to-date: /workspaces/isaac_ros-dev/ros2_ws/object-detection-jai0307-notatallVishal/install/action_client/include/action_client/action_client/action/detail
-- Up-to-date: /workspaces/isaac_ros-dev/ros2_ws/object-detection-jai0307-notatallVishal/install/action_client/include/action_client/action_client/action/detail/track_object__type_support.h
-- Up-to-date: /workspaces/isaac_ros-dev/ros2_ws/object-detection-jai0307-notatallVishal/install/action_client/include/action_client/action_client/action/detail/track_object__functions.c
-- Up-to-date: /workspaces/isaac_ros-dev/ros2_ws/object-detection-jai0307-notatallVishal/install/action_client/include/action_client/action_client/action/detail/track_object__functions.h
-- Up-to-date: /workspaces/isaac_ros-dev/ros2_ws/object-detection-jai0307-notatallVishal/install/action_client/include/action_client/action_client/action/detail/track_object__struct.h
-- Up-to-date: /workspaces/isaac_ros-dev/ros2_ws/object-detection-jai0307-notatallVishal/install/action_client/include/action_client/action_client/action/track_object.h
-- Up-to-date: /workspaces/isaac_ros-dev/ros2_ws/object-detection-jai0307-notatallVishal/install/action_client/share/action_client/environment/library_path.sh
-- Installing: /workspaces/isaac_ros-dev/ros2_ws/object-detection-jai0307-notatallVishal/install/action_client/share/action_client/environment/library_path.dsv
-- Up-to-date: /workspaces/isaac_ros-dev/ros2_ws/object-detection-jai0307-notatallVishal/install/action_client/lib/libaction_client__rosidl_generator_c.so
-- Up-to-date: /workspaces/isaac_ros-dev/ros2_ws/object-detection-jai0307-notatallVishal/install/action_client/include/action_client/action_client
-- Up-to-date: /workspaces/isaac_ros-dev/ros2_ws/object-detection-jai0307-notatallVishal/install/action_client/include/action_client/action_client/msg
-- Up-to-date: /workspaces/isaac_ros-dev/ros2_ws/object-detection-jai0307-notatallVishal/install/action_client/include/action_client/action_client/msg/rosidl_typesupport_fastrtps_c__visibility_control.h
-- Up-to-date: /workspaces/isaac_ros-dev/ros2_ws/object-detection-jai0307-notatallVishal/install/action_client/include/action_client/action_client/action
-- Up-to-date: /workspaces/isaac_ros-dev/ros2_ws/object-detection-jai0307-notatallVishal/install/action_client/include/action_client/action_client/action/detail
-- Up-to-date: /workspaces/isaac_ros-dev/ros2_ws/object-detection-jai0307-notatallVishal/install/action_client/include/action_client/action_client/action/detail/track_object__rosidl_typesupport_fastrtps_c.h
-- Up-to-date: /workspaces/isaac_ros-dev/ros2_ws/object-detection-jai0307-notatallVishal/install/action_client/lib/libaction_client__rosidl_typesupport_fastrtps_c.so
-- Up-to-date: /workspaces/isaac_ros-dev/ros2_ws/object-detection-jai0307-notatallVishal/install/action_client/include/action_client/action_client
-- Up-to-date: /workspaces/isaac_ros-dev/ros2_ws/object-detection-jai0307-notatallVishal/install/action_client/include/action_client/action_client/msg
-- Up-to-date: /workspaces/isaac_ros-dev/ros2_ws/object-detection-jai0307-notatallVishal/install/action_client/include/action_client/action_client/msg/rosidl_generator_cpp__visibility_control.hpp
-- Up-to-date: /workspaces/isaac_ros-dev/ros2_ws/object-detection-jai0307-notatallVishal/install/action_client/include/action_client/action_client/action
-- Up-to-date: /workspaces/isaac_ros-dev/ros2_ws/object-detection-jai0307-notatallVishal/install/action_client/include/action_client/action_client/action/track_object.hpp
-- Up-to-date: /workspaces/isaac_ros-dev/ros2_ws/object-detection-jai0307-notatallVishal/install/action_client/include/action_client/action_client/action/detail
-- Up-to-date: /workspaces/isaac_ros-dev/ros2_ws/object-detection-jai0307-notatallVishal/install/action_client/include/action_client/action_client/action/detail/track_object__traits.hpp
-- Up-to-date: /workspaces/isaac_ros-dev/ros2_ws/object-detection-jai0307-notatallVishal/install/action_client/include/action_client/action_client/action/detail/track_object__builder.hpp
-- Up-to-date: /workspaces/isaac_ros-dev/ros2_ws/object-detection-jai0307-notatallVishal/install/action_client/include/action_client/action_client/action/detail/track_object__type_support.hpp
-- Up-to-date: /workspaces/isaac_ros-dev/ros2_ws/object-detection-jai0307-notatallVishal/install/action_client/include/action_client/action_client/action/detail/track_object__struct.hpp
-- Up-to-date: /workspaces/isaac_ros-dev/ros2_ws/object-detection-jai0307-notatallVishal/install/action_client/include/action_client/action_client
-- Up-to-date: /workspaces/isaac_ros-dev/ros2_ws/object-detection-jai0307-notatallVishal/install/action_client/include/action_client/action_client/msg
-- Up-to-date: /workspaces/isaac_ros-dev/ros2_ws/object-detection-jai0307-notatallVishal/install/action_client/include/action_client/action_client/msg/rosidl_typesupport_fastrtps_cpp__visibility_control.h
-- Up-to-date: /workspaces/isaac_ros-dev/ros2_ws/object-detection-jai0307-notatallVishal/install/action_client/include/action_client/action_client/action
-- Up-to-date: /workspaces/isaac_ros-dev/ros2_ws/object-detection-jai0307-notatallVishal/install/action_client/include/action_client/action_client/action/detail
-- Up-to-date: /workspaces/isaac_ros-dev/ros2_ws/object-detection-jai0307-notatallVishal/install/action_client/include/action_client/action_client/action/detail/dds_fastrtps
-- Up-to-date: /workspaces/isaac_ros-dev/ros2_ws/object-detection-jai0307-notatallVishal/install/action_client/include/action_client/action_client/action/detail/track_object__rosidl_typesupport_fastrtps_cpp.hpp
-- Up-to-date: /workspaces/isaac_ros-dev/ros2_ws/object-detection-jai0307-notatallVishal/install/action_client/lib/libaction_client__rosidl_typesupport_fastrtps_cpp.so
-- Up-to-date: /workspaces/isaac_ros-dev/ros2_ws/object-detection-jai0307-notatallVishal/install/action_client/include/action_client/action_client
-- Up-to-date: /workspaces/isaac_ros-dev/ros2_ws/object-detection-jai0307-notatallVishal/install/action_client/include/action_client/action_client/msg
-- Up-to-date: /workspaces/isaac_ros-dev/ros2_ws/object-detection-jai0307-notatallVishal/install/action_client/include/action_client/action_client/msg/rosidl_typesupport_introspection_c__visibility_control.h
-- Up-to-date: /workspaces/isaac_ros-dev/ros2_ws/object-detection-jai0307-notatallVishal/install/action_client/include/action_client/action_client/action
-- Up-to-date: /workspaces/isaac_ros-dev/ros2_ws/object-detection-jai0307-notatallVishal/install/action_client/include/action_client/action_client/action/detail
-- Up-to-date: /workspaces/isaac_ros-dev/ros2_ws/object-detection-jai0307-notatallVishal/install/action_client/include/action_client/action_client/action/detail/track_object__rosidl_typesupport_introspection_c.h
-- Up-to-date: /workspaces/isaac_ros-dev/ros2_ws/object-detection-jai0307-notatallVishal/install/action_client/include/action_client/action_client/action/detail/track_object__type_support.c
-- Up-to-date: /workspaces/isaac_ros-dev/ros2_ws/object-detection-jai0307-notatallVishal/install/action_client/lib/libaction_client__rosidl_typesupport_introspection_c.so
-- Up-to-date: /workspaces/isaac_ros-dev/ros2_ws/object-detection-jai0307-notatallVishal/install/action_client/lib/libaction_client__rosidl_typesupport_c.so
-- Up-to-date: /workspaces/isaac_ros-dev/ros2_ws/object-detection-jai0307-notatallVishal/install/action_client/include/action_client/action_client
-- Up-to-date: /workspaces/isaac_ros-dev/ros2_ws/object-detection-jai0307-notatallVishal/install/action_client/include/action_client/action_client/action
-- Up-to-date: /workspaces/isaac_ros-dev/ros2_ws/object-detection-jai0307-notatallVishal/install/action_client/include/action_client/action_client/action/detail
-- Up-to-date: /workspaces/isaac_ros-dev/ros2_ws/object-detection-jai0307-notatallVishal/install/action_client/include/action_client/action_client/action/detail/track_object__rosidl_typesupport_introspection_cpp.hpp
-- Up-to-date: /workspaces/isaac_ros-dev/ros2_ws/object-detection-jai0307-notatallVishal/install/action_client/include/action_client/action_client/action/detail/track_object__type_support.cpp
-- Up-to-date: /workspaces/isaac_ros-dev/ros2_ws/object-detection-jai0307-notatallVishal/install/action_client/lib/libaction_client__rosidl_typesupport_introspection_cpp.so
-- Up-to-date: /workspaces/isaac_ros-dev/ros2_ws/object-detection-jai0307-notatallVishal/install/action_client/lib/libaction_client__rosidl_typesupport_cpp.so
-- Up-to-date: /workspaces/isaac_ros-dev/ros2_ws/object-detection-jai0307-notatallVishal/install/action_client/share/action_client/environment/pythonpath.sh
-- Installing: /workspaces/isaac_ros-dev/ros2_ws/object-detection-jai0307-notatallVishal/install/action_client/share/action_client/environment/pythonpath.dsv
-- Up-to-date: /workspaces/isaac_ros-dev/ros2_ws/object-detection-jai0307-notatallVishal/install/action_client/local/lib/python3.10/dist-packages/action_client-0.0.0-py3.10.egg-info
-- Installing: /workspaces/isaac_ros-dev/ros2_ws/object-detection-jai0307-notatallVishal/install/action_client/local/lib/python3.10/dist-packages/action_client-0.0.0-py3.10.egg-info/dependency_links.txt
-- Installing: /workspaces/isaac_ros-dev/ros2_ws/object-detection-jai0307-notatallVishal/install/action_client/local/lib/python3.10/dist-packages/action_client-0.0.0-py3.10.egg-info/SOURCES.txt
-- Installing: /workspaces/isaac_ros-dev/ros2_ws/object-detection-jai0307-notatallVishal/install/action_client/local/lib/python3.10/dist-packages/action_client-0.0.0-py3.10.egg-info/PKG-INFO
-- Installing: /workspaces/isaac_ros-dev/ros2_ws/object-detection-jai0307-notatallVishal/install/action_client/local/lib/python3.10/dist-packages/action_client-0.0.0-py3.10.egg-info/top_level.txt
-- Up-to-date: /workspaces/isaac_ros-dev/ros2_ws/object-detection-jai0307-notatallVishal/install/action_client/local/lib/python3.10/dist-packages/action_client
-- Up-to-date: /workspaces/isaac_ros-dev/ros2_ws/object-detection-jai0307-notatallVishal/install/action_client/local/lib/python3.10/dist-packages/action_client/_action_client_s.ep.rosidl_typesupport_fastrtps_c.c
-- Up-to-date: /workspaces/isaac_ros-dev/ros2_ws/object-detection-jai0307-notatallVishal/install/action_client/local/lib/python3.10/dist-packages/action_client/action_client_s__rosidl_typesupport_introspection_c.cpython-310-aarch64-linux-gnu.so
-- Up-to-date: /workspaces/isaac_ros-dev/ros2_ws/object-detection-jai0307-notatallVishal/install/action_client/local/lib/python3.10/dist-packages/action_client/libaction_client__rosidl_generator_py.so
-- Up-to-date: /workspaces/isaac_ros-dev/ros2_ws/object-detection-jai0307-notatallVishal/install/action_client/local/lib/python3.10/dist-packages/action_client/_action_client_s.ep.rosidl_typesupport_c.c
-- Up-to-date: /workspaces/isaac_ros-dev/ros2_ws/object-detection-jai0307-notatallVishal/install/action_client/local/lib/python3.10/dist-packages/action_client/action
-- Up-to-date: /workspaces/isaac_ros-dev/ros2_ws/object-detection-jai0307-notatallVishal/install/action_client/local/lib/python3.10/dist-packages/action_client/action/_track_object.py
-- Up-to-date: /workspaces/isaac_ros-dev/ros2_ws/object-detection-jai0307-notatallVishal/install/action_client/local/lib/python3.10/dist-packages/action_client/action/__init__.py
-- Up-to-date: /workspaces/isaac_ros-dev/ros2_ws/object-detection-jai0307-notatallVishal/install/action_client/local/lib/python3.10/dist-packages/action_client/action/_track_object_s.c
-- Installing: /workspaces/isaac_ros-dev/ros2_ws/object-detection-jai0307-notatallVishal/install/action_client/local/lib/python3.10/dist-packages/action_client/__init__.py
-- Up-to-date: /workspaces/isaac_ros-dev/ros2_ws/object-detection-jai0307-notatallVishal/install/action_client/local/lib/python3.10/dist-packages/action_client/action_client_s__rosidl_typesupport_c.cpython-310-aarch64-linux-gnu.so
-- Up-to-date: /workspaces/isaac_ros-dev/ros2_ws/object-detection-jai0307-notatallVishal/install/action_client/local/lib/python3.10/dist-packages/action_client/_action_client_s.ep.rosidl_typesupport_introspection_c.c
-- Up-to-date: /workspaces/isaac_ros-dev/ros2_ws/object-detection-jai0307-notatallVishal/install/action_client/local/lib/python3.10/dist-packages/action_client/action_client_s__rosidl_typesupport_fastrtps_c.cpython-310-aarch64-linux-gnu.so
Listing '/workspaces/isaac_ros-dev/ros2_ws/object-detection-jai0307-notatallVishal/install/action_client/local/lib/python3.10/dist-packages/action_client'...
Compiling '/workspaces/isaac_ros-dev/ros2_ws/object-detection-jai0307-notatallVishal/install/action_client/local/lib/python3.10/dist-packages/action_client/__init__.py'...
Listing '/workspaces/isaac_ros-dev/ros2_ws/object-detection-jai0307-notatallVishal/install/action_client/local/lib/python3.10/dist-packages/action_client/action'...
-- Up-to-date: /workspaces/isaac_ros-dev/ros2_ws/object-detection-jai0307-notatallVishal/install/action_client/local/lib/python3.10/dist-packages/action_client/action_client_s__rosidl_typesupport_fastrtps_c.cpython-310-aarch64-linux-gnu.so
-- Up-to-date: /workspaces/isaac_ros-dev/ros2_ws/object-detection-jai0307-notatallVishal/install/action_client/local/lib/python3.10/dist-packages/action_client/action_client_s__rosidl_typesupport_introspection_c.cpython-310-aarch64-linux-gnu.so
-- Up-to-date: /workspaces/isaac_ros-dev/ros2_ws/object-detection-jai0307-notatallVishal/install/action_client/local/lib/python3.10/dist-packages/action_client/action_client_s__rosidl_typesupport_c.cpython-310-aarch64-linux-gnu.so
-- Up-to-date: /workspaces/isaac_ros-dev/ros2_ws/object-detection-jai0307-notatallVishal/install/action_client/lib/libaction_client__rosidl_generator_py.so
-- Up-to-date: /workspaces/isaac_ros-dev/ros2_ws/object-detection-jai0307-notatallVishal/install/action_client/share/action_client/action/TrackObject.idl
-- Up-to-date: /workspaces/isaac_ros-dev/ros2_ws/object-detection-jai0307-notatallVishal/install/action_client/share/action_client/action/TrackObject.action
-- Up-to-date: /workspaces/isaac_ros-dev/ros2_ws/object-detection-jai0307-notatallVishal/install/action_client/share/action_client/launch
-- Up-to-date: /workspaces/isaac_ros-dev/ros2_ws/object-detection-jai0307-notatallVishal/install/action_client/share/action_client/launch/action_client.launch.py
-- Up-to-date: /workspaces/isaac_ros-dev/ros2_ws/object-detection-jai0307-notatallVishal/install/action_client/share/ament_index/resource_index/package_run_dependencies/action_client
-- Up-to-date: /workspaces/isaac_ros-dev/ros2_ws/object-detection-jai0307-notatallVishal/install/action_client/share/ament_index/resource_index/parent_prefix_path/action_client
-- Up-to-date: /workspaces/isaac_ros-dev/ros2_ws/object-detection-jai0307-notatallVishal/install/action_client/share/action_client/environment/ament_prefix_path.sh
-- Installing: /workspaces/isaac_ros-dev/ros2_ws/object-detection-jai0307-notatallVishal/install/action_client/share/action_client/environment/ament_prefix_path.dsv
-- Up-to-date: /workspaces/isaac_ros-dev/ros2_ws/object-detection-jai0307-notatallVishal/install/action_client/share/action_client/environment/path.sh
-- Installing: /workspaces/isaac_ros-dev/ros2_ws/object-detection-jai0307-notatallVishal/install/action_client/share/action_client/environment/path.dsv
-- Up-to-date: /workspaces/isaac_ros-dev/ros2_ws/object-detection-jai0307-notatallVishal/install/action_client/share/action_client/local_setup.bash
-- Up-to-date: /workspaces/isaac_ros-dev/ros2_ws/object-detection-jai0307-notatallVishal/install/action_client/share/action_client/local_setup.sh
-- Up-to-date: /workspaces/isaac_ros-dev/ros2_ws/object-detection-jai0307-notatallVishal/install/action_client/share/action_client/local_setup.zsh
-- Installing: /workspaces/isaac_ros-dev/ros2_ws/object-detection-jai0307-notatallVishal/install/action_client/share/action_client/local_setup.dsv
-- Installing: /workspaces/isaac_ros-dev/ros2_ws/object-detection-jai0307-notatallVishal/install/action_client/share/action_client/package.dsv
-- Up-to-date: /workspaces/isaac_ros-dev/ros2_ws/object-detection-jai0307-notatallVishal/install/action_client/share/ament_index/resource_index/packages/action_client
-- Up-to-date: /workspaces/isaac_ros-dev/ros2_ws/object-detection-jai0307-notatallVishal/install/action_client/share/action_client/cmake/export_action_client__rosidl_generator_cExport.cmake
-- Up-to-date: /workspaces/isaac_ros-dev/ros2_ws/object-detection-jai0307-notatallVishal/install/action_client/share/action_client/cmake/export_action_client__rosidl_generator_cExport-noconfig.cmake
-- Up-to-date: /workspaces/isaac_ros-dev/ros2_ws/object-detection-jai0307-notatallVishal/install/action_client/share/action_client/cmake/export_action_client__rosidl_typesupport_fastrtps_cExport.cmake
-- Up-to-date: /workspaces/isaac_ros-dev/ros2_ws/object-detection-jai0307-notatallVishal/install/action_client/share/action_client/cmake/export_action_client__rosidl_typesupport_fastrtps_cExport-noconfig.cmake
-- Up-to-date: /workspaces/isaac_ros-dev/ros2_ws/object-detection-jai0307-notatallVishal/install/action_client/share/action_client/cmake/export_action_client__rosidl_generator_cppExport.cmake
-- Up-to-date: /workspaces/isaac_ros-dev/ros2_ws/object-detection-jai0307-notatallVishal/install/action_client/share/action_client/cmake/export_action_client__rosidl_typesupport_fastrtps_cppExport.cmake
-- Up-to-date: /workspaces/isaac_ros-dev/ros2_ws/object-detection-jai0307-notatallVishal/install/action_client/share/action_client/cmake/export_action_client__rosidl_typesupport_fastrtps_cppExport-noconfig.cmake
-- Up-to-date: /workspaces/isaac_ros-dev/ros2_ws/object-detection-jai0307-notatallVishal/install/action_client/share/action_client/cmake/action_client__rosidl_typesupport_introspection_cExport.cmake
-- Up-to-date: /workspaces/isaac_ros-dev/ros2_ws/object-detection-jai0307-notatallVishal/install/action_client/share/action_client/cmake/action_client__rosidl_typesupport_introspection_cExport-noconfig.cmake
-- Up-to-date: /workspaces/isaac_ros-dev/ros2_ws/object-detection-jai0307-notatallVishal/install/action_client/share/action_client/cmake/action_client__rosidl_typesupport_cExport.cmake
-- Up-to-date: /workspaces/isaac_ros-dev/ros2_ws/object-detection-jai0307-notatallVishal/install/action_client/share/action_client/cmake/action_client__rosidl_typesupport_cExport-noconfig.cmake
-- Up-to-date: /workspaces/isaac_ros-dev/ros2_ws/object-detection-jai0307-notatallVishal/install/action_client/share/action_client/cmake/action_client__rosidl_typesupport_introspection_cppExport.cmake
-- Up-to-date: /workspaces/isaac_ros-dev/ros2_ws/object-detection-jai0307-notatallVishal/install/action_client/share/action_client/cmake/action_client__rosidl_typesupport_introspection_cppExport-noconfig.cmake
-- Up-to-date: /workspaces/isaac_ros-dev/ros2_ws/object-detection-jai0307-notatallVishal/install/action_client/share/action_client/cmake/action_client__rosidl_typesupport_cppExport.cmake
-- Up-to-date: /workspaces/isaac_ros-dev/ros2_ws/object-detection-jai0307-notatallVishal/install/action_client/share/action_client/cmake/action_client__rosidl_typesupport_cppExport-noconfig.cmake
-- Up-to-date: /workspaces/isaac_ros-dev/ros2_ws/object-detection-jai0307-notatallVishal/install/action_client/share/action_client/cmake/export_action_client__rosidl_generator_pyExport.cmake
-- Up-to-date: /workspaces/isaac_ros-dev/ros2_ws/object-detection-jai0307-notatallVishal/install/action_client/share/action_client/cmake/export_action_client__rosidl_generator_pyExport-noconfig.cmake
-- Up-to-date: /workspaces/isaac_ros-dev/ros2_ws/object-detection-jai0307-notatallVishal/install/action_client/share/action_client/cmake/rosidl_cmake-extras.cmake
-- Up-to-date: /workspaces/isaac_ros-dev/ros2_ws/object-detection-jai0307-notatallVishal/install/action_client/share/action_client/cmake/ament_cmake_export_dependencies-extras.cmake
-- Up-to-date: /workspaces/isaac_ros-dev/ros2_ws/object-detection-jai0307-notatallVishal/install/action_client/share/action_client/cmake/ament_cmake_export_include_directories-extras.cmake
-- Up-to-date: /workspaces/isaac_ros-dev/ros2_ws/object-detection-jai0307-notatallVishal/install/action_client/share/action_client/cmake/ament_cmake_export_libraries-extras.cmake
-- Up-to-date: /workspaces/isaac_ros-dev/ros2_ws/object-detection-jai0307-notatallVishal/install/action_client/share/action_client/cmake/ament_cmake_export_targets-extras.cmake
-- Up-to-date: /workspaces/isaac_ros-dev/ros2_ws/object-detection-jai0307-notatallVishal/install/action_client/share/action_client/cmake/rosidl_cmake_export_typesupport_targets-extras.cmake
-- Up-to-date: /workspaces/isaac_ros-dev/ros2_ws/object-detection-jai0307-notatallVishal/install/action_client/share/action_client/cmake/rosidl_cmake_export_typesupport_libraries-extras.cmake
-- Up-to-date: /workspaces/isaac_ros-dev/ros2_ws/object-detection-jai0307-notatallVishal/install/action_client/share/action_client/cmake/action_clientConfig.cmake
-- Up-to-date: /workspaces/isaac_ros-dev/ros2_ws/object-detection-jai0307-notatallVishal/install/action_client/share/action_client/cmake/action_clientConfig-version.cmake
-- Up-to-date: /workspaces/isaac_ros-dev/ros2_ws/object-detection-jai0307-notatallVishal/install/action_client/share/action_client/package.xml
