[0.027s] Invoking command in '/workspaces/isaac_ros-dev/ros2_ws/object-detection-jai0307-notatallVishal/build/action_client': CMAKE_PREFIX_PATH=${CMAKE_PREFIX_PATH}:/opt/ros/humble /usr/bin/cmake --build /workspaces/isaac_ros-dev/ros2_ws/object-detection-jai0307-notatallVishal/build/action_client -- -j6 -l6
[0.097s] -- Found ament_cmake: 1.3.11 (/opt/ros/humble/share/ament_cmake/cmake)
[0.424s] -- Found rclcpp: 16.0.12 (/opt/ros/humble/share/rclcpp/cmake)
[0.502s] -- Found rosidl_generator_c: 3.1.6 (/opt/ros/humble/share/rosidl_generator_c/cmake)
[0.508s] -- Found rosidl_adapter: 3.1.6 (/opt/ros/humble/share/rosidl_adapter/cmake)
[0.521s] -- Found rosidl_generator_cpp: 3.1.6 (/opt/ros/humble/share/rosidl_generator_cpp/cmake)
[0.543s] -- Using all available rosidl_typesupport_c: rosidl_typesupport_fastrtps_c;rosidl_typesupport_introspection_c
[0.570s] -- Using all available rosidl_typesupport_cpp: rosidl_typesupport_fastrtps_cpp;rosidl_typesupport_introspection_cpp
[0.642s] -- Found rmw_implementation_cmake: 6.1.2 (/opt/ros/humble/share/rmw_implementation_cmake/cmake)
[0.645s] -- Found rmw_fastrtps_cpp: 6.2.7 (/opt/ros/humble/share/rmw_fastrtps_cpp/cmake)
[0.956s] -- Using RMW implementation 'rmw_fastrtps_cpp' as default
[1.068s] -- Found rosidl_default_generators: 1.2.0 (/opt/ros/humble/share/rosidl_default_generators/cmake)
[1.788s] -- Found ament_cmake_ros: 0.10.0 (/opt/ros/humble/share/ament_cmake_ros/cmake)
[2.654s] -- Using all available rosidl_typesupport_c: rosidl_typesupport_fastrtps_c;rosidl_typesupport_introspection_c
[2.989s] -- Using all available rosidl_typesupport_cpp: rosidl_typesupport_fastrtps_cpp;rosidl_typesupport_introspection_cpp
[3.061s] -- Found python_cmake_module: 0.10.0 (/opt/ros/humble/share/python_cmake_module/cmake)
[3.130s] -- Using PYTHON_EXECUTABLE: /usr/bin/python3
[3.130s] -- Using PYTHON_INCLUDE_DIRS: /usr/include/python3.10
[3.130s] -- Using PYTHON_LIBRARIES: /usr/lib/aarch64-linux-gnu/libpython3.10.so
[3.432s] -- Using numpy include directory: /usr/local/lib/python3.10/dist-packages/numpy/core/include
[3.470s] -- Found ament_lint_auto: 0.12.12 (/opt/ros/humble/share/ament_lint_auto/cmake)
[3.496s] -- Added test 'cppcheck' to perform static code analysis on C / C++ code
[3.497s] -- Configured cppcheck include dirs: 
[3.497s] -- Configured cppcheck exclude dirs and/or files: 
[3.498s] -- Added test 'flake8' to check Python code syntax and style conventions
[3.499s] -- Added test 'lint_cmake' to check CMake code style
[3.500s] -- Added test 'pep257' to check Python code against some of the docstring style conventions in PEP 257
[3.501s] -- Added test 'uncrustify' to check C / C++ code style
[3.501s] -- Configured uncrustify additional arguments: 
[3.502s] -- Added test 'xmllint' to check XML markup files
[3.506s] -- Configuring done
[3.594s] -- Generating done
[3.622s] -- Build files have been written to: /workspaces/isaac_ros-dev/ros2_ws/object-detection-jai0307-notatallVishal/build/action_client
[3.699s] [35m[1mConsolidate compiler generated dependencies of target action_client__rosidl_generator_c[0m
[3.724s] [  3%] Built target action_client__cpp
[3.729s] [ 12%] Built target action_client__rosidl_generator_c
[3.753s] [ 12%] Built target ament_cmake_python_copy_action_client
[3.754s] [35m[1mConsolidate compiler generated dependencies of target action_client__rosidl_typesupport_cpp[0m
[3.758s] [35m[1mConsolidate compiler generated dependencies of target action_client__rosidl_typesupport_introspection_cpp[0m
[3.760s] [35m[1mConsolidate compiler generated dependencies of target action_client__rosidl_typesupport_introspection_c[0m
[3.763s] [35m[1mConsolidate compiler generated dependencies of target action_client__rosidl_typesupport_fastrtps_c[0m
[3.763s] [35m[1mConsolidate compiler generated dependencies of target action_client__rosidl_typesupport_fastrtps_cpp[0m
[3.785s] [35m[1mConsolidate compiler generated dependencies of target action_client__rosidl_typesupport_c[0m
[3.796s] [ 41%] Built target action_client__rosidl_typesupport_introspection_cpp
[3.796s] [ 41%] Built target action_client__rosidl_typesupport_cpp
[3.797s] [ 41%] Built target action_client__rosidl_typesupport_introspection_c
[3.800s] [ 51%] Built target action_client__rosidl_typesupport_fastrtps_cpp
[3.801s] [ 61%] Built target action_client__rosidl_typesupport_fastrtps_c
[3.817s] [ 70%] Built target action_client__rosidl_typesupport_c
[3.867s] [ 70%] Built target action_client
[3.919s] [ 74%] Built target action_client__py
[3.948s] [35m[1mConsolidate compiler generated dependencies of target action_client__rosidl_generator_py[0m
[3.982s] [ 80%] Built target action_client__rosidl_generator_py
[4.011s] [35m[1mConsolidate compiler generated dependencies of target action_client__rosidl_typesupport_fastrtps_c__pyext[0m
[4.011s] [35m[1mConsolidate compiler generated dependencies of target action_client__rosidl_typesupport_introspection_c__pyext[0m
[4.011s] [35m[1mConsolidate compiler generated dependencies of target action_client__rosidl_typesupport_c__pyext[0m
[4.050s] [100%] Built target action_client__rosidl_typesupport_fastrtps_c__pyext
[4.050s] [100%] Built target action_client__rosidl_typesupport_introspection_c__pyext
[4.050s] [100%] Built target action_client__rosidl_typesupport_c__pyext
[4.801s] running egg_info
[4.850s] writing action_client.egg-info/PKG-INFO
[4.851s] writing dependency_links to action_client.egg-info/dependency_links.txt
[4.852s] writing top-level names to action_client.egg-info/top_level.txt
[5.445s] reading manifest file 'action_client.egg-info/SOURCES.txt'
[5.446s] writing manifest file 'action_client.egg-info/SOURCES.txt'
[5.578s] [100%] Built target ament_cmake_python_build_action_client_egg
[5.606s] Invoked command in '/workspaces/isaac_ros-dev/ros2_ws/object-detection-jai0307-notatallVishal/build/action_client' returned '0': CMAKE_PREFIX_PATH=${CMAKE_PREFIX_PATH}:/opt/ros/humble /usr/bin/cmake --build /workspaces/isaac_ros-dev/ros2_ws/object-detection-jai0307-notatallVishal/build/action_client -- -j6 -l6
[5.632s] Invoking command in '/workspaces/isaac_ros-dev/ros2_ws/object-detection-jai0307-notatallVishal/build/action_client': CMAKE_PREFIX_PATH=${CMAKE_PREFIX_PATH}:/opt/ros/humble /usr/bin/cmake --install /workspaces/isaac_ros-dev/ros2_ws/object-detection-jai0307-notatallVishal/build/action_client
[5.652s] -- Install configuration: ""
[5.652s] -- Up-to-date: /workspaces/isaac_ros-dev/ros2_ws/object-detection-jai0307-notatallVishal/install/action_client/share/ament_index/resource_index/rosidl_interfaces/action_client
[5.653s] -- Up-to-date: /workspaces/isaac_ros-dev/ros2_ws/object-detection-jai0307-notatallVishal/install/action_client/include/action_client/action_client
[5.653s] -- Up-to-date: /workspaces/isaac_ros-dev/ros2_ws/object-detection-jai0307-notatallVishal/install/action_client/include/action_client/action_client/msg
[5.653s] -- Up-to-date: /workspaces/isaac_ros-dev/ros2_ws/object-detection-jai0307-notatallVishal/install/action_client/include/action_client/action_client/msg/rosidl_generator_c__visibility_control.h
[5.653s] -- Up-to-date: /workspaces/isaac_ros-dev/ros2_ws/object-detection-jai0307-notatallVishal/install/action_client/include/action_client/action_client/action
[5.653s] -- Up-to-date: /workspaces/isaac_ros-dev/ros2_ws/object-detection-jai0307-notatallVishal/install/action_client/include/action_client/action_client/action/detail
[5.654s] -- Up-to-date: /workspaces/isaac_ros-dev/ros2_ws/object-detection-jai0307-notatallVishal/install/action_client/include/action_client/action_client/action/detail/track_object__type_support.h
[5.654s] -- Up-to-date: /workspaces/isaac_ros-dev/ros2_ws/object-detection-jai0307-notatallVishal/install/action_client/include/action_client/action_client/action/detail/track_object__functions.c
[5.654s] -- Up-to-date: /workspaces/isaac_ros-dev/ros2_ws/object-detection-jai0307-notatallVishal/install/action_client/include/action_client/action_client/action/detail/track_object__functions.h
[5.654s] -- Up-to-date: /workspaces/isaac_ros-dev/ros2_ws/object-detection-jai0307-notatallVishal/install/action_client/include/action_client/action_client/action/detail/track_object__struct.h
[5.655s] -- Up-to-date: /workspaces/isaac_ros-dev/ros2_ws/object-detection-jai0307-notatallVishal/install/action_client/include/action_client/action_client/action/track_object.h
[5.655s] -- Up-to-date: /workspaces/isaac_ros-dev/ros2_ws/object-detection-jai0307-notatallVishal/install/action_client/share/action_client/environment/library_path.sh
[5.656s] -- Installing: /workspaces/isaac_ros-dev/ros2_ws/object-detection-jai0307-notatallVishal/install/action_client/share/action_client/environment/library_path.dsv
[5.656s] -- Up-to-date: /workspaces/isaac_ros-dev/ros2_ws/object-detection-jai0307-notatallVishal/install/action_client/lib/libaction_client__rosidl_generator_c.so
[5.656s] -- Up-to-date: /workspaces/isaac_ros-dev/ros2_ws/object-detection-jai0307-notatallVishal/install/action_client/include/action_client/action_client
[5.656s] -- Up-to-date: /workspaces/isaac_ros-dev/ros2_ws/object-detection-jai0307-notatallVishal/install/action_client/include/action_client/action_client/msg
[5.657s] -- Up-to-date: /workspaces/isaac_ros-dev/ros2_ws/object-detection-jai0307-notatallVishal/install/action_client/include/action_client/action_client/msg/rosidl_typesupport_fastrtps_c__visibility_control.h
[5.657s] -- Up-to-date: /workspaces/isaac_ros-dev/ros2_ws/object-detection-jai0307-notatallVishal/install/action_client/include/action_client/action_client/action
[5.657s] -- Up-to-date: /workspaces/isaac_ros-dev/ros2_ws/object-detection-jai0307-notatallVishal/install/action_client/include/action_client/action_client/action/detail
[5.657s] -- Up-to-date: /workspaces/isaac_ros-dev/ros2_ws/object-detection-jai0307-notatallVishal/install/action_client/include/action_client/action_client/action/detail/track_object__rosidl_typesupport_fastrtps_c.h
[5.658s] -- Up-to-date: /workspaces/isaac_ros-dev/ros2_ws/object-detection-jai0307-notatallVishal/install/action_client/lib/libaction_client__rosidl_typesupport_fastrtps_c.so
[5.658s] -- Up-to-date: /workspaces/isaac_ros-dev/ros2_ws/object-detection-jai0307-notatallVishal/install/action_client/include/action_client/action_client
[5.658s] -- Up-to-date: /workspaces/isaac_ros-dev/ros2_ws/object-detection-jai0307-notatallVishal/install/action_client/include/action_client/action_client/msg
[5.658s] -- Up-to-date: /workspaces/isaac_ros-dev/ros2_ws/object-detection-jai0307-notatallVishal/install/action_client/include/action_client/action_client/msg/rosidl_generator_cpp__visibility_control.hpp
[5.658s] -- Up-to-date: /workspaces/isaac_ros-dev/ros2_ws/object-detection-jai0307-notatallVishal/install/action_client/include/action_client/action_client/action
[5.659s] -- Up-to-date: /workspaces/isaac_ros-dev/ros2_ws/object-detection-jai0307-notatallVishal/install/action_client/include/action_client/action_client/action/track_object.hpp
[5.659s] -- Up-to-date: /workspaces/isaac_ros-dev/ros2_ws/object-detection-jai0307-notatallVishal/install/action_client/include/action_client/action_client/action/detail
[5.659s] -- Up-to-date: /workspaces/isaac_ros-dev/ros2_ws/object-detection-jai0307-notatallVishal/install/action_client/include/action_client/action_client/action/detail/track_object__traits.hpp
[5.659s] -- Up-to-date: /workspaces/isaac_ros-dev/ros2_ws/object-detection-jai0307-notatallVishal/install/action_client/include/action_client/action_client/action/detail/track_object__builder.hpp
[5.659s] -- Up-to-date: /workspaces/isaac_ros-dev/ros2_ws/object-detection-jai0307-notatallVishal/install/action_client/include/action_client/action_client/action/detail/track_object__type_support.hpp
[5.659s] -- Up-to-date: /workspaces/isaac_ros-dev/ros2_ws/object-detection-jai0307-notatallVishal/install/action_client/include/action_client/action_client/action/detail/track_object__struct.hpp
[5.659s] -- Up-to-date: /workspaces/isaac_ros-dev/ros2_ws/object-detection-jai0307-notatallVishal/install/action_client/include/action_client/action_client
[5.660s] -- Up-to-date: /workspaces/isaac_ros-dev/ros2_ws/object-detection-jai0307-notatallVishal/install/action_client/include/action_client/action_client/msg
[5.660s] -- Up-to-date: /workspaces/isaac_ros-dev/ros2_ws/object-detection-jai0307-notatallVishal/install/action_client/include/action_client/action_client/msg/rosidl_typesupport_fastrtps_cpp__visibility_control.h
[5.660s] -- Up-to-date: /workspaces/isaac_ros-dev/ros2_ws/object-detection-jai0307-notatallVishal/install/action_client/include/action_client/action_client/action
[5.660s] -- Up-to-date: /workspaces/isaac_ros-dev/ros2_ws/object-detection-jai0307-notatallVishal/install/action_client/include/action_client/action_client/action/detail
[5.660s] -- Up-to-date: /workspaces/isaac_ros-dev/ros2_ws/object-detection-jai0307-notatallVishal/install/action_client/include/action_client/action_client/action/detail/dds_fastrtps
[5.660s] -- Up-to-date: /workspaces/isaac_ros-dev/ros2_ws/object-detection-jai0307-notatallVishal/install/action_client/include/action_client/action_client/action/detail/track_object__rosidl_typesupport_fastrtps_cpp.hpp
[5.661s] -- Up-to-date: /workspaces/isaac_ros-dev/ros2_ws/object-detection-jai0307-notatallVishal/install/action_client/lib/libaction_client__rosidl_typesupport_fastrtps_cpp.so
[5.661s] -- Up-to-date: /workspaces/isaac_ros-dev/ros2_ws/object-detection-jai0307-notatallVishal/install/action_client/include/action_client/action_client
[5.661s] -- Up-to-date: /workspaces/isaac_ros-dev/ros2_ws/object-detection-jai0307-notatallVishal/install/action_client/include/action_client/action_client/msg
[5.661s] -- Up-to-date: /workspaces/isaac_ros-dev/ros2_ws/object-detection-jai0307-notatallVishal/install/action_client/include/action_client/action_client/msg/rosidl_typesupport_introspection_c__visibility_control.h
[5.661s] -- Up-to-date: /workspaces/isaac_ros-dev/ros2_ws/object-detection-jai0307-notatallVishal/install/action_client/include/action_client/action_client/action
[5.662s] -- Up-to-date: /workspaces/isaac_ros-dev/ros2_ws/object-detection-jai0307-notatallVishal/install/action_client/include/action_client/action_client/action/detail
[5.662s] -- Up-to-date: /workspaces/isaac_ros-dev/ros2_ws/object-detection-jai0307-notatallVishal/install/action_client/include/action_client/action_client/action/detail/track_object__rosidl_typesupport_introspection_c.h
[5.662s] -- Up-to-date: /workspaces/isaac_ros-dev/ros2_ws/object-detection-jai0307-notatallVishal/install/action_client/include/action_client/action_client/action/detail/track_object__type_support.c
[5.663s] -- Up-to-date: /workspaces/isaac_ros-dev/ros2_ws/object-detection-jai0307-notatallVishal/install/action_client/lib/libaction_client__rosidl_typesupport_introspection_c.so
[5.663s] -- Up-to-date: /workspaces/isaac_ros-dev/ros2_ws/object-detection-jai0307-notatallVishal/install/action_client/lib/libaction_client__rosidl_typesupport_c.so
[5.663s] -- Up-to-date: /workspaces/isaac_ros-dev/ros2_ws/object-detection-jai0307-notatallVishal/install/action_client/include/action_client/action_client
[5.663s] -- Up-to-date: /workspaces/isaac_ros-dev/ros2_ws/object-detection-jai0307-notatallVishal/install/action_client/include/action_client/action_client/action
[5.663s] -- Up-to-date: /workspaces/isaac_ros-dev/ros2_ws/object-detection-jai0307-notatallVishal/install/action_client/include/action_client/action_client/action/detail
[5.663s] -- Up-to-date: /workspaces/isaac_ros-dev/ros2_ws/object-detection-jai0307-notatallVishal/install/action_client/include/action_client/action_client/action/detail/track_object__rosidl_typesupport_introspection_cpp.hpp
[5.663s] -- Up-to-date: /workspaces/isaac_ros-dev/ros2_ws/object-detection-jai0307-notatallVishal/install/action_client/include/action_client/action_client/action/detail/track_object__type_support.cpp
[5.664s] -- Up-to-date: /workspaces/isaac_ros-dev/ros2_ws/object-detection-jai0307-notatallVishal/install/action_client/lib/libaction_client__rosidl_typesupport_introspection_cpp.so
[5.664s] -- Up-to-date: /workspaces/isaac_ros-dev/ros2_ws/object-detection-jai0307-notatallVishal/install/action_client/lib/libaction_client__rosidl_typesupport_cpp.so
[5.664s] -- Up-to-date: /workspaces/isaac_ros-dev/ros2_ws/object-detection-jai0307-notatallVishal/install/action_client/share/action_client/environment/pythonpath.sh
[5.664s] -- Installing: /workspaces/isaac_ros-dev/ros2_ws/object-detection-jai0307-notatallVishal/install/action_client/share/action_client/environment/pythonpath.dsv
[5.664s] -- Up-to-date: /workspaces/isaac_ros-dev/ros2_ws/object-detection-jai0307-notatallVishal/install/action_client/local/lib/python3.10/dist-packages/action_client-0.0.0-py3.10.egg-info
[5.664s] -- Installing: /workspaces/isaac_ros-dev/ros2_ws/object-detection-jai0307-notatallVishal/install/action_client/local/lib/python3.10/dist-packages/action_client-0.0.0-py3.10.egg-info/dependency_links.txt
[5.664s] -- Installing: /workspaces/isaac_ros-dev/ros2_ws/object-detection-jai0307-notatallVishal/install/action_client/local/lib/python3.10/dist-packages/action_client-0.0.0-py3.10.egg-info/SOURCES.txt
[5.664s] -- Installing: /workspaces/isaac_ros-dev/ros2_ws/object-detection-jai0307-notatallVishal/install/action_client/local/lib/python3.10/dist-packages/action_client-0.0.0-py3.10.egg-info/PKG-INFO
[5.665s] -- Installing: /workspaces/isaac_ros-dev/ros2_ws/object-detection-jai0307-notatallVishal/install/action_client/local/lib/python3.10/dist-packages/action_client-0.0.0-py3.10.egg-info/top_level.txt
[5.665s] -- Up-to-date: /workspaces/isaac_ros-dev/ros2_ws/object-detection-jai0307-notatallVishal/install/action_client/local/lib/python3.10/dist-packages/action_client
[5.665s] -- Up-to-date: /workspaces/isaac_ros-dev/ros2_ws/object-detection-jai0307-notatallVishal/install/action_client/local/lib/python3.10/dist-packages/action_client/_action_client_s.ep.rosidl_typesupport_fastrtps_c.c
[5.665s] -- Up-to-date: /workspaces/isaac_ros-dev/ros2_ws/object-detection-jai0307-notatallVishal/install/action_client/local/lib/python3.10/dist-packages/action_client/action_client_s__rosidl_typesupport_introspection_c.cpython-310-aarch64-linux-gnu.so
[5.665s] -- Up-to-date: /workspaces/isaac_ros-dev/ros2_ws/object-detection-jai0307-notatallVishal/install/action_client/local/lib/python3.10/dist-packages/action_client/libaction_client__rosidl_generator_py.so
[5.666s] -- Up-to-date: /workspaces/isaac_ros-dev/ros2_ws/object-detection-jai0307-notatallVishal/install/action_client/local/lib/python3.10/dist-packages/action_client/_action_client_s.ep.rosidl_typesupport_c.c
[5.666s] -- Up-to-date: /workspaces/isaac_ros-dev/ros2_ws/object-detection-jai0307-notatallVishal/install/action_client/local/lib/python3.10/dist-packages/action_client/action
[5.666s] -- Up-to-date: /workspaces/isaac_ros-dev/ros2_ws/object-detection-jai0307-notatallVishal/install/action_client/local/lib/python3.10/dist-packages/action_client/action/_track_object.py
[5.666s] -- Up-to-date: /workspaces/isaac_ros-dev/ros2_ws/object-detection-jai0307-notatallVishal/install/action_client/local/lib/python3.10/dist-packages/action_client/action/__init__.py
[5.666s] -- Up-to-date: /workspaces/isaac_ros-dev/ros2_ws/object-detection-jai0307-notatallVishal/install/action_client/local/lib/python3.10/dist-packages/action_client/action/_track_object_s.c
[5.666s] -- Installing: /workspaces/isaac_ros-dev/ros2_ws/object-detection-jai0307-notatallVishal/install/action_client/local/lib/python3.10/dist-packages/action_client/__init__.py
[5.666s] -- Up-to-date: /workspaces/isaac_ros-dev/ros2_ws/object-detection-jai0307-notatallVishal/install/action_client/local/lib/python3.10/dist-packages/action_client/action_client_s__rosidl_typesupport_c.cpython-310-aarch64-linux-gnu.so
[5.666s] -- Up-to-date: /workspaces/isaac_ros-dev/ros2_ws/object-detection-jai0307-notatallVishal/install/action_client/local/lib/python3.10/dist-packages/action_client/_action_client_s.ep.rosidl_typesupport_introspection_c.c
[5.667s] -- Up-to-date: /workspaces/isaac_ros-dev/ros2_ws/object-detection-jai0307-notatallVishal/install/action_client/local/lib/python3.10/dist-packages/action_client/action_client_s__rosidl_typesupport_fastrtps_c.cpython-310-aarch64-linux-gnu.so
[5.748s] Listing '/workspaces/isaac_ros-dev/ros2_ws/object-detection-jai0307-notatallVishal/install/action_client/local/lib/python3.10/dist-packages/action_client'...
[5.748s] Compiling '/workspaces/isaac_ros-dev/ros2_ws/object-detection-jai0307-notatallVishal/install/action_client/local/lib/python3.10/dist-packages/action_client/__init__.py'...
[5.748s] Listing '/workspaces/isaac_ros-dev/ros2_ws/object-detection-jai0307-notatallVishal/install/action_client/local/lib/python3.10/dist-packages/action_client/action'...
[5.762s] -- Up-to-date: /workspaces/isaac_ros-dev/ros2_ws/object-detection-jai0307-notatallVishal/install/action_client/local/lib/python3.10/dist-packages/action_client/action_client_s__rosidl_typesupport_fastrtps_c.cpython-310-aarch64-linux-gnu.so
[5.763s] -- Up-to-date: /workspaces/isaac_ros-dev/ros2_ws/object-detection-jai0307-notatallVishal/install/action_client/local/lib/python3.10/dist-packages/action_client/action_client_s__rosidl_typesupport_introspection_c.cpython-310-aarch64-linux-gnu.so
[5.763s] -- Up-to-date: /workspaces/isaac_ros-dev/ros2_ws/object-detection-jai0307-notatallVishal/install/action_client/local/lib/python3.10/dist-packages/action_client/action_client_s__rosidl_typesupport_c.cpython-310-aarch64-linux-gnu.so
[5.764s] -- Up-to-date: /workspaces/isaac_ros-dev/ros2_ws/object-detection-jai0307-notatallVishal/install/action_client/lib/libaction_client__rosidl_generator_py.so
[5.765s] -- Up-to-date: /workspaces/isaac_ros-dev/ros2_ws/object-detection-jai0307-notatallVishal/install/action_client/share/action_client/action/TrackObject.idl
[5.765s] -- Up-to-date: /workspaces/isaac_ros-dev/ros2_ws/object-detection-jai0307-notatallVishal/install/action_client/share/action_client/action/TrackObject.action
[5.765s] -- Up-to-date: /workspaces/isaac_ros-dev/ros2_ws/object-detection-jai0307-notatallVishal/install/action_client/share/action_client/launch
[5.765s] -- Up-to-date: /workspaces/isaac_ros-dev/ros2_ws/object-detection-jai0307-notatallVishal/install/action_client/share/action_client/launch/action_client.launch.py
[5.765s] -- Up-to-date: /workspaces/isaac_ros-dev/ros2_ws/object-detection-jai0307-notatallVishal/install/action_client/share/ament_index/resource_index/package_run_dependencies/action_client
[5.766s] -- Up-to-date: /workspaces/isaac_ros-dev/ros2_ws/object-detection-jai0307-notatallVishal/install/action_client/share/ament_index/resource_index/parent_prefix_path/action_client
[5.766s] -- Up-to-date: /workspaces/isaac_ros-dev/ros2_ws/object-detection-jai0307-notatallVishal/install/action_client/share/action_client/environment/ament_prefix_path.sh
[5.766s] -- Installing: /workspaces/isaac_ros-dev/ros2_ws/object-detection-jai0307-notatallVishal/install/action_client/share/action_client/environment/ament_prefix_path.dsv
[5.766s] -- Up-to-date: /workspaces/isaac_ros-dev/ros2_ws/object-detection-jai0307-notatallVishal/install/action_client/share/action_client/environment/path.sh
[5.767s] -- Installing: /workspaces/isaac_ros-dev/ros2_ws/object-detection-jai0307-notatallVishal/install/action_client/share/action_client/environment/path.dsv
[5.767s] -- Up-to-date: /workspaces/isaac_ros-dev/ros2_ws/object-detection-jai0307-notatallVishal/install/action_client/share/action_client/local_setup.bash
[5.767s] -- Up-to-date: /workspaces/isaac_ros-dev/ros2_ws/object-detection-jai0307-notatallVishal/install/action_client/share/action_client/local_setup.sh
[5.767s] -- Up-to-date: /workspaces/isaac_ros-dev/ros2_ws/object-detection-jai0307-notatallVishal/install/action_client/share/action_client/local_setup.zsh
[5.767s] -- Installing: /workspaces/isaac_ros-dev/ros2_ws/object-detection-jai0307-notatallVishal/install/action_client/share/action_client/local_setup.dsv
[5.768s] -- Installing: /workspaces/isaac_ros-dev/ros2_ws/object-detection-jai0307-notatallVishal/install/action_client/share/action_client/package.dsv
[5.768s] -- Up-to-date: /workspaces/isaac_ros-dev/ros2_ws/object-detection-jai0307-notatallVishal/install/action_client/share/ament_index/resource_index/packages/action_client
[5.768s] -- Up-to-date: /workspaces/isaac_ros-dev/ros2_ws/object-detection-jai0307-notatallVishal/install/action_client/share/action_client/cmake/export_action_client__rosidl_generator_cExport.cmake
[5.768s] -- Up-to-date: /workspaces/isaac_ros-dev/ros2_ws/object-detection-jai0307-notatallVishal/install/action_client/share/action_client/cmake/export_action_client__rosidl_generator_cExport-noconfig.cmake
[5.768s] -- Up-to-date: /workspaces/isaac_ros-dev/ros2_ws/object-detection-jai0307-notatallVishal/install/action_client/share/action_client/cmake/export_action_client__rosidl_typesupport_fastrtps_cExport.cmake
[5.768s] -- Up-to-date: /workspaces/isaac_ros-dev/ros2_ws/object-detection-jai0307-notatallVishal/install/action_client/share/action_client/cmake/export_action_client__rosidl_typesupport_fastrtps_cExport-noconfig.cmake
[5.769s] -- Up-to-date: /workspaces/isaac_ros-dev/ros2_ws/object-detection-jai0307-notatallVishal/install/action_client/share/action_client/cmake/export_action_client__rosidl_generator_cppExport.cmake
[5.769s] -- Up-to-date: /workspaces/isaac_ros-dev/ros2_ws/object-detection-jai0307-notatallVishal/install/action_client/share/action_client/cmake/export_action_client__rosidl_typesupport_fastrtps_cppExport.cmake
[5.769s] -- Up-to-date: /workspaces/isaac_ros-dev/ros2_ws/object-detection-jai0307-notatallVishal/install/action_client/share/action_client/cmake/export_action_client__rosidl_typesupport_fastrtps_cppExport-noconfig.cmake
[5.769s] -- Up-to-date: /workspaces/isaac_ros-dev/ros2_ws/object-detection-jai0307-notatallVishal/install/action_client/share/action_client/cmake/action_client__rosidl_typesupport_introspection_cExport.cmake
[5.770s] -- Up-to-date: /workspaces/isaac_ros-dev/ros2_ws/object-detection-jai0307-notatallVishal/install/action_client/share/action_client/cmake/action_client__rosidl_typesupport_introspection_cExport-noconfig.cmake
[5.770s] -- Up-to-date: /workspaces/isaac_ros-dev/ros2_ws/object-detection-jai0307-notatallVishal/install/action_client/share/action_client/cmake/action_client__rosidl_typesupport_cExport.cmake
[5.770s] -- Up-to-date: /workspaces/isaac_ros-dev/ros2_ws/object-detection-jai0307-notatallVishal/install/action_client/share/action_client/cmake/action_client__rosidl_typesupport_cExport-noconfig.cmake
[5.770s] -- Up-to-date: /workspaces/isaac_ros-dev/ros2_ws/object-detection-jai0307-notatallVishal/install/action_client/share/action_client/cmake/action_client__rosidl_typesupport_introspection_cppExport.cmake
[5.770s] -- Up-to-date: /workspaces/isaac_ros-dev/ros2_ws/object-detection-jai0307-notatallVishal/install/action_client/share/action_client/cmake/action_client__rosidl_typesupport_introspection_cppExport-noconfig.cmake
[5.771s] -- Up-to-date: /workspaces/isaac_ros-dev/ros2_ws/object-detection-jai0307-notatallVishal/install/action_client/share/action_client/cmake/action_client__rosidl_typesupport_cppExport.cmake
[5.771s] -- Up-to-date: /workspaces/isaac_ros-dev/ros2_ws/object-detection-jai0307-notatallVishal/install/action_client/share/action_client/cmake/action_client__rosidl_typesupport_cppExport-noconfig.cmake
[5.771s] -- Up-to-date: /workspaces/isaac_ros-dev/ros2_ws/object-detection-jai0307-notatallVishal/install/action_client/share/action_client/cmake/export_action_client__rosidl_generator_pyExport.cmake
[5.772s] -- Up-to-date: /workspaces/isaac_ros-dev/ros2_ws/object-detection-jai0307-notatallVishal/install/action_client/share/action_client/cmake/export_action_client__rosidl_generator_pyExport-noconfig.cmake
[5.772s] -- Up-to-date: /workspaces/isaac_ros-dev/ros2_ws/object-detection-jai0307-notatallVishal/install/action_client/share/action_client/cmake/rosidl_cmake-extras.cmake
[5.772s] -- Up-to-date: /workspaces/isaac_ros-dev/ros2_ws/object-detection-jai0307-notatallVishal/install/action_client/share/action_client/cmake/ament_cmake_export_dependencies-extras.cmake
[5.772s] -- Up-to-date: /workspaces/isaac_ros-dev/ros2_ws/object-detection-jai0307-notatallVishal/install/action_client/share/action_client/cmake/ament_cmake_export_include_directories-extras.cmake
[5.772s] -- Up-to-date: /workspaces/isaac_ros-dev/ros2_ws/object-detection-jai0307-notatallVishal/install/action_client/share/action_client/cmake/ament_cmake_export_libraries-extras.cmake
[5.772s] -- Up-to-date: /workspaces/isaac_ros-dev/ros2_ws/object-detection-jai0307-notatallVishal/install/action_client/share/action_client/cmake/ament_cmake_export_targets-extras.cmake
[5.772s] -- Up-to-date: /workspaces/isaac_ros-dev/ros2_ws/object-detection-jai0307-notatallVishal/install/action_client/share/action_client/cmake/rosidl_cmake_export_typesupport_targets-extras.cmake
[5.773s] -- Up-to-date: /workspaces/isaac_ros-dev/ros2_ws/object-detection-jai0307-notatallVishal/install/action_client/share/action_client/cmake/rosidl_cmake_export_typesupport_libraries-extras.cmake
[5.773s] -- Up-to-date: /workspaces/isaac_ros-dev/ros2_ws/object-detection-jai0307-notatallVishal/install/action_client/share/action_client/cmake/action_clientConfig.cmake
[5.773s] -- Up-to-date: /workspaces/isaac_ros-dev/ros2_ws/object-detection-jai0307-notatallVishal/install/action_client/share/action_client/cmake/action_clientConfig-version.cmake
[5.773s] -- Up-to-date: /workspaces/isaac_ros-dev/ros2_ws/object-detection-jai0307-notatallVishal/install/action_client/share/action_client/package.xml
[5.777s] Invoked command in '/workspaces/isaac_ros-dev/ros2_ws/object-detection-jai0307-notatallVishal/build/action_client' returned '0': CMAKE_PREFIX_PATH=${CMAKE_PREFIX_PATH}:/opt/ros/humble /usr/bin/cmake --install /workspaces/isaac_ros-dev/ros2_ws/object-detection-jai0307-notatallVishal/build/action_client
