[0.271s] DEBUG:colcon:Command line arguments: ['/usr/bin/colcon', 'build', '--packages-select', 'action_client', 'custom_interfaces', '--allow-overriding', 'custom_interfaces']
[0.271s] DEBUG:colcon:Parsed command line arguments: Namespace(log_base=None, log_level=None, verb_name='build', build_base='build', install_base='install', merge_install=False, symlink_install=False, test_result_base=None, continue_on_error=False, executor='parallel', parallel_workers=6, event_handlers=None, ignore_user_meta=False, metas=['./colcon.meta'], base_paths=['.'], packages_ignore=None, packages_ignore_regex=None, paths=None, packages_up_to=None, packages_up_to_regex=None, packages_above=None, packages_above_and_dependencies=None, packages_above_depth=None, packages_select_by_dep=None, packages_skip_by_dep=None, packages_skip_up_to=None, packages_select_build_failed=False, packages_skip_build_finished=False, packages_select_test_failures=False, packages_skip_test_passed=False, packages_select=['action_client', 'custom_interfaces'], packages_skip=None, packages_select_regex=None, packages_skip_regex=None, packages_start=None, packages_end=None, allow_overriding=['custom_interfaces'], cmake_args=None, cmake_target=None, cmake_target_skip_unavailable=False, cmake_clean_cache=False, cmake_clean_first=False, cmake_force_configure=False, ament_cmake_args=None, catkin_cmake_args=None, catkin_skip_building_tests=False, verb_parser=<colcon_defaults.argument_parser.defaults.DefaultArgumentsDecorator object at 0xffffa7a363e0>, verb_extension=<colcon_core.verb.build.BuildVerb object at 0xffffa7ca3b50>, main=<bound method BuildVerb.main of <colcon_core.verb.build.BuildVerb object at 0xffffa7ca3b50>>)
[0.935s] Level 1:colcon.colcon_core.package_discovery:discover_packages(colcon_meta) check parameters
[0.935s] Level 1:colcon.colcon_core.package_discovery:discover_packages(recursive) check parameters
[0.935s] Level 1:colcon.colcon_core.package_discovery:discover_packages(ignore) check parameters
[0.935s] Level 1:colcon.colcon_core.package_discovery:discover_packages(path) check parameters
[0.935s] Level 1:colcon.colcon_core.package_discovery:discover_packages(colcon_meta) discover
[0.935s] Level 1:colcon.colcon_core.package_discovery:discover_packages(recursive) discover
[0.936s] INFO:colcon.colcon_core.package_discovery:Crawling recursively for packages in '/workspaces/isaac_ros-dev/ros2_ws/object-detection-jai0307-notatallVishal'
[0.936s] Level 1:colcon.colcon_core.package_identification:_identify(.) by extensions ['ignore', 'ignore_ament_install']
[0.936s] Level 1:colcon.colcon_core.package_identification:_identify(.) by extension 'ignore'
[0.936s] Level 1:colcon.colcon_core.package_identification:_identify(.) by extension 'ignore_ament_install'
[0.936s] Level 1:colcon.colcon_core.package_identification:_identify(.) by extensions ['colcon_pkg']
[0.936s] Level 1:colcon.colcon_core.package_identification:_identify(.) by extension 'colcon_pkg'
[0.937s] Level 1:colcon.colcon_core.package_identification:_identify(.) by extensions ['colcon_meta']
[0.937s] Level 1:colcon.colcon_core.package_identification:_identify(.) by extension 'colcon_meta'
[0.937s] Level 1:colcon.colcon_core.package_identification:_identify(.) by extensions ['ros']
[0.937s] Level 1:colcon.colcon_core.package_identification:_identify(.) by extension 'ros'
[0.974s] Level 1:colcon.colcon_core.package_identification:_identify(.) by extensions ['cmake', 'python']
[0.974s] Level 1:colcon.colcon_core.package_identification:_identify(.) by extension 'cmake'
[0.974s] Level 1:colcon.colcon_core.package_identification:_identify(.) by extension 'python'
[0.974s] Level 1:colcon.colcon_core.package_identification:_identify(.) by extensions ['python_setup_py']
[0.974s] Level 1:colcon.colcon_core.package_identification:_identify(.) by extension 'python_setup_py'
[0.975s] Level 1:colcon.colcon_core.package_identification:_identify(action_client) by extensions ['ignore', 'ignore_ament_install']
[0.975s] Level 1:colcon.colcon_core.package_identification:_identify(action_client) by extension 'ignore'
[0.975s] Level 1:colcon.colcon_core.package_identification:_identify(action_client) by extension 'ignore_ament_install'
[0.975s] Level 1:colcon.colcon_core.package_identification:_identify(action_client) by extensions ['colcon_pkg']
[0.975s] Level 1:colcon.colcon_core.package_identification:_identify(action_client) by extension 'colcon_pkg'
[0.975s] Level 1:colcon.colcon_core.package_identification:_identify(action_client) by extensions ['colcon_meta']
[0.975s] Level 1:colcon.colcon_core.package_identification:_identify(action_client) by extension 'colcon_meta'
[0.976s] Level 1:colcon.colcon_core.package_identification:_identify(action_client) by extensions ['ros']
[0.976s] Level 1:colcon.colcon_core.package_identification:_identify(action_client) by extension 'ros'
[0.982s] DEBUG:colcon.colcon_core.package_identification:Package 'action_client' with type 'ros.ament_cmake' and name 'action_client'
[0.983s] Level 1:colcon.colcon_core.package_identification:_identify(action_server) by extensions ['ignore', 'ignore_ament_install']
[0.983s] Level 1:colcon.colcon_core.package_identification:_identify(action_server) by extension 'ignore'
[0.983s] Level 1:colcon.colcon_core.package_identification:_identify(action_server) by extension 'ignore_ament_install'
[0.983s] Level 1:colcon.colcon_core.package_identification:_identify(action_server) by extensions ['colcon_pkg']
[0.983s] Level 1:colcon.colcon_core.package_identification:_identify(action_server) by extension 'colcon_pkg'
[0.983s] Level 1:colcon.colcon_core.package_identification:_identify(action_server) by extensions ['colcon_meta']
[0.984s] Level 1:colcon.colcon_core.package_identification:_identify(action_server) by extension 'colcon_meta'
[0.984s] Level 1:colcon.colcon_core.package_identification:_identify(action_server) by extensions ['ros']
[0.984s] Level 1:colcon.colcon_core.package_identification:_identify(action_server) by extension 'ros'
[0.985s] DEBUG:colcon.colcon_core.package_identification:Package 'action_server' with type 'ros.ament_cmake' and name 'action_server'
[0.986s] Level 1:colcon.colcon_core.package_identification:_identify(build) by extensions ['ignore', 'ignore_ament_install']
[0.986s] Level 1:colcon.colcon_core.package_identification:_identify(build) by extension 'ignore'
[0.986s] Level 1:colcon.colcon_core.package_identification:_identify(build) ignored
[0.986s] Level 1:colcon.colcon_core.package_identification:_identify(custom_interfaces) by extensions ['ignore', 'ignore_ament_install']
[0.986s] Level 1:colcon.colcon_core.package_identification:_identify(custom_interfaces) by extension 'ignore'
[0.987s] Level 1:colcon.colcon_core.package_identification:_identify(custom_interfaces) by extension 'ignore_ament_install'
[0.987s] Level 1:colcon.colcon_core.package_identification:_identify(custom_interfaces) by extensions ['colcon_pkg']
[0.987s] Level 1:colcon.colcon_core.package_identification:_identify(custom_interfaces) by extension 'colcon_pkg'
[0.987s] Level 1:colcon.colcon_core.package_identification:_identify(custom_interfaces) by extensions ['colcon_meta']
[0.987s] Level 1:colcon.colcon_core.package_identification:_identify(custom_interfaces) by extension 'colcon_meta'
[0.987s] Level 1:colcon.colcon_core.package_identification:_identify(custom_interfaces) by extensions ['ros']
[0.987s] Level 1:colcon.colcon_core.package_identification:_identify(custom_interfaces) by extension 'ros'
[0.989s] DEBUG:colcon.colcon_core.package_identification:Package 'custom_interfaces' with type 'ros.ament_cmake' and name 'custom_interfaces'
[0.989s] Level 1:colcon.colcon_core.package_identification:_identify(input) by extensions ['ignore', 'ignore_ament_install']
[0.989s] Level 1:colcon.colcon_core.package_identification:_identify(input) by extension 'ignore'
[0.990s] Level 1:colcon.colcon_core.package_identification:_identify(input) by extension 'ignore_ament_install'
[0.990s] Level 1:colcon.colcon_core.package_identification:_identify(input) by extensions ['colcon_pkg']
[0.990s] Level 1:colcon.colcon_core.package_identification:_identify(input) by extension 'colcon_pkg'
[0.990s] Level 1:colcon.colcon_core.package_identification:_identify(input) by extensions ['colcon_meta']
[0.990s] Level 1:colcon.colcon_core.package_identification:_identify(input) by extension 'colcon_meta'
[0.990s] Level 1:colcon.colcon_core.package_identification:_identify(input) by extensions ['ros']
[0.990s] Level 1:colcon.colcon_core.package_identification:_identify(input) by extension 'ros'
[0.992s] DEBUG:colcon.colcon_core.package_identification:Package 'input' with type 'ros.ament_cmake' and name 'input'
[0.992s] Level 1:colcon.colcon_core.package_identification:_identify(install) by extensions ['ignore', 'ignore_ament_install']
[0.992s] Level 1:colcon.colcon_core.package_identification:_identify(install) by extension 'ignore'
[0.992s] Level 1:colcon.colcon_core.package_identification:_identify(install) ignored
[0.992s] Level 1:colcon.colcon_core.package_identification:_identify(log) by extensions ['ignore', 'ignore_ament_install']
[0.993s] Level 1:colcon.colcon_core.package_identification:_identify(log) by extension 'ignore'
[0.993s] Level 1:colcon.colcon_core.package_identification:_identify(log) ignored
[0.993s] Level 1:colcon.colcon_core.package_discovery:discover_packages(recursive) using defaults
[0.993s] Level 1:colcon.colcon_core.package_discovery:discover_packages(ignore) discover
[0.993s] Level 1:colcon.colcon_core.package_discovery:discover_packages(ignore) using defaults
[0.993s] Level 1:colcon.colcon_core.package_discovery:discover_packages(path) discover
[0.993s] Level 1:colcon.colcon_core.package_discovery:discover_packages(path) using defaults
[1.038s] INFO:colcon.colcon_core.package_selection:Skipping not selected package 'action_server' in 'action_server'
[1.038s] INFO:colcon.colcon_core.package_selection:Skipping not selected package 'input' in 'input'
[1.039s] Level 1:colcon.colcon_core.package_discovery:discover_packages(prefix_path) check parameters
[1.039s] Level 1:colcon.colcon_core.package_discovery:discover_packages(prefix_path) discover
[1.044s] DEBUG:colcon.colcon_installed_package_information.package_discovery:Found 5 installed packages in /workspaces/isaac_ros-dev/ros2_ws/install
[1.045s] DEBUG:colcon.colcon_installed_package_information.package_discovery:Found 2 installed packages in /workspaces/isaac_ros-dev/ros2_ws/object-detection-jai0307-notatallVishal/install
[1.050s] DEBUG:colcon.colcon_installed_package_information.package_discovery:Found 439 installed packages in /opt/ros/humble
[1.056s] Level 1:colcon.colcon_core.package_discovery:discover_packages(prefix_path) using defaults
[1.175s] Level 5:colcon.colcon_core.verb:set package 'custom_interfaces' build argument 'cmake_args' from command line to 'None'
[1.175s] Level 5:colcon.colcon_core.verb:set package 'custom_interfaces' build argument 'cmake_target' from command line to 'None'
[1.175s] Level 5:colcon.colcon_core.verb:set package 'custom_interfaces' build argument 'cmake_target_skip_unavailable' from command line to 'False'
[1.175s] Level 5:colcon.colcon_core.verb:set package 'custom_interfaces' build argument 'cmake_clean_cache' from command line to 'False'
[1.175s] Level 5:colcon.colcon_core.verb:set package 'custom_interfaces' build argument 'cmake_clean_first' from command line to 'False'
[1.175s] Level 5:colcon.colcon_core.verb:set package 'custom_interfaces' build argument 'cmake_force_configure' from command line to 'False'
[1.175s] Level 5:colcon.colcon_core.verb:set package 'custom_interfaces' build argument 'ament_cmake_args' from command line to 'None'
[1.175s] Level 5:colcon.colcon_core.verb:set package 'custom_interfaces' build argument 'catkin_cmake_args' from command line to 'None'
[1.175s] Level 5:colcon.colcon_core.verb:set package 'custom_interfaces' build argument 'catkin_skip_building_tests' from command line to 'False'
[1.175s] DEBUG:colcon.colcon_core.verb:Building package 'custom_interfaces' with the following arguments: {'ament_cmake_args': None, 'build_base': '/workspaces/isaac_ros-dev/ros2_ws/object-detection-jai0307-notatallVishal/build/custom_interfaces', 'catkin_cmake_args': None, 'catkin_skip_building_tests': False, 'cmake_args': None, 'cmake_clean_cache': False, 'cmake_clean_first': False, 'cmake_force_configure': False, 'cmake_target': None, 'cmake_target_skip_unavailable': False, 'install_base': '/workspaces/isaac_ros-dev/ros2_ws/object-detection-jai0307-notatallVishal/install/custom_interfaces', 'merge_install': False, 'path': '/workspaces/isaac_ros-dev/ros2_ws/object-detection-jai0307-notatallVishal/custom_interfaces', 'symlink_install': False, 'test_result_base': None}
[1.176s] Level 5:colcon.colcon_core.verb:set package 'action_client' build argument 'cmake_args' from command line to 'None'
[1.176s] Level 5:colcon.colcon_core.verb:set package 'action_client' build argument 'cmake_target' from command line to 'None'
[1.176s] Level 5:colcon.colcon_core.verb:set package 'action_client' build argument 'cmake_target_skip_unavailable' from command line to 'False'
[1.177s] Level 5:colcon.colcon_core.verb:set package 'action_client' build argument 'cmake_clean_cache' from command line to 'False'
[1.177s] Level 5:colcon.colcon_core.verb:set package 'action_client' build argument 'cmake_clean_first' from command line to 'False'
[1.177s] Level 5:colcon.colcon_core.verb:set package 'action_client' build argument 'cmake_force_configure' from command line to 'False'
[1.177s] Level 5:colcon.colcon_core.verb:set package 'action_client' build argument 'ament_cmake_args' from command line to 'None'
[1.177s] Level 5:colcon.colcon_core.verb:set package 'action_client' build argument 'catkin_cmake_args' from command line to 'None'
[1.177s] Level 5:colcon.colcon_core.verb:set package 'action_client' build argument 'catkin_skip_building_tests' from command line to 'False'
[1.177s] DEBUG:colcon.colcon_core.verb:Building package 'action_client' with the following arguments: {'ament_cmake_args': None, 'build_base': '/workspaces/isaac_ros-dev/ros2_ws/object-detection-jai0307-notatallVishal/build/action_client', 'catkin_cmake_args': None, 'catkin_skip_building_tests': False, 'cmake_args': None, 'cmake_clean_cache': False, 'cmake_clean_first': False, 'cmake_force_configure': False, 'cmake_target': None, 'cmake_target_skip_unavailable': False, 'install_base': '/workspaces/isaac_ros-dev/ros2_ws/object-detection-jai0307-notatallVishal/install/action_client', 'merge_install': False, 'path': '/workspaces/isaac_ros-dev/ros2_ws/object-detection-jai0307-notatallVishal/action_client', 'symlink_install': False, 'test_result_base': None}
[1.177s] INFO:colcon.colcon_core.executor:Executing jobs using 'parallel' executor
[1.180s] DEBUG:colcon.colcon_parallel_executor.executor.parallel:run_until_complete
[1.181s] INFO:colcon.colcon_ros.task.ament_cmake.build:Building ROS package in '/workspaces/isaac_ros-dev/ros2_ws/object-detection-jai0307-notatallVishal/custom_interfaces' with build type 'ament_cmake'
[1.181s] INFO:colcon.colcon_cmake.task.cmake.build:Building CMake package in '/workspaces/isaac_ros-dev/ros2_ws/object-detection-jai0307-notatallVishal/custom_interfaces'
[1.187s] INFO:colcon.colcon_core.plugin_system:Skipping extension 'colcon_core.shell.bat': Not used on non-Windows systems
[1.187s] INFO:colcon.colcon_core.shell:Skip shell extension 'powershell' for command environment: Not usable outside of PowerShell
[1.187s] DEBUG:colcon.colcon_core.shell:Skip shell extension 'dsv' for command environment
[1.214s] DEBUG:colcon.colcon_core.event_handler.log_command:Invoking command in '/workspaces/isaac_ros-dev/ros2_ws/object-detection-jai0307-notatallVishal/build/custom_interfaces': CMAKE_PREFIX_PATH=${CMAKE_PREFIX_PATH}:/opt/ros/humble /usr/bin/cmake /workspaces/isaac_ros-dev/ros2_ws/object-detection-jai0307-notatallVishal/custom_interfaces -DCMAKE_INSTALL_PREFIX=/workspaces/isaac_ros-dev/ros2_ws/object-detection-jai0307-notatallVishal/install/custom_interfaces
[9.129s] DEBUG:colcon.colcon_core.event_handler.log_command:Invoked command in '/workspaces/isaac_ros-dev/ros2_ws/object-detection-jai0307-notatallVishal/build/custom_interfaces' returned '0': CMAKE_PREFIX_PATH=${CMAKE_PREFIX_PATH}:/opt/ros/humble /usr/bin/cmake /workspaces/isaac_ros-dev/ros2_ws/object-detection-jai0307-notatallVishal/custom_interfaces -DCMAKE_INSTALL_PREFIX=/workspaces/isaac_ros-dev/ros2_ws/object-detection-jai0307-notatallVishal/install/custom_interfaces
[9.136s] DEBUG:colcon.colcon_core.event_handler.log_command:Invoking command in '/workspaces/isaac_ros-dev/ros2_ws/object-detection-jai0307-notatallVishal/build/custom_interfaces': CMAKE_PREFIX_PATH=${CMAKE_PREFIX_PATH}:/opt/ros/humble /usr/bin/cmake --build /workspaces/isaac_ros-dev/ros2_ws/object-detection-jai0307-notatallVishal/build/custom_interfaces -- -j6 -l6
[16.199s] DEBUG:colcon.colcon_core.event_handler.log_command:Invoked command in '/workspaces/isaac_ros-dev/ros2_ws/object-detection-jai0307-notatallVishal/build/custom_interfaces' returned '0': CMAKE_PREFIX_PATH=${CMAKE_PREFIX_PATH}:/opt/ros/humble /usr/bin/cmake --build /workspaces/isaac_ros-dev/ros2_ws/object-detection-jai0307-notatallVishal/build/custom_interfaces -- -j6 -l6
[16.228s] DEBUG:colcon.colcon_core.event_handler.log_command:Invoking command in '/workspaces/isaac_ros-dev/ros2_ws/object-detection-jai0307-notatallVishal/build/custom_interfaces': CMAKE_PREFIX_PATH=${CMAKE_PREFIX_PATH}:/opt/ros/humble /usr/bin/cmake --install /workspaces/isaac_ros-dev/ros2_ws/object-detection-jai0307-notatallVishal/build/custom_interfaces
[16.407s] Level 1:colcon.colcon_core.environment:create_environment_scripts_only(custom_interfaces)
[16.409s] DEBUG:colcon.colcon_core.event_handler.log_command:Invoked command in '/workspaces/isaac_ros-dev/ros2_ws/object-detection-jai0307-notatallVishal/build/custom_interfaces' returned '0': CMAKE_PREFIX_PATH=${CMAKE_PREFIX_PATH}:/opt/ros/humble /usr/bin/cmake --install /workspaces/isaac_ros-dev/ros2_ws/object-detection-jai0307-notatallVishal/build/custom_interfaces
[16.420s] Level 1:colcon.colcon_core.environment:checking '/workspaces/isaac_ros-dev/ros2_ws/object-detection-jai0307-notatallVishal/install/custom_interfaces' for CMake module files
[16.421s] Level 1:colcon.colcon_core.environment:checking '/workspaces/isaac_ros-dev/ros2_ws/object-detection-jai0307-notatallVishal/install/custom_interfaces' for CMake config files
[16.423s] Level 1:colcon.colcon_core.shell:create_environment_hook('custom_interfaces', 'cmake_prefix_path')
[16.424s] INFO:colcon.colcon_core.shell:Creating environment hook '/workspaces/isaac_ros-dev/ros2_ws/object-detection-jai0307-notatallVishal/install/custom_interfaces/share/custom_interfaces/hook/cmake_prefix_path.ps1'
[16.427s] INFO:colcon.colcon_core.shell:Creating environment descriptor '/workspaces/isaac_ros-dev/ros2_ws/object-detection-jai0307-notatallVishal/install/custom_interfaces/share/custom_interfaces/hook/cmake_prefix_path.dsv'
[16.428s] INFO:colcon.colcon_core.shell:Creating environment hook '/workspaces/isaac_ros-dev/ros2_ws/object-detection-jai0307-notatallVishal/install/custom_interfaces/share/custom_interfaces/hook/cmake_prefix_path.sh'
[16.432s] Level 1:colcon.colcon_core.environment:checking '/workspaces/isaac_ros-dev/ros2_ws/object-detection-jai0307-notatallVishal/install/custom_interfaces/lib'
[16.432s] Level 1:colcon.colcon_core.shell:create_environment_hook('custom_interfaces', 'ld_library_path_lib')
[16.433s] INFO:colcon.colcon_core.shell:Creating environment hook '/workspaces/isaac_ros-dev/ros2_ws/object-detection-jai0307-notatallVishal/install/custom_interfaces/share/custom_interfaces/hook/ld_library_path_lib.ps1'
[16.434s] INFO:colcon.colcon_core.shell:Creating environment descriptor '/workspaces/isaac_ros-dev/ros2_ws/object-detection-jai0307-notatallVishal/install/custom_interfaces/share/custom_interfaces/hook/ld_library_path_lib.dsv'
[16.434s] INFO:colcon.colcon_core.shell:Creating environment hook '/workspaces/isaac_ros-dev/ros2_ws/object-detection-jai0307-notatallVishal/install/custom_interfaces/share/custom_interfaces/hook/ld_library_path_lib.sh'
[16.435s] Level 1:colcon.colcon_core.environment:checking '/workspaces/isaac_ros-dev/ros2_ws/object-detection-jai0307-notatallVishal/install/custom_interfaces/bin'
[16.435s] Level 1:colcon.colcon_core.environment:checking '/workspaces/isaac_ros-dev/ros2_ws/object-detection-jai0307-notatallVishal/install/custom_interfaces/lib/pkgconfig/custom_interfaces.pc'
[16.436s] Level 1:colcon.colcon_core.environment:checking '/workspaces/isaac_ros-dev/ros2_ws/object-detection-jai0307-notatallVishal/install/custom_interfaces/lib/python3.10/site-packages'
[16.437s] Level 1:colcon.colcon_core.environment:checking '/workspaces/isaac_ros-dev/ros2_ws/object-detection-jai0307-notatallVishal/install/custom_interfaces/bin'
[16.438s] INFO:colcon.colcon_core.shell:Creating package script '/workspaces/isaac_ros-dev/ros2_ws/object-detection-jai0307-notatallVishal/install/custom_interfaces/share/custom_interfaces/package.ps1'
[16.442s] INFO:colcon.colcon_core.shell:Creating package descriptor '/workspaces/isaac_ros-dev/ros2_ws/object-detection-jai0307-notatallVishal/install/custom_interfaces/share/custom_interfaces/package.dsv'
[16.444s] INFO:colcon.colcon_core.shell:Creating package script '/workspaces/isaac_ros-dev/ros2_ws/object-detection-jai0307-notatallVishal/install/custom_interfaces/share/custom_interfaces/package.sh'
[16.446s] INFO:colcon.colcon_core.shell:Creating package script '/workspaces/isaac_ros-dev/ros2_ws/object-detection-jai0307-notatallVishal/install/custom_interfaces/share/custom_interfaces/package.bash'
[16.449s] INFO:colcon.colcon_core.shell:Creating package script '/workspaces/isaac_ros-dev/ros2_ws/object-detection-jai0307-notatallVishal/install/custom_interfaces/share/custom_interfaces/package.zsh'
[16.452s] Level 1:colcon.colcon_core.environment:create_file_with_runtime_dependencies(/workspaces/isaac_ros-dev/ros2_ws/object-detection-jai0307-notatallVishal/install/custom_interfaces/share/colcon-core/packages/custom_interfaces)
[16.454s] Level 1:colcon.colcon_core.environment:create_environment_scripts_only(custom_interfaces)
[16.455s] Level 1:colcon.colcon_core.environment:checking '/workspaces/isaac_ros-dev/ros2_ws/object-detection-jai0307-notatallVishal/install/custom_interfaces' for CMake module files
[16.456s] Level 1:colcon.colcon_core.environment:checking '/workspaces/isaac_ros-dev/ros2_ws/object-detection-jai0307-notatallVishal/install/custom_interfaces' for CMake config files
[16.459s] Level 1:colcon.colcon_core.shell:create_environment_hook('custom_interfaces', 'cmake_prefix_path')
[16.459s] INFO:colcon.colcon_core.shell:Creating environment hook '/workspaces/isaac_ros-dev/ros2_ws/object-detection-jai0307-notatallVishal/install/custom_interfaces/share/custom_interfaces/hook/cmake_prefix_path.ps1'
[16.461s] INFO:colcon.colcon_core.shell:Creating environment descriptor '/workspaces/isaac_ros-dev/ros2_ws/object-detection-jai0307-notatallVishal/install/custom_interfaces/share/custom_interfaces/hook/cmake_prefix_path.dsv'
[16.461s] INFO:colcon.colcon_core.shell:Creating environment hook '/workspaces/isaac_ros-dev/ros2_ws/object-detection-jai0307-notatallVishal/install/custom_interfaces/share/custom_interfaces/hook/cmake_prefix_path.sh'
[16.463s] Level 1:colcon.colcon_core.environment:checking '/workspaces/isaac_ros-dev/ros2_ws/object-detection-jai0307-notatallVishal/install/custom_interfaces/lib'
[16.463s] Level 1:colcon.colcon_core.shell:create_environment_hook('custom_interfaces', 'ld_library_path_lib')
[16.464s] INFO:colcon.colcon_core.shell:Creating environment hook '/workspaces/isaac_ros-dev/ros2_ws/object-detection-jai0307-notatallVishal/install/custom_interfaces/share/custom_interfaces/hook/ld_library_path_lib.ps1'
[16.465s] INFO:colcon.colcon_core.shell:Creating environment descriptor '/workspaces/isaac_ros-dev/ros2_ws/object-detection-jai0307-notatallVishal/install/custom_interfaces/share/custom_interfaces/hook/ld_library_path_lib.dsv'
[16.466s] INFO:colcon.colcon_core.shell:Creating environment hook '/workspaces/isaac_ros-dev/ros2_ws/object-detection-jai0307-notatallVishal/install/custom_interfaces/share/custom_interfaces/hook/ld_library_path_lib.sh'
[16.467s] Level 1:colcon.colcon_core.environment:checking '/workspaces/isaac_ros-dev/ros2_ws/object-detection-jai0307-notatallVishal/install/custom_interfaces/bin'
[16.468s] Level 1:colcon.colcon_core.environment:checking '/workspaces/isaac_ros-dev/ros2_ws/object-detection-jai0307-notatallVishal/install/custom_interfaces/lib/pkgconfig/custom_interfaces.pc'
[16.469s] Level 1:colcon.colcon_core.environment:checking '/workspaces/isaac_ros-dev/ros2_ws/object-detection-jai0307-notatallVishal/install/custom_interfaces/lib/python3.10/site-packages'
[16.469s] Level 1:colcon.colcon_core.environment:checking '/workspaces/isaac_ros-dev/ros2_ws/object-detection-jai0307-notatallVishal/install/custom_interfaces/bin'
[16.470s] INFO:colcon.colcon_core.shell:Creating package script '/workspaces/isaac_ros-dev/ros2_ws/object-detection-jai0307-notatallVishal/install/custom_interfaces/share/custom_interfaces/package.ps1'
[16.472s] INFO:colcon.colcon_core.shell:Creating package descriptor '/workspaces/isaac_ros-dev/ros2_ws/object-detection-jai0307-notatallVishal/install/custom_interfaces/share/custom_interfaces/package.dsv'
[16.474s] INFO:colcon.colcon_core.shell:Creating package script '/workspaces/isaac_ros-dev/ros2_ws/object-detection-jai0307-notatallVishal/install/custom_interfaces/share/custom_interfaces/package.sh'
[16.475s] INFO:colcon.colcon_core.shell:Creating package script '/workspaces/isaac_ros-dev/ros2_ws/object-detection-jai0307-notatallVishal/install/custom_interfaces/share/custom_interfaces/package.bash'
[16.477s] INFO:colcon.colcon_core.shell:Creating package script '/workspaces/isaac_ros-dev/ros2_ws/object-detection-jai0307-notatallVishal/install/custom_interfaces/share/custom_interfaces/package.zsh'
[16.478s] Level 1:colcon.colcon_core.environment:create_file_with_runtime_dependencies(/workspaces/isaac_ros-dev/ros2_ws/object-detection-jai0307-notatallVishal/install/custom_interfaces/share/colcon-core/packages/custom_interfaces)
[16.479s] INFO:colcon.colcon_ros.task.ament_cmake.build:Building ROS package in '/workspaces/isaac_ros-dev/ros2_ws/object-detection-jai0307-notatallVishal/action_client' with build type 'ament_cmake'
[16.479s] INFO:colcon.colcon_cmake.task.cmake.build:Building CMake package in '/workspaces/isaac_ros-dev/ros2_ws/object-detection-jai0307-notatallVishal/action_client'
[16.480s] INFO:colcon.colcon_core.shell:Skip shell extension 'powershell' for command environment: Not usable outside of PowerShell
[16.480s] DEBUG:colcon.colcon_core.shell:Skip shell extension 'dsv' for command environment
[16.515s] DEBUG:colcon.colcon_core.event_handler.log_command:Invoking command in '/workspaces/isaac_ros-dev/ros2_ws/object-detection-jai0307-notatallVishal/build/action_client': AMENT_PREFIX_PATH=/workspaces/isaac_ros-dev/ros2_ws/object-detection-jai0307-notatallVishal/install/custom_interfaces:${AMENT_PREFIX_PATH} CMAKE_PREFIX_PATH=/workspaces/isaac_ros-dev/ros2_ws/object-detection-jai0307-notatallVishal/install/custom_interfaces:/workspaces/isaac_ros-dev/ros2_ws/install/custom_interfaces:/workspaces/isaac_ros-dev/ros2_ws/install/input:/workspaces/isaac_ros-dev/ros2_ws/install/action_server:/workspaces/isaac_ros-dev/ros2_ws/install/action_client:/workspaces/isaac_ros-dev/ros2_ws/object-detection-jai0307-notatallVishal/install/input:/workspaces/isaac_ros-dev/ros2_ws/object-detection-jai0307-notatallVishal/install/action_client:/usr/local/libcudss-linux-0.3.0.9_cuda12-archive:/opt/ros/humble LD_LIBRARY_PATH=/workspaces/isaac_ros-dev/ros2_ws/object-detection-jai0307-notatallVishal/install/custom_interfaces/lib:${LD_LIBRARY_PATH} PYTHONPATH=/workspaces/isaac_ros-dev/ros2_ws/object-detection-jai0307-notatallVishal/install/custom_interfaces/local/lib/python3.10/dist-packages:${PYTHONPATH} /usr/bin/cmake --build /workspaces/isaac_ros-dev/ros2_ws/object-detection-jai0307-notatallVishal/build/action_client -- -j6 -l6
[25.936s] DEBUG:colcon.colcon_core.event_handler.log_command:Invoked command in '/workspaces/isaac_ros-dev/ros2_ws/object-detection-jai0307-notatallVishal/build/action_client' returned '2': AMENT_PREFIX_PATH=/workspaces/isaac_ros-dev/ros2_ws/object-detection-jai0307-notatallVishal/install/custom_interfaces:${AMENT_PREFIX_PATH} CMAKE_PREFIX_PATH=/workspaces/isaac_ros-dev/ros2_ws/object-detection-jai0307-notatallVishal/install/custom_interfaces:/workspaces/isaac_ros-dev/ros2_ws/install/custom_interfaces:/workspaces/isaac_ros-dev/ros2_ws/install/input:/workspaces/isaac_ros-dev/ros2_ws/install/action_server:/workspaces/isaac_ros-dev/ros2_ws/install/action_client:/workspaces/isaac_ros-dev/ros2_ws/object-detection-jai0307-notatallVishal/install/input:/workspaces/isaac_ros-dev/ros2_ws/object-detection-jai0307-notatallVishal/install/action_client:/usr/local/libcudss-linux-0.3.0.9_cuda12-archive:/opt/ros/humble LD_LIBRARY_PATH=/workspaces/isaac_ros-dev/ros2_ws/object-detection-jai0307-notatallVishal/install/custom_interfaces/lib:${LD_LIBRARY_PATH} PYTHONPATH=/workspaces/isaac_ros-dev/ros2_ws/object-detection-jai0307-notatallVishal/install/custom_interfaces/local/lib/python3.10/dist-packages:${PYTHONPATH} /usr/bin/cmake --build /workspaces/isaac_ros-dev/ros2_ws/object-detection-jai0307-notatallVishal/build/action_client -- -j6 -l6
[25.938s] Level 1:colcon.colcon_core.environment:create_environment_scripts_only(action_client)
[25.939s] Level 1:colcon.colcon_core.environment:checking '/workspaces/isaac_ros-dev/ros2_ws/object-detection-jai0307-notatallVishal/install/action_client' for CMake module files
[25.941s] Level 1:colcon.colcon_core.environment:checking '/workspaces/isaac_ros-dev/ros2_ws/object-detection-jai0307-notatallVishal/install/action_client' for CMake config files
[25.947s] Level 1:colcon.colcon_core.shell:create_environment_hook('action_client', 'cmake_prefix_path')
[25.948s] INFO:colcon.colcon_core.shell:Creating environment hook '/workspaces/isaac_ros-dev/ros2_ws/object-detection-jai0307-notatallVishal/install/action_client/share/action_client/hook/cmake_prefix_path.ps1'
[25.951s] INFO:colcon.colcon_core.shell:Creating environment descriptor '/workspaces/isaac_ros-dev/ros2_ws/object-detection-jai0307-notatallVishal/install/action_client/share/action_client/hook/cmake_prefix_path.dsv'
[25.952s] INFO:colcon.colcon_core.shell:Creating environment hook '/workspaces/isaac_ros-dev/ros2_ws/object-detection-jai0307-notatallVishal/install/action_client/share/action_client/hook/cmake_prefix_path.sh'
[25.954s] Level 1:colcon.colcon_core.environment:checking '/workspaces/isaac_ros-dev/ros2_ws/object-detection-jai0307-notatallVishal/install/action_client/lib'
[25.954s] Level 1:colcon.colcon_core.shell:create_environment_hook('action_client', 'ld_library_path_lib')
[25.955s] INFO:colcon.colcon_core.shell:Creating environment hook '/workspaces/isaac_ros-dev/ros2_ws/object-detection-jai0307-notatallVishal/install/action_client/share/action_client/hook/ld_library_path_lib.ps1'
[25.956s] INFO:colcon.colcon_core.shell:Creating environment descriptor '/workspaces/isaac_ros-dev/ros2_ws/object-detection-jai0307-notatallVishal/install/action_client/share/action_client/hook/ld_library_path_lib.dsv'
[25.956s] INFO:colcon.colcon_core.shell:Creating environment hook '/workspaces/isaac_ros-dev/ros2_ws/object-detection-jai0307-notatallVishal/install/action_client/share/action_client/hook/ld_library_path_lib.sh'
[25.958s] Level 1:colcon.colcon_core.environment:checking '/workspaces/isaac_ros-dev/ros2_ws/object-detection-jai0307-notatallVishal/install/action_client/bin'
[25.958s] Level 1:colcon.colcon_core.environment:checking '/workspaces/isaac_ros-dev/ros2_ws/object-detection-jai0307-notatallVishal/install/action_client/lib/pkgconfig/action_client.pc'
[25.959s] Level 1:colcon.colcon_core.environment:checking '/workspaces/isaac_ros-dev/ros2_ws/object-detection-jai0307-notatallVishal/install/action_client/lib/python3.10/site-packages'
[25.959s] Level 1:colcon.colcon_core.environment:checking '/workspaces/isaac_ros-dev/ros2_ws/object-detection-jai0307-notatallVishal/install/action_client/bin'
[25.960s] INFO:colcon.colcon_core.shell:Creating package script '/workspaces/isaac_ros-dev/ros2_ws/object-detection-jai0307-notatallVishal/install/action_client/share/action_client/package.ps1'
[25.963s] INFO:colcon.colcon_core.shell:Creating package descriptor '/workspaces/isaac_ros-dev/ros2_ws/object-detection-jai0307-notatallVishal/install/action_client/share/action_client/package.dsv'
[25.965s] INFO:colcon.colcon_core.shell:Creating package script '/workspaces/isaac_ros-dev/ros2_ws/object-detection-jai0307-notatallVishal/install/action_client/share/action_client/package.sh'
[25.967s] INFO:colcon.colcon_core.shell:Creating package script '/workspaces/isaac_ros-dev/ros2_ws/object-detection-jai0307-notatallVishal/install/action_client/share/action_client/package.bash'
[25.969s] INFO:colcon.colcon_core.shell:Creating package script '/workspaces/isaac_ros-dev/ros2_ws/object-detection-jai0307-notatallVishal/install/action_client/share/action_client/package.zsh'
[25.970s] Level 1:colcon.colcon_core.environment:create_file_with_runtime_dependencies(/workspaces/isaac_ros-dev/ros2_ws/object-detection-jai0307-notatallVishal/install/action_client/share/colcon-core/packages/action_client)
[25.981s] DEBUG:colcon.colcon_parallel_executor.executor.parallel:closing loop
[25.982s] DEBUG:colcon.colcon_parallel_executor.executor.parallel:loop closed
[25.982s] DEBUG:colcon.colcon_parallel_executor.executor.parallel:run_until_complete finished with '2'
[25.982s] DEBUG:colcon.colcon_core.event_reactor:joining thread
[26.011s] INFO:colcon.colcon_core.plugin_system:Skipping extension 'colcon_notification.desktop_notification.notify_send': Could not find 'notify-send'
[26.012s] INFO:colcon.colcon_core.plugin_system:Skipping extension 'colcon_notification.desktop_notification.terminal_notifier': Not used on non-Darwin systems
[26.012s] INFO:colcon.colcon_core.plugin_system:Skipping extension 'colcon_notification.desktop_notification.win32': Not used on non-Windows systems
[26.012s] INFO:colcon.colcon_notification.desktop_notification:Sending desktop notification using 'notify2'
[26.021s] DEBUG:colcon.colcon_notification.desktop_notification.notify2:Failed to initialize notify2: org.freedesktop.DBus.Error.Spawn.ExecFailed: /usr/bin/dbus-launch terminated abnormally without any error message
[26.021s] DEBUG:colcon.colcon_core.event_reactor:joined thread
[26.023s] INFO:colcon.colcon_core.shell:Creating prefix script '/workspaces/isaac_ros-dev/ros2_ws/object-detection-jai0307-notatallVishal/install/local_setup.ps1'
[26.031s] INFO:colcon.colcon_core.shell:Creating prefix util module '/workspaces/isaac_ros-dev/ros2_ws/object-detection-jai0307-notatallVishal/install/_local_setup_util_ps1.py'
[26.039s] INFO:colcon.colcon_core.shell:Creating prefix chain script '/workspaces/isaac_ros-dev/ros2_ws/object-detection-jai0307-notatallVishal/install/setup.ps1'
[26.047s] INFO:colcon.colcon_core.shell:Creating prefix script '/workspaces/isaac_ros-dev/ros2_ws/object-detection-jai0307-notatallVishal/install/local_setup.sh'
[26.048s] INFO:colcon.colcon_core.shell:Creating prefix util module '/workspaces/isaac_ros-dev/ros2_ws/object-detection-jai0307-notatallVishal/install/_local_setup_util_sh.py'
[26.050s] INFO:colcon.colcon_core.shell:Creating prefix chain script '/workspaces/isaac_ros-dev/ros2_ws/object-detection-jai0307-notatallVishal/install/setup.sh'
[26.054s] INFO:colcon.colcon_core.shell:Creating prefix script '/workspaces/isaac_ros-dev/ros2_ws/object-detection-jai0307-notatallVishal/install/local_setup.bash'
[26.056s] INFO:colcon.colcon_core.shell:Creating prefix chain script '/workspaces/isaac_ros-dev/ros2_ws/object-detection-jai0307-notatallVishal/install/setup.bash'
[26.060s] INFO:colcon.colcon_core.shell:Creating prefix script '/workspaces/isaac_ros-dev/ros2_ws/object-detection-jai0307-notatallVishal/install/local_setup.zsh'
[26.062s] INFO:colcon.colcon_core.shell:Creating prefix chain script '/workspaces/isaac_ros-dev/ros2_ws/object-detection-jai0307-notatallVishal/install/setup.zsh'
