[0.000000] (-) TimerEvent: {}
[0.000669] (-) JobUnselected: {'identifier': 'action_server'}
[0.001219] (-) JobUnselected: {'identifier': 'input'}
[0.001520] (action_client) JobQueued: {'identifier': 'action_client', 'dependencies': OrderedDict()}
[0.001829] (action_client) JobStarted: {'identifier': 'action_client'}
[0.023375] (action_client) JobProgress: {'identifier': 'action_client', 'progress': 'cmake'}
[0.024757] (action_client) Command: {'cmd': ['/usr/bin/cmake', '/workspaces/isaac_ros-dev/ros2_ws/object-detection-jai0307-notatallVishal/action_client', '-DCMAKE_INSTALL_PREFIX=/workspaces/isaac_ros-dev/ros2_ws/object-detection-jai0307-notatallVishal/install/action_client'], 'cwd': '/workspaces/isaac_ros-dev/ros2_ws/object-detection-jai0307-notatallVishal/build/action_client', 'env': OrderedDict([('LIBRARY_PATH', '/usr/local/cuda/lib64/stubs'), ('PYTHONWARNINGS', 'ignore:::setuptools.command.install,ignore:::setuptools.command.easy_install,ignore:::pkg_resources,ignore:::setuptools.command.develop'), ('NV_LIBCUBLAS_VERSION', '12.6.1.4-1'), ('USER', 'autorobo'), ('NV_CUDA_NSIGHT_COMPUTE_VERSION', '12.6.11-1'), ('HOSTNAME', 'autorobo-desktop'), ('SSH_AGENT_PID', '132308'), ('SHLVL', '1'), ('LD_LIBRARY_PATH', '/workspaces/isaac_ros-dev/ros2_ws/install/action_client/lib:/workspaces/isaac_ros-dev/ros2_ws/object-detection-jai0307-notatallVishal/install/action_client/lib:/opt/ros/humble/opt/rviz_ogre_vendor/lib:/opt/ros/humble/lib/aarch64-linux-gnu:/opt/ros/humble/lib:/usr/lib/aarch64-linux-gnu/tegra/weston:/usr/lib/aarch64-linux-gnu/tegra-egl:/usr/local/cuda-12.6/targets/aarch64-linux/lib:/usr/lib/aarch64-linux-gnu/tegra:/opt/nvidia/vpi3/lib64:/usr/local/libcudss-linux-0.3.0.9_cuda12-archive/lib:/usr/local/nvidia/lib:/usr/local/nvidia/lib64:/usr/lib/aarch64-linux-gnu-host:/opt/tritonserver/lib'), ('HOME', '/home/admin'), ('OLDPWD', '/workspaces/isaac_ros-dev/ros2_ws/object-detection-jai0307-notatallVishal/action_client'), ('HOST_USER_GID', '1001'), ('NV_LIBCUBLAS_DEV_VERSION', '12.6.1.4-1'), ('ROS_PYTHON_VERSION', '3'), ('NVIDIA_PVA_DEVICE', 'all'), ('NV_LIBNPP_PACKAGE', 'libnpp-12-6=12.3.1.54-1'), ('CUDA_VERSION', '12.6.11'), ('COLCON_PREFIX_PATH', '/workspaces/isaac_ros-dev/ros2_ws/install:/workspaces/isaac_ros-dev/ros2_ws/object-detection-jai0307-notatallVishal/install'), ('ROS_DISTRO', 'humble'), ('NV_LIBCUBLAS_PACKAGE_NAME', 'libcublas-12-6'), ('NVIDIA_REQUIRE_CUDA', 'cuda>=12.6'), ('_', '/usr/bin/colcon'), ('ROS_VERSION', '2'), ('NV_LIBCUSPARSE_VERSION', '12.5.3.3-1'), ('NVIDIA_DRIVER_CAPABILITIES', 'all'), ('NV_CUDA_LIB_VERSION', '12.6.11-1'), ('NV_NVML_DEV_VERSION', '12.6.68-1'), ('USERNAME', 'admin'), ('NV_LIBNPP_DEV_PACKAGE', 'libnpp-dev-12-6=12.3.1.54-1'), ('TERM', 'xterm'), ('ISAAC_ROS_WS', '/workspaces/isaac_ros-dev'), ('NV_CUDA_CUDART_VERSION', '12.6.68-1'), ('ROS_LOCALHOST_ONLY', '0'), ('PATH', '/opt/ros/humble/bin:/opt/ros/humble/vcstool/scripts:/usr/local/nvidia/bin:/usr/local/cuda/bin:/usr/src/tensorrt/bin:/usr/local/nvidia/bin:/usr/local/cuda/bin:/usr/local/sbin:/usr/local/bin:/usr/sbin:/usr/bin:/sbin:/bin'), ('NV_LIBCUBLAS_DEV_PACKAGE_NAME', 'libcublas-dev-12-6'), ('NV_LIBCUBLAS_PACKAGE', 'libcublas-12-6=12.6.1.4-1'), ('HOST_USER_UID', '1000'), ('NVARCH', 'arm64'), ('CUDSS_DIR', '/usr/local/libcudss-linux-0.3.0.9_cuda12-archive'), ('NV_LIBCUSPARSE_DEV_VERSION', '12.5.3.3-1'), ('DISPLAY', ':1'), ('NVIDIA_PRODUCT_NAME', 'CUDA'), ('LANG', 'en_US.UTF-8'), ('RMW_IMPLEMENTATION', 'rmw_fastrtps_cpp'), ('NV_CUDA_CUDART_DEV_VERSION', '12.6.68-1'), ('ROS_ROOT', '/opt/ros/humble'), ('SSH_AUTH_SOCK', '/tmp/ssh-XXXXXXmvrixz/agent.132307'), ('AMENT_PREFIX_PATH', '/workspaces/isaac_ros-dev/ros2_ws/install/input:/workspaces/isaac_ros-dev/ros2_ws/install/action_server:/workspaces/isaac_ros-dev/ros2_ws/install/action_client:/workspaces/isaac_ros-dev/ros2_ws/object-detection-jai0307-notatallVishal/install/input:/workspaces/isaac_ros-dev/ros2_ws/object-detection-jai0307-notatallVishal/install/action_client:/opt/ros/humble'), ('DEBIAN_FRONTEND', 'noninteractive'), ('SHELL', '/bin/bash'), ('TRT_INCLUDE_PATH', '/usr/include/aarch64-linux-gnu'), ('NV_LIBCUBLAS_DEV_PACKAGE', 'libcublas-dev-12-6=12.6.1.4-1'), ('NV_CUDA_NSIGHT_COMPUTE_DEV_PACKAGE', 'cuda-nsight-compute-12-6=12.6.11-1'), ('NVIDIA_REQUIRE_JETPACK_HOST_MOUNTS', 'base-only'), ('NV_NVTX_VERSION', '12.6.68-1'), ('NV_LIBNPP_VERSION', '12.3.1.54-1'), ('PWD', '/workspaces/isaac_ros-dev/ros2_ws/object-detection-jai0307-notatallVishal/build/action_client'), ('PYTHONPATH', '/workspaces/isaac_ros-dev/ros2_ws/install/action_client/local/lib/python3.10/dist-packages:/workspaces/isaac_ros-dev/ros2_ws/object-detection-jai0307-notatallVishal/install/action_client/local/lib/python3.10/dist-packages:/opt/ros/humble/lib/python3.10/site-packages:/opt/ros/humble/local/lib/python3.10/dist-packages:/opt/ros/humble/vcstool:'), ('NVIDIA_VISIBLE_DEVICES', 'void'), ('COLCON', '1'), ('NV_LIBNPP_DEV_VERSION', '12.3.1.54-1'), ('CMAKE_PREFIX_PATH', '/workspaces/isaac_ros-dev/ros2_ws/install/input:/workspaces/isaac_ros-dev/ros2_ws/install/action_server:/workspaces/isaac_ros-dev/ros2_ws/install/action_client:/workspaces/isaac_ros-dev/ros2_ws/object-detection-jai0307-notatallVishal/install/input:/workspaces/isaac_ros-dev/ros2_ws/object-detection-jai0307-notatallVishal/install/action_client:/usr/local/libcudss-linux-0.3.0.9_cuda12-archive::/opt/ros/humble'), ('TRT_LIB_PATH', '/usr/lib/aarch64-linux-gnu')]), 'shell': False}
[0.099468] (-) TimerEvent: {}
[0.155372] (action_client) StdoutLine: {'line': b'-- The C compiler identification is GNU 11.4.0\n'}
[0.199626] (-) TimerEvent: {}
[0.281138] (action_client) StdoutLine: {'line': b'-- The CXX compiler identification is GNU 11.4.0\n'}
[0.299794] (-) TimerEvent: {}
[0.303266] (action_client) StdoutLine: {'line': b'-- Detecting C compiler ABI info\n'}
[0.399996] (-) TimerEvent: {}
[0.475403] (action_client) StdoutLine: {'line': b'-- Detecting C compiler ABI info - done\n'}
[0.496054] (action_client) StdoutLine: {'line': b'-- Check for working C compiler: /usr/bin/cc - skipped\n'}
[0.497195] (action_client) StdoutLine: {'line': b'-- Detecting C compile features\n'}
[0.498663] (action_client) StdoutLine: {'line': b'-- Detecting C compile features - done\n'}
[0.500062] (-) TimerEvent: {}
[0.508972] (action_client) StdoutLine: {'line': b'-- Detecting CXX compiler ABI info\n'}
[0.600378] (-) TimerEvent: {}
[0.687168] (action_client) StdoutLine: {'line': b'-- Detecting CXX compiler ABI info - done\n'}
[0.700476] (-) TimerEvent: {}
[0.709137] (action_client) StdoutLine: {'line': b'-- Check for working CXX compiler: /usr/bin/c++ - skipped\n'}
[0.710300] (action_client) StdoutLine: {'line': b'-- Detecting CXX compile features\n'}
[0.711973] (action_client) StdoutLine: {'line': b'-- Detecting CXX compile features - done\n'}
[0.724950] (action_client) StdoutLine: {'line': b'-- Found ament_cmake: 1.3.11 (/opt/ros/humble/share/ament_cmake/cmake)\n'}
[0.800649] (-) TimerEvent: {}
[0.901277] (-) TimerEvent: {}
[1.001955] (-) TimerEvent: {}
[1.102548] (-) TimerEvent: {}
[1.203178] (-) TimerEvent: {}
[1.303887] (-) TimerEvent: {}
[1.404529] (-) TimerEvent: {}
[1.505202] (-) TimerEvent: {}
[1.605959] (-) TimerEvent: {}
[1.706707] (-) TimerEvent: {}
[1.807356] (-) TimerEvent: {}
[1.908011] (-) TimerEvent: {}
[2.008606] (-) TimerEvent: {}
[2.109223] (-) TimerEvent: {}
[2.209824] (-) TimerEvent: {}
[2.310445] (-) TimerEvent: {}
[2.411058] (-) TimerEvent: {}
[2.511700] (-) TimerEvent: {}
[2.569336] (action_client) StdoutLine: {'line': b'-- Found Python3: /usr/bin/python3 (found version "3.10.12") found components: Interpreter \n'}
[2.611865] (-) TimerEvent: {}
[2.712480] (-) TimerEvent: {}
[2.813188] (-) TimerEvent: {}
[2.869439] (action_client) StdoutLine: {'line': b'-- Found rclcpp: 16.0.12 (/opt/ros/humble/share/rclcpp/cmake)\n'}
[2.913380] (-) TimerEvent: {}
[3.002545] (action_client) StdoutLine: {'line': b'-- Found rosidl_generator_c: 3.1.6 (/opt/ros/humble/share/rosidl_generator_c/cmake)\n'}
[3.013460] (-) TimerEvent: {}
[3.020883] (action_client) StdoutLine: {'line': b'-- Found rosidl_adapter: 3.1.6 (/opt/ros/humble/share/rosidl_adapter/cmake)\n'}
[3.046925] (action_client) StdoutLine: {'line': b'-- Found rosidl_generator_cpp: 3.1.6 (/opt/ros/humble/share/rosidl_generator_cpp/cmake)\n'}
[3.081084] (action_client) StdoutLine: {'line': b'-- Using all available rosidl_typesupport_c: rosidl_typesupport_fastrtps_c;rosidl_typesupport_introspection_c\n'}
[3.113583] (-) TimerEvent: {}
[3.127488] (action_client) StdoutLine: {'line': b'-- Using all available rosidl_typesupport_cpp: rosidl_typesupport_fastrtps_cpp;rosidl_typesupport_introspection_cpp\n'}
[3.213778] (-) TimerEvent: {}
[3.258873] (action_client) StdoutLine: {'line': b'-- Found rmw_implementation_cmake: 6.1.2 (/opt/ros/humble/share/rmw_implementation_cmake/cmake)\n'}
[3.268458] (action_client) StdoutLine: {'line': b'-- Found rmw_fastrtps_cpp: 6.2.7 (/opt/ros/humble/share/rmw_fastrtps_cpp/cmake)\n'}
[3.313889] (-) TimerEvent: {}
[3.414503] (-) TimerEvent: {}
[3.497279] (action_client) StdoutLine: {'line': b'-- Found OpenSSL: /usr/lib/aarch64-linux-gnu/libcrypto.so (found version "3.0.2")  \n'}
[3.514629] (-) TimerEvent: {}
[3.584317] (action_client) StdoutLine: {'line': b'-- Found FastRTPS: /opt/ros/humble/include  \n'}
[3.614737] (-) TimerEvent: {}
[3.711902] (action_client) StdoutLine: {'line': b"-- Using RMW implementation 'rmw_fastrtps_cpp' as default\n"}
[3.714834] (-) TimerEvent: {}
[3.747403] (action_client) StdoutLine: {'line': b'-- Looking for pthread.h\n'}
[3.814978] (-) TimerEvent: {}
[3.915662] (-) TimerEvent: {}
[3.916759] (action_client) StdoutLine: {'line': b'-- Looking for pthread.h - found\n'}
[3.917758] (action_client) StdoutLine: {'line': b'-- Performing Test CMAKE_HAVE_LIBC_PTHREAD\n'}
[4.015816] (-) TimerEvent: {}
[4.102034] (action_client) StdoutLine: {'line': b'-- Performing Test CMAKE_HAVE_LIBC_PTHREAD - Success\n'}
[4.105882] (action_client) StdoutLine: {'line': b'-- Found Threads: TRUE  \n'}
[4.115886] (-) TimerEvent: {}
[4.216375] (-) TimerEvent: {}
[4.267715] (action_client) StdoutLine: {'line': b'-- Found rosidl_default_generators: 1.2.0 (/opt/ros/humble/share/rosidl_default_generators/cmake)\n'}
[4.316480] (-) TimerEvent: {}
[4.417042] (-) TimerEvent: {}
[4.517709] (-) TimerEvent: {}
[4.618324] (-) TimerEvent: {}
[4.718903] (-) TimerEvent: {}
[4.819679] (-) TimerEvent: {}
[4.920463] (-) TimerEvent: {}
[5.020975] (-) TimerEvent: {}
[5.070525] (action_client) StdoutLine: {'line': b'-- Found ament_cmake_ros: 0.10.0 (/opt/ros/humble/share/ament_cmake_ros/cmake)\n'}
[5.121094] (-) TimerEvent: {}
[5.221655] (-) TimerEvent: {}
[5.322480] (-) TimerEvent: {}
[5.423176] (-) TimerEvent: {}
[5.523817] (-) TimerEvent: {}
[5.624509] (-) TimerEvent: {}
[5.725062] (-) TimerEvent: {}
[5.825755] (-) TimerEvent: {}
[5.926367] (-) TimerEvent: {}
[5.968348] (action_client) StdoutLine: {'line': b'-- Using all available rosidl_typesupport_c: rosidl_typesupport_fastrtps_c;rosidl_typesupport_introspection_c\n'}
[6.026458] (-) TimerEvent: {}
[6.126951] (-) TimerEvent: {}
[6.227508] (-) TimerEvent: {}
[6.307082] (action_client) StdoutLine: {'line': b'-- Using all available rosidl_typesupport_cpp: rosidl_typesupport_fastrtps_cpp;rosidl_typesupport_introspection_cpp\n'}
[6.327618] (-) TimerEvent: {}
[6.375560] (action_client) StdoutLine: {'line': b'-- Found PythonInterp: /usr/bin/python3 (found suitable version "3.10.12", minimum required is "3.6") \n'}
[6.387040] (action_client) StdoutLine: {'line': b'-- Found python_cmake_module: 0.10.0 (/opt/ros/humble/share/python_cmake_module/cmake)\n'}
[6.427749] (-) TimerEvent: {}
[6.470903] (action_client) StdoutLine: {'line': b'-- Found PythonLibs: /usr/lib/aarch64-linux-gnu/libpython3.10.so (found suitable version "3.10.12", minimum required is "3.5") \n'}
[6.472158] (action_client) StdoutLine: {'line': b'-- Using PYTHON_EXECUTABLE: /usr/bin/python3\n'}
[6.472490] (action_client) StdoutLine: {'line': b'-- Using PYTHON_INCLUDE_DIRS: /usr/include/python3.10\n'}
[6.472763] (action_client) StdoutLine: {'line': b'-- Using PYTHON_LIBRARIES: /usr/lib/aarch64-linux-gnu/libpython3.10.so\n'}
[6.527952] (-) TimerEvent: {}
[6.536522] (action_client) StdoutLine: {'line': b'-- Found PythonExtra: .so  \n'}
[6.628169] (-) TimerEvent: {}
[6.728954] (-) TimerEvent: {}
[6.829582] (-) TimerEvent: {}
[6.896635] (action_client) StdoutLine: {'line': b'-- Using numpy include directory: /usr/local/lib/python3.10/dist-packages/numpy/core/include\n'}
[6.929695] (-) TimerEvent: {}
[6.944508] (action_client) StdoutLine: {'line': b'-- Found ament_lint_auto: 0.12.12 (/opt/ros/humble/share/ament_lint_auto/cmake)\n'}
[7.022863] (action_client) StdoutLine: {'line': b"-- Added test 'cppcheck' to perform static code analysis on C / C++ code\n"}
[7.024232] (action_client) StdoutLine: {'line': b'-- Configured cppcheck include dirs: \n'}
[7.024529] (action_client) StdoutLine: {'line': b'-- Configured cppcheck exclude dirs and/or files: \n'}
[7.026731] (action_client) StdoutLine: {'line': b"-- Added test 'flake8' to check Python code syntax and style conventions\n"}
[7.028821] (action_client) StdoutLine: {'line': b"-- Added test 'lint_cmake' to check CMake code style\n"}
[7.029784] (-) TimerEvent: {}
[7.030220] (action_client) StdoutLine: {'line': b"-- Added test 'pep257' to check Python code against some of the docstring style conventions in PEP 257\n"}
[7.032958] (action_client) StdoutLine: {'line': b"-- Added test 'uncrustify' to check C / C++ code style\n"}
[7.033394] (action_client) StdoutLine: {'line': b'-- Configured uncrustify additional arguments: \n'}
[7.034862] (action_client) StdoutLine: {'line': b"-- Added test 'xmllint' to check XML markup files\n"}
[7.043133] (action_client) StdoutLine: {'line': b'-- Configuring done\n'}
[7.127133] (action_client) StdoutLine: {'line': b'-- Generating done\n'}
[7.129967] (-) TimerEvent: {}
[7.154649] (action_client) StdoutLine: {'line': b'-- Build files have been written to: /workspaces/isaac_ros-dev/ros2_ws/object-detection-jai0307-notatallVishal/build/action_client\n'}
[7.188987] (action_client) CommandEnded: {'returncode': 0}
[7.191079] (action_client) JobProgress: {'identifier': 'action_client', 'progress': 'build'}
[7.193779] (action_client) Command: {'cmd': ['/usr/bin/cmake', '--build', '/workspaces/isaac_ros-dev/ros2_ws/object-detection-jai0307-notatallVishal/build/action_client', '--', '-j6', '-l6'], 'cwd': '/workspaces/isaac_ros-dev/ros2_ws/object-detection-jai0307-notatallVishal/build/action_client', 'env': OrderedDict([('LIBRARY_PATH', '/usr/local/cuda/lib64/stubs'), ('PYTHONWARNINGS', 'ignore:::setuptools.command.install,ignore:::setuptools.command.easy_install,ignore:::pkg_resources,ignore:::setuptools.command.develop'), ('NV_LIBCUBLAS_VERSION', '12.6.1.4-1'), ('USER', 'autorobo'), ('NV_CUDA_NSIGHT_COMPUTE_VERSION', '12.6.11-1'), ('HOSTNAME', 'autorobo-desktop'), ('SSH_AGENT_PID', '132308'), ('SHLVL', '1'), ('LD_LIBRARY_PATH', '/workspaces/isaac_ros-dev/ros2_ws/install/action_client/lib:/workspaces/isaac_ros-dev/ros2_ws/object-detection-jai0307-notatallVishal/install/action_client/lib:/opt/ros/humble/opt/rviz_ogre_vendor/lib:/opt/ros/humble/lib/aarch64-linux-gnu:/opt/ros/humble/lib:/usr/lib/aarch64-linux-gnu/tegra/weston:/usr/lib/aarch64-linux-gnu/tegra-egl:/usr/local/cuda-12.6/targets/aarch64-linux/lib:/usr/lib/aarch64-linux-gnu/tegra:/opt/nvidia/vpi3/lib64:/usr/local/libcudss-linux-0.3.0.9_cuda12-archive/lib:/usr/local/nvidia/lib:/usr/local/nvidia/lib64:/usr/lib/aarch64-linux-gnu-host:/opt/tritonserver/lib'), ('HOME', '/home/admin'), ('OLDPWD', '/workspaces/isaac_ros-dev/ros2_ws/object-detection-jai0307-notatallVishal/action_client'), ('HOST_USER_GID', '1001'), ('NV_LIBCUBLAS_DEV_VERSION', '12.6.1.4-1'), ('ROS_PYTHON_VERSION', '3'), ('NVIDIA_PVA_DEVICE', 'all'), ('NV_LIBNPP_PACKAGE', 'libnpp-12-6=12.3.1.54-1'), ('CUDA_VERSION', '12.6.11'), ('COLCON_PREFIX_PATH', '/workspaces/isaac_ros-dev/ros2_ws/install:/workspaces/isaac_ros-dev/ros2_ws/object-detection-jai0307-notatallVishal/install'), ('ROS_DISTRO', 'humble'), ('NV_LIBCUBLAS_PACKAGE_NAME', 'libcublas-12-6'), ('NVIDIA_REQUIRE_CUDA', 'cuda>=12.6'), ('_', '/usr/bin/colcon'), ('ROS_VERSION', '2'), ('NV_LIBCUSPARSE_VERSION', '12.5.3.3-1'), ('NVIDIA_DRIVER_CAPABILITIES', 'all'), ('NV_CUDA_LIB_VERSION', '12.6.11-1'), ('NV_NVML_DEV_VERSION', '12.6.68-1'), ('USERNAME', 'admin'), ('NV_LIBNPP_DEV_PACKAGE', 'libnpp-dev-12-6=12.3.1.54-1'), ('TERM', 'xterm'), ('ISAAC_ROS_WS', '/workspaces/isaac_ros-dev'), ('NV_CUDA_CUDART_VERSION', '12.6.68-1'), ('ROS_LOCALHOST_ONLY', '0'), ('PATH', '/opt/ros/humble/bin:/opt/ros/humble/vcstool/scripts:/usr/local/nvidia/bin:/usr/local/cuda/bin:/usr/src/tensorrt/bin:/usr/local/nvidia/bin:/usr/local/cuda/bin:/usr/local/sbin:/usr/local/bin:/usr/sbin:/usr/bin:/sbin:/bin'), ('NV_LIBCUBLAS_DEV_PACKAGE_NAME', 'libcublas-dev-12-6'), ('NV_LIBCUBLAS_PACKAGE', 'libcublas-12-6=12.6.1.4-1'), ('HOST_USER_UID', '1000'), ('NVARCH', 'arm64'), ('CUDSS_DIR', '/usr/local/libcudss-linux-0.3.0.9_cuda12-archive'), ('NV_LIBCUSPARSE_DEV_VERSION', '12.5.3.3-1'), ('DISPLAY', ':1'), ('NVIDIA_PRODUCT_NAME', 'CUDA'), ('LANG', 'en_US.UTF-8'), ('RMW_IMPLEMENTATION', 'rmw_fastrtps_cpp'), ('NV_CUDA_CUDART_DEV_VERSION', '12.6.68-1'), ('ROS_ROOT', '/opt/ros/humble'), ('SSH_AUTH_SOCK', '/tmp/ssh-XXXXXXmvrixz/agent.132307'), ('AMENT_PREFIX_PATH', '/workspaces/isaac_ros-dev/ros2_ws/install/input:/workspaces/isaac_ros-dev/ros2_ws/install/action_server:/workspaces/isaac_ros-dev/ros2_ws/install/action_client:/workspaces/isaac_ros-dev/ros2_ws/object-detection-jai0307-notatallVishal/install/input:/workspaces/isaac_ros-dev/ros2_ws/object-detection-jai0307-notatallVishal/install/action_client:/opt/ros/humble'), ('DEBIAN_FRONTEND', 'noninteractive'), ('SHELL', '/bin/bash'), ('TRT_INCLUDE_PATH', '/usr/include/aarch64-linux-gnu'), ('NV_LIBCUBLAS_DEV_PACKAGE', 'libcublas-dev-12-6=12.6.1.4-1'), ('NV_CUDA_NSIGHT_COMPUTE_DEV_PACKAGE', 'cuda-nsight-compute-12-6=12.6.11-1'), ('NVIDIA_REQUIRE_JETPACK_HOST_MOUNTS', 'base-only'), ('NV_NVTX_VERSION', '12.6.68-1'), ('NV_LIBNPP_VERSION', '12.3.1.54-1'), ('PWD', '/workspaces/isaac_ros-dev/ros2_ws/object-detection-jai0307-notatallVishal/build/action_client'), ('PYTHONPATH', '/workspaces/isaac_ros-dev/ros2_ws/install/action_client/local/lib/python3.10/dist-packages:/workspaces/isaac_ros-dev/ros2_ws/object-detection-jai0307-notatallVishal/install/action_client/local/lib/python3.10/dist-packages:/opt/ros/humble/lib/python3.10/site-packages:/opt/ros/humble/local/lib/python3.10/dist-packages:/opt/ros/humble/vcstool:'), ('NVIDIA_VISIBLE_DEVICES', 'void'), ('COLCON', '1'), ('NV_LIBNPP_DEV_VERSION', '12.3.1.54-1'), ('CMAKE_PREFIX_PATH', '/workspaces/isaac_ros-dev/ros2_ws/install/input:/workspaces/isaac_ros-dev/ros2_ws/install/action_server:/workspaces/isaac_ros-dev/ros2_ws/install/action_client:/workspaces/isaac_ros-dev/ros2_ws/object-detection-jai0307-notatallVishal/install/input:/workspaces/isaac_ros-dev/ros2_ws/object-detection-jai0307-notatallVishal/install/action_client:/usr/local/libcudss-linux-0.3.0.9_cuda12-archive::/opt/ros/humble'), ('TRT_LIB_PATH', '/usr/lib/aarch64-linux-gnu')]), 'shell': False}
[7.230018] (-) TimerEvent: {}
[7.299596] (action_client) StdoutLine: {'line': b'[  3%] \x1b[34m\x1b[1mGenerating C code for ROS interfaces\x1b[0m\n'}
[7.321630] (action_client) StdoutLine: {'line': b'[  6%] \x1b[34m\x1b[1mGenerating C++ code for ROS interfaces\x1b[0m\n'}
[7.330146] (-) TimerEvent: {}
[7.344266] (action_client) StdoutLine: {'line': b'[  6%] Built target ament_cmake_python_copy_action_client\n'}
[7.430320] (-) TimerEvent: {}
[7.530961] (-) TimerEvent: {}
[7.631572] (-) TimerEvent: {}
[7.732744] (-) TimerEvent: {}
[7.833414] (-) TimerEvent: {}
[7.934214] (-) TimerEvent: {}
[8.034847] (-) TimerEvent: {}
[8.135436] (-) TimerEvent: {}
[8.236065] (-) TimerEvent: {}
[8.322627] (action_client) StdoutLine: {'line': b'[  9%] \x1b[32mBuilding C object CMakeFiles/action_client__rosidl_generator_c.dir/rosidl_generator_c/action_client/action/detail/track_object__functions.c.o\x1b[0m\n'}
[8.336208] (-) TimerEvent: {}
[8.344765] (action_client) StdoutLine: {'line': b'[  9%] Built target action_client__cpp\n'}
[8.363784] (action_client) StdoutLine: {'line': b'running egg_info\n'}
[8.366161] (action_client) StdoutLine: {'line': b'creating action_client.egg-info\n'}
[8.374943] (action_client) StdoutLine: {'line': b'[ 12%] \x1b[34m\x1b[1mGenerating C++ type support for eProsima Fast-RTPS\x1b[0m\n'}
[8.376693] (action_client) StdoutLine: {'line': b'[ 16%] \x1b[34m\x1b[1mGenerating C++ type support dispatch for ROS interfaces\x1b[0m\n'}
[8.379638] (action_client) StdoutLine: {'line': b'[ 19%] \x1b[34m\x1b[1mGenerating C++ introspection for ROS interfaces\x1b[0m\n'}
[8.417739] (action_client) StdoutLine: {'line': b'writing action_client.egg-info/PKG-INFO\n'}
[8.418465] (action_client) StdoutLine: {'line': b'writing dependency_links to action_client.egg-info/dependency_links.txt\n'}
[8.419137] (action_client) StdoutLine: {'line': b'writing top-level names to action_client.egg-info/top_level.txt\n'}
[8.419524] (action_client) StdoutLine: {'line': b"writing manifest file 'action_client.egg-info/SOURCES.txt'\n"}
[8.436374] (-) TimerEvent: {}
[8.537056] (-) TimerEvent: {}
[8.637715] (-) TimerEvent: {}
[8.694668] (action_client) StdoutLine: {'line': b'[ 22%] \x1b[32m\x1b[1mLinking C shared library libaction_client__rosidl_generator_c.so\x1b[0m\n'}
[8.738450] (-) TimerEvent: {}
[8.784101] (action_client) StdoutLine: {'line': b'[ 22%] Built target action_client__rosidl_generator_c\n'}
[8.811831] (action_client) StdoutLine: {'line': b'[ 25%] \x1b[34m\x1b[1mGenerating C type support for eProsima Fast-RTPS\x1b[0m\n'}
[8.830362] (action_client) StdoutLine: {'line': b'[ 29%] \x1b[34m\x1b[1mGenerating C introspection for ROS interfaces\x1b[0m\n'}
[8.838056] (-) TimerEvent: {}
[8.938706] (-) TimerEvent: {}
[9.039367] (-) TimerEvent: {}
[9.080369] (action_client) StdoutLine: {'line': b"reading manifest file 'action_client.egg-info/SOURCES.txt'\n"}
[9.082787] (action_client) StdoutLine: {'line': b"writing manifest file 'action_client.egg-info/SOURCES.txt'\n"}
[9.120601] (action_client) StdoutLine: {'line': b'[ 32%] \x1b[32mBuilding CXX object CMakeFiles/action_client__rosidl_typesupport_cpp.dir/rosidl_typesupport_cpp/action_client/action/track_object__type_support.cpp.o\x1b[0m\n'}
[9.139549] (-) TimerEvent: {}
[9.240959] (-) TimerEvent: {}
[9.263784] (action_client) StdoutLine: {'line': b'[ 32%] Built target ament_cmake_python_build_action_client_egg\n'}
[9.302699] (action_client) StdoutLine: {'line': b'[ 35%] \x1b[34m\x1b[1mGenerating C type support dispatch for ROS interfaces\x1b[0m\n'}
[9.323688] (action_client) StdoutLine: {'line': b'[ 38%] \x1b[32mBuilding CXX object CMakeFiles/action_client__rosidl_typesupport_fastrtps_cpp.dir/rosidl_typesupport_fastrtps_cpp/action_client/action/detail/dds_fastrtps/track_object__type_support.cpp.o\x1b[0m\n'}
[9.324365] (action_client) StdoutLine: {'line': b'[ 41%] \x1b[32mBuilding CXX object CMakeFiles/action_client__rosidl_typesupport_introspection_cpp.dir/rosidl_typesupport_introspection_cpp/action_client/action/detail/track_object__type_support.cpp.o\x1b[0m\n'}
[9.341157] (-) TimerEvent: {}
[9.442528] (-) TimerEvent: {}
[9.543799] (-) TimerEvent: {}
[9.645144] (-) TimerEvent: {}
[9.719378] (action_client) StdoutLine: {'line': b'[ 45%] \x1b[32mBuilding C object CMakeFiles/action_client__rosidl_typesupport_introspection_c.dir/rosidl_typesupport_introspection_c/action_client/action/detail/track_object__type_support.c.o\x1b[0m\n'}
[9.745382] (-) TimerEvent: {}
[9.846484] (-) TimerEvent: {}
[9.847968] (action_client) StdoutLine: {'line': b'[ 48%] \x1b[32m\x1b[1mLinking C shared library libaction_client__rosidl_typesupport_introspection_c.so\x1b[0m\n'}
[9.853257] (action_client) StdoutLine: {'line': b'[ 51%] \x1b[32mBuilding CXX object CMakeFiles/action_client__rosidl_typesupport_fastrtps_c.dir/rosidl_typesupport_fastrtps_c/action_client/action/detail/track_object__type_support_c.cpp.o\x1b[0m\n'}
[9.943070] (action_client) StdoutLine: {'line': b'[ 51%] Built target action_client__rosidl_typesupport_introspection_c\n'}
[9.946626] (-) TimerEvent: {}
[10.047594] (-) TimerEvent: {}
[10.069380] (action_client) StdoutLine: {'line': b'[ 54%] \x1b[32mBuilding CXX object CMakeFiles/action_client__rosidl_typesupport_c.dir/rosidl_typesupport_c/action_client/action/track_object__type_support.cpp.o\x1b[0m\n'}
[10.148099] (-) TimerEvent: {}
[10.232055] (action_client) StdoutLine: {'line': b'[ 58%] \x1b[32m\x1b[1mLinking CXX shared library libaction_client__rosidl_typesupport_c.so\x1b[0m\n'}
[10.248289] (-) TimerEvent: {}
[10.336400] (action_client) StdoutLine: {'line': b'[ 61%] \x1b[32m\x1b[1mLinking CXX shared library libaction_client__rosidl_typesupport_cpp.so\x1b[0m\n'}
[10.348495] (-) TimerEvent: {}
[10.361630] (action_client) StdoutLine: {'line': b'[ 61%] Built target action_client__rosidl_typesupport_c\n'}
[10.447943] (action_client) StdoutLine: {'line': b'[ 61%] Built target action_client__rosidl_typesupport_cpp\n'}
[10.448471] (-) TimerEvent: {}
[10.548993] (-) TimerEvent: {}
[10.649768] (-) TimerEvent: {}
[10.750531] (-) TimerEvent: {}
[10.846336] (action_client) StdoutLine: {'line': b'[ 64%] \x1b[32m\x1b[1mLinking CXX shared library libaction_client__rosidl_typesupport_introspection_cpp.so\x1b[0m\n'}
[10.850658] (-) TimerEvent: {}
[10.861532] (action_client) StdoutLine: {'line': b'[ 67%] \x1b[32m\x1b[1mLinking CXX shared library libaction_client__rosidl_typesupport_fastrtps_cpp.so\x1b[0m\n'}
[10.950869] (-) TimerEvent: {}
[10.959988] (action_client) StdoutLine: {'line': b'[ 70%] \x1b[32m\x1b[1mLinking CXX shared library libaction_client__rosidl_typesupport_fastrtps_c.so\x1b[0m\n'}
[11.029534] (action_client) StdoutLine: {'line': b'[ 70%] Built target action_client__rosidl_typesupport_introspection_cpp\n'}
[11.046779] (action_client) StdoutLine: {'line': b'[ 70%] Built target action_client__rosidl_typesupport_fastrtps_cpp\n'}
[11.050991] (-) TimerEvent: {}
[11.133768] (action_client) StdoutLine: {'line': b'[ 70%] Built target action_client__rosidl_typesupport_fastrtps_c\n'}
[11.151150] (-) TimerEvent: {}
[11.185989] (action_client) StdoutLine: {'line': b'[ 70%] Built target action_client\n'}
[11.237611] (action_client) StdoutLine: {'line': b'[ 74%] \x1b[34m\x1b[1mGenerating Python code for ROS interfaces\x1b[0m\n'}
[11.251285] (-) TimerEvent: {}
[11.351865] (-) TimerEvent: {}
[11.452475] (-) TimerEvent: {}
[11.553112] (-) TimerEvent: {}
[11.653740] (-) TimerEvent: {}
[11.754394] (-) TimerEvent: {}
[11.855024] (-) TimerEvent: {}
[11.955781] (-) TimerEvent: {}
[12.056503] (-) TimerEvent: {}
[12.157178] (-) TimerEvent: {}
[12.257834] (-) TimerEvent: {}
[12.358537] (-) TimerEvent: {}
[12.459251] (-) TimerEvent: {}
[12.560003] (-) TimerEvent: {}
[12.660656] (-) TimerEvent: {}
[12.761388] (-) TimerEvent: {}
[12.862083] (-) TimerEvent: {}
[12.873310] (action_client) StdoutLine: {'line': b'[ 74%] Built target action_client__py\n'}
[12.926222] (action_client) StdoutLine: {'line': b'[ 77%] \x1b[32mBuilding C object CMakeFiles/action_client__rosidl_generator_py.dir/rosidl_generator_py/action_client/action/_track_object_s.c.o\x1b[0m\n'}
[12.962258] (-) TimerEvent: {}
[13.062949] (-) TimerEvent: {}
[13.163661] (-) TimerEvent: {}
[13.264413] (-) TimerEvent: {}
[13.302765] (action_client) StdoutLine: {'line': b'[ 80%] \x1b[32m\x1b[1mLinking C shared library rosidl_generator_py/action_client/libaction_client__rosidl_generator_py.so\x1b[0m\n'}
[13.364618] (-) TimerEvent: {}
[13.399926] (action_client) StdoutLine: {'line': b'[ 80%] Built target action_client__rosidl_generator_py\n'}
[13.452936] (action_client) StdoutLine: {'line': b'[ 87%] \x1b[32mBuilding C object CMakeFiles/action_client__rosidl_typesupport_introspection_c__pyext.dir/rosidl_generator_py/action_client/_action_client_s.ep.rosidl_typesupport_introspection_c.c.o\x1b[0m\n'}
[13.453461] (action_client) StdoutLine: {'line': b'[ 87%] \x1b[32mBuilding C object CMakeFiles/action_client__rosidl_typesupport_fastrtps_c__pyext.dir/rosidl_generator_py/action_client/_action_client_s.ep.rosidl_typesupport_fastrtps_c.c.o\x1b[0m\n'}
[13.455812] (action_client) StdoutLine: {'line': b'[ 90%] \x1b[32mBuilding C object CMakeFiles/action_client__rosidl_typesupport_c__pyext.dir/rosidl_generator_py/action_client/_action_client_s.ep.rosidl_typesupport_c.c.o\x1b[0m\n'}
[13.464755] (-) TimerEvent: {}
[13.565369] (-) TimerEvent: {}
[13.666087] (-) TimerEvent: {}
[13.760818] (action_client) StdoutLine: {'line': b'[ 93%] \x1b[32m\x1b[1mLinking C shared library rosidl_generator_py/action_client/action_client_s__rosidl_typesupport_fastrtps_c.cpython-310-aarch64-linux-gnu.so\x1b[0m\n'}
[13.766211] (-) TimerEvent: {}
[13.768874] (action_client) StdoutLine: {'line': b'[ 96%] \x1b[32m\x1b[1mLinking C shared library rosidl_generator_py/action_client/action_client_s__rosidl_typesupport_introspection_c.cpython-310-aarch64-linux-gnu.so\x1b[0m\n'}
[13.775741] (action_client) StdoutLine: {'line': b'[100%] \x1b[32m\x1b[1mLinking C shared library rosidl_generator_py/action_client/action_client_s__rosidl_typesupport_c.cpython-310-aarch64-linux-gnu.so\x1b[0m\n'}
[13.865154] (action_client) StdoutLine: {'line': b'[100%] Built target action_client__rosidl_typesupport_fastrtps_c__pyext\n'}
[13.865693] (action_client) StdoutLine: {'line': b'[100%] Built target action_client__rosidl_typesupport_introspection_c__pyext\n'}
[13.866282] (-) TimerEvent: {}
[13.875114] (action_client) StdoutLine: {'line': b'[100%] Built target action_client__rosidl_typesupport_c__pyext\n'}
[13.904131] (action_client) CommandEnded: {'returncode': 0}
[13.906755] (action_client) JobProgress: {'identifier': 'action_client', 'progress': 'install'}
[13.928175] (action_client) Command: {'cmd': ['/usr/bin/cmake', '--install', '/workspaces/isaac_ros-dev/ros2_ws/object-detection-jai0307-notatallVishal/build/action_client'], 'cwd': '/workspaces/isaac_ros-dev/ros2_ws/object-detection-jai0307-notatallVishal/build/action_client', 'env': OrderedDict([('LIBRARY_PATH', '/usr/local/cuda/lib64/stubs'), ('PYTHONWARNINGS', 'ignore:::setuptools.command.install,ignore:::setuptools.command.easy_install,ignore:::pkg_resources,ignore:::setuptools.command.develop'), ('NV_LIBCUBLAS_VERSION', '12.6.1.4-1'), ('USER', 'autorobo'), ('NV_CUDA_NSIGHT_COMPUTE_VERSION', '12.6.11-1'), ('HOSTNAME', 'autorobo-desktop'), ('SSH_AGENT_PID', '132308'), ('SHLVL', '1'), ('LD_LIBRARY_PATH', '/workspaces/isaac_ros-dev/ros2_ws/install/action_client/lib:/workspaces/isaac_ros-dev/ros2_ws/object-detection-jai0307-notatallVishal/install/action_client/lib:/opt/ros/humble/opt/rviz_ogre_vendor/lib:/opt/ros/humble/lib/aarch64-linux-gnu:/opt/ros/humble/lib:/usr/lib/aarch64-linux-gnu/tegra/weston:/usr/lib/aarch64-linux-gnu/tegra-egl:/usr/local/cuda-12.6/targets/aarch64-linux/lib:/usr/lib/aarch64-linux-gnu/tegra:/opt/nvidia/vpi3/lib64:/usr/local/libcudss-linux-0.3.0.9_cuda12-archive/lib:/usr/local/nvidia/lib:/usr/local/nvidia/lib64:/usr/lib/aarch64-linux-gnu-host:/opt/tritonserver/lib'), ('HOME', '/home/admin'), ('OLDPWD', '/workspaces/isaac_ros-dev/ros2_ws/object-detection-jai0307-notatallVishal/action_client'), ('HOST_USER_GID', '1001'), ('NV_LIBCUBLAS_DEV_VERSION', '12.6.1.4-1'), ('ROS_PYTHON_VERSION', '3'), ('NVIDIA_PVA_DEVICE', 'all'), ('NV_LIBNPP_PACKAGE', 'libnpp-12-6=12.3.1.54-1'), ('CUDA_VERSION', '12.6.11'), ('COLCON_PREFIX_PATH', '/workspaces/isaac_ros-dev/ros2_ws/install:/workspaces/isaac_ros-dev/ros2_ws/object-detection-jai0307-notatallVishal/install'), ('ROS_DISTRO', 'humble'), ('NV_LIBCUBLAS_PACKAGE_NAME', 'libcublas-12-6'), ('NVIDIA_REQUIRE_CUDA', 'cuda>=12.6'), ('_', '/usr/bin/colcon'), ('ROS_VERSION', '2'), ('NV_LIBCUSPARSE_VERSION', '12.5.3.3-1'), ('NVIDIA_DRIVER_CAPABILITIES', 'all'), ('NV_CUDA_LIB_VERSION', '12.6.11-1'), ('NV_NVML_DEV_VERSION', '12.6.68-1'), ('USERNAME', 'admin'), ('NV_LIBNPP_DEV_PACKAGE', 'libnpp-dev-12-6=12.3.1.54-1'), ('TERM', 'xterm'), ('ISAAC_ROS_WS', '/workspaces/isaac_ros-dev'), ('NV_CUDA_CUDART_VERSION', '12.6.68-1'), ('ROS_LOCALHOST_ONLY', '0'), ('PATH', '/opt/ros/humble/bin:/opt/ros/humble/vcstool/scripts:/usr/local/nvidia/bin:/usr/local/cuda/bin:/usr/src/tensorrt/bin:/usr/local/nvidia/bin:/usr/local/cuda/bin:/usr/local/sbin:/usr/local/bin:/usr/sbin:/usr/bin:/sbin:/bin'), ('NV_LIBCUBLAS_DEV_PACKAGE_NAME', 'libcublas-dev-12-6'), ('NV_LIBCUBLAS_PACKAGE', 'libcublas-12-6=12.6.1.4-1'), ('HOST_USER_UID', '1000'), ('NVARCH', 'arm64'), ('CUDSS_DIR', '/usr/local/libcudss-linux-0.3.0.9_cuda12-archive'), ('NV_LIBCUSPARSE_DEV_VERSION', '12.5.3.3-1'), ('DISPLAY', ':1'), ('NVIDIA_PRODUCT_NAME', 'CUDA'), ('LANG', 'en_US.UTF-8'), ('RMW_IMPLEMENTATION', 'rmw_fastrtps_cpp'), ('NV_CUDA_CUDART_DEV_VERSION', '12.6.68-1'), ('ROS_ROOT', '/opt/ros/humble'), ('SSH_AUTH_SOCK', '/tmp/ssh-XXXXXXmvrixz/agent.132307'), ('AMENT_PREFIX_PATH', '/workspaces/isaac_ros-dev/ros2_ws/install/input:/workspaces/isaac_ros-dev/ros2_ws/install/action_server:/workspaces/isaac_ros-dev/ros2_ws/install/action_client:/workspaces/isaac_ros-dev/ros2_ws/object-detection-jai0307-notatallVishal/install/input:/workspaces/isaac_ros-dev/ros2_ws/object-detection-jai0307-notatallVishal/install/action_client:/opt/ros/humble'), ('DEBIAN_FRONTEND', 'noninteractive'), ('SHELL', '/bin/bash'), ('TRT_INCLUDE_PATH', '/usr/include/aarch64-linux-gnu'), ('NV_LIBCUBLAS_DEV_PACKAGE', 'libcublas-dev-12-6=12.6.1.4-1'), ('NV_CUDA_NSIGHT_COMPUTE_DEV_PACKAGE', 'cuda-nsight-compute-12-6=12.6.11-1'), ('NVIDIA_REQUIRE_JETPACK_HOST_MOUNTS', 'base-only'), ('NV_NVTX_VERSION', '12.6.68-1'), ('NV_LIBNPP_VERSION', '12.3.1.54-1'), ('PWD', '/workspaces/isaac_ros-dev/ros2_ws/object-detection-jai0307-notatallVishal/build/action_client'), ('PYTHONPATH', '/workspaces/isaac_ros-dev/ros2_ws/install/action_client/local/lib/python3.10/dist-packages:/workspaces/isaac_ros-dev/ros2_ws/object-detection-jai0307-notatallVishal/install/action_client/local/lib/python3.10/dist-packages:/opt/ros/humble/lib/python3.10/site-packages:/opt/ros/humble/local/lib/python3.10/dist-packages:/opt/ros/humble/vcstool:'), ('NVIDIA_VISIBLE_DEVICES', 'void'), ('COLCON', '1'), ('NV_LIBNPP_DEV_VERSION', '12.3.1.54-1'), ('CMAKE_PREFIX_PATH', '/workspaces/isaac_ros-dev/ros2_ws/install/input:/workspaces/isaac_ros-dev/ros2_ws/install/action_server:/workspaces/isaac_ros-dev/ros2_ws/install/action_client:/workspaces/isaac_ros-dev/ros2_ws/object-detection-jai0307-notatallVishal/install/input:/workspaces/isaac_ros-dev/ros2_ws/object-detection-jai0307-notatallVishal/install/action_client:/usr/local/libcudss-linux-0.3.0.9_cuda12-archive::/opt/ros/humble'), ('TRT_LIB_PATH', '/usr/lib/aarch64-linux-gnu')]), 'shell': False}
[13.949058] (action_client) StdoutLine: {'line': b'-- Install configuration: ""\n'}
[13.949512] (action_client) StdoutLine: {'line': b'-- Installing: /workspaces/isaac_ros-dev/ros2_ws/object-detection-jai0307-notatallVishal/install/action_client/share/ament_index/resource_index/rosidl_interfaces/action_client\n'}
[13.950299] (action_client) StdoutLine: {'line': b'-- Installing: /workspaces/isaac_ros-dev/ros2_ws/object-detection-jai0307-notatallVishal/install/action_client/include/action_client/action_client\n'}
[13.950551] (action_client) StdoutLine: {'line': b'-- Installing: /workspaces/isaac_ros-dev/ros2_ws/object-detection-jai0307-notatallVishal/install/action_client/include/action_client/action_client/msg\n'}
[13.950741] (action_client) StdoutLine: {'line': b'-- Installing: /workspaces/isaac_ros-dev/ros2_ws/object-detection-jai0307-notatallVishal/install/action_client/include/action_client/action_client/msg/rosidl_generator_c__visibility_control.h\n'}
[13.950950] (action_client) StdoutLine: {'line': b'-- Installing: /workspaces/isaac_ros-dev/ros2_ws/object-detection-jai0307-notatallVishal/install/action_client/include/action_client/action_client/action\n'}
[13.951122] (action_client) StdoutLine: {'line': b'-- Installing: /workspaces/isaac_ros-dev/ros2_ws/object-detection-jai0307-notatallVishal/install/action_client/include/action_client/action_client/action/detail\n'}
[13.951301] (action_client) StdoutLine: {'line': b'-- Installing: /workspaces/isaac_ros-dev/ros2_ws/object-detection-jai0307-notatallVishal/install/action_client/include/action_client/action_client/action/detail/track_object__type_support.h\n'}
[13.951442] (action_client) StdoutLine: {'line': b'-- Installing: /workspaces/isaac_ros-dev/ros2_ws/object-detection-jai0307-notatallVishal/install/action_client/include/action_client/action_client/action/detail/track_object__functions.c\n'}
[13.951615] (action_client) StdoutLine: {'line': b'-- Installing: /workspaces/isaac_ros-dev/ros2_ws/object-detection-jai0307-notatallVishal/install/action_client/include/action_client/action_client/action/detail/track_object__functions.h\n'}
[13.952188] (action_client) StdoutLine: {'line': b'-- Installing: /workspaces/isaac_ros-dev/ros2_ws/object-detection-jai0307-notatallVishal/install/action_client/include/action_client/action_client/action/detail/track_object__struct.h\n'}
[13.952454] (action_client) StdoutLine: {'line': b'-- Installing: /workspaces/isaac_ros-dev/ros2_ws/object-detection-jai0307-notatallVishal/install/action_client/include/action_client/action_client/action/track_object.h\n'}
[13.952919] (action_client) StdoutLine: {'line': b'-- Installing: /workspaces/isaac_ros-dev/ros2_ws/object-detection-jai0307-notatallVishal/install/action_client/share/action_client/environment/library_path.sh\n'}
[13.953307] (action_client) StdoutLine: {'line': b'-- Installing: /workspaces/isaac_ros-dev/ros2_ws/object-detection-jai0307-notatallVishal/install/action_client/share/action_client/environment/library_path.dsv\n'}
[13.953717] (action_client) StdoutLine: {'line': b'-- Installing: /workspaces/isaac_ros-dev/ros2_ws/object-detection-jai0307-notatallVishal/install/action_client/lib/libaction_client__rosidl_generator_c.so\n'}
[13.954480] (action_client) StdoutLine: {'line': b'-- Set runtime path of "/workspaces/isaac_ros-dev/ros2_ws/object-detection-jai0307-notatallVishal/install/action_client/lib/libaction_client__rosidl_generator_c.so" to ""\n'}
[13.954671] (action_client) StdoutLine: {'line': b'-- Up-to-date: /workspaces/isaac_ros-dev/ros2_ws/object-detection-jai0307-notatallVishal/install/action_client/include/action_client/action_client\n'}
[13.954872] (action_client) StdoutLine: {'line': b'-- Up-to-date: /workspaces/isaac_ros-dev/ros2_ws/object-detection-jai0307-notatallVishal/install/action_client/include/action_client/action_client/msg\n'}
[13.955011] (action_client) StdoutLine: {'line': b'-- Installing: /workspaces/isaac_ros-dev/ros2_ws/object-detection-jai0307-notatallVishal/install/action_client/include/action_client/action_client/msg/rosidl_typesupport_fastrtps_c__visibility_control.h\n'}
[13.955225] (action_client) StdoutLine: {'line': b'-- Up-to-date: /workspaces/isaac_ros-dev/ros2_ws/object-detection-jai0307-notatallVishal/install/action_client/include/action_client/action_client/action\n'}
[13.955367] (action_client) StdoutLine: {'line': b'-- Up-to-date: /workspaces/isaac_ros-dev/ros2_ws/object-detection-jai0307-notatallVishal/install/action_client/include/action_client/action_client/action/detail\n'}
[13.955499] (action_client) StdoutLine: {'line': b'-- Installing: /workspaces/isaac_ros-dev/ros2_ws/object-detection-jai0307-notatallVishal/install/action_client/include/action_client/action_client/action/detail/track_object__rosidl_typesupport_fastrtps_c.h\n'}
[13.955675] (action_client) StdoutLine: {'line': b'-- Installing: /workspaces/isaac_ros-dev/ros2_ws/object-detection-jai0307-notatallVishal/install/action_client/lib/libaction_client__rosidl_typesupport_fastrtps_c.so\n'}
[13.956256] (action_client) StdoutLine: {'line': b'-- Set runtime path of "/workspaces/isaac_ros-dev/ros2_ws/object-detection-jai0307-notatallVishal/install/action_client/lib/libaction_client__rosidl_typesupport_fastrtps_c.so" to ""\n'}
[13.956433] (action_client) StdoutLine: {'line': b'-- Up-to-date: /workspaces/isaac_ros-dev/ros2_ws/object-detection-jai0307-notatallVishal/install/action_client/include/action_client/action_client\n'}
[13.956625] (action_client) StdoutLine: {'line': b'-- Up-to-date: /workspaces/isaac_ros-dev/ros2_ws/object-detection-jai0307-notatallVishal/install/action_client/include/action_client/action_client/msg\n'}
[13.956766] (action_client) StdoutLine: {'line': b'-- Installing: /workspaces/isaac_ros-dev/ros2_ws/object-detection-jai0307-notatallVishal/install/action_client/include/action_client/action_client/msg/rosidl_generator_cpp__visibility_control.hpp\n'}
[13.956952] (action_client) StdoutLine: {'line': b'-- Up-to-date: /workspaces/isaac_ros-dev/ros2_ws/object-detection-jai0307-notatallVishal/install/action_client/include/action_client/action_client/action\n'}
[13.957090] (action_client) StdoutLine: {'line': b'-- Installing: /workspaces/isaac_ros-dev/ros2_ws/object-detection-jai0307-notatallVishal/install/action_client/include/action_client/action_client/action/track_object.hpp\n'}
[13.957289] (action_client) StdoutLine: {'line': b'-- Up-to-date: /workspaces/isaac_ros-dev/ros2_ws/object-detection-jai0307-notatallVishal/install/action_client/include/action_client/action_client/action/detail\n'}
[13.957429] (action_client) StdoutLine: {'line': b'-- Installing: /workspaces/isaac_ros-dev/ros2_ws/object-detection-jai0307-notatallVishal/install/action_client/include/action_client/action_client/action/detail/track_object__traits.hpp\n'}
[13.957600] (action_client) StdoutLine: {'line': b'-- Installing: /workspaces/isaac_ros-dev/ros2_ws/object-detection-jai0307-notatallVishal/install/action_client/include/action_client/action_client/action/detail/track_object__builder.hpp\n'}
[13.957842] (action_client) StdoutLine: {'line': b'-- Installing: /workspaces/isaac_ros-dev/ros2_ws/object-detection-jai0307-notatallVishal/install/action_client/include/action_client/action_client/action/detail/track_object__type_support.hpp\n'}
[13.958120] (action_client) StdoutLine: {'line': b'-- Installing: /workspaces/isaac_ros-dev/ros2_ws/object-detection-jai0307-notatallVishal/install/action_client/include/action_client/action_client/action/detail/track_object__struct.hpp\n'}
[13.958491] (action_client) StdoutLine: {'line': b'-- Up-to-date: /workspaces/isaac_ros-dev/ros2_ws/object-detection-jai0307-notatallVishal/install/action_client/include/action_client/action_client\n'}
[13.958685] (action_client) StdoutLine: {'line': b'-- Up-to-date: /workspaces/isaac_ros-dev/ros2_ws/object-detection-jai0307-notatallVishal/install/action_client/include/action_client/action_client/msg\n'}
[13.958825] (action_client) StdoutLine: {'line': b'-- Installing: /workspaces/isaac_ros-dev/ros2_ws/object-detection-jai0307-notatallVishal/install/action_client/include/action_client/action_client/msg/rosidl_typesupport_fastrtps_cpp__visibility_control.h\n'}
[13.959011] (action_client) StdoutLine: {'line': b'-- Up-to-date: /workspaces/isaac_ros-dev/ros2_ws/object-detection-jai0307-notatallVishal/install/action_client/include/action_client/action_client/action\n'}
[13.959172] (action_client) StdoutLine: {'line': b'-- Up-to-date: /workspaces/isaac_ros-dev/ros2_ws/object-detection-jai0307-notatallVishal/install/action_client/include/action_client/action_client/action/detail\n'}
[13.959336] (action_client) StdoutLine: {'line': b'-- Installing: /workspaces/isaac_ros-dev/ros2_ws/object-detection-jai0307-notatallVishal/install/action_client/include/action_client/action_client/action/detail/dds_fastrtps\n'}
[13.959471] (action_client) StdoutLine: {'line': b'-- Installing: /workspaces/isaac_ros-dev/ros2_ws/object-detection-jai0307-notatallVishal/install/action_client/include/action_client/action_client/action/detail/track_object__rosidl_typesupport_fastrtps_cpp.hpp\n'}
[13.959638] (action_client) StdoutLine: {'line': b'-- Installing: /workspaces/isaac_ros-dev/ros2_ws/object-detection-jai0307-notatallVishal/install/action_client/lib/libaction_client__rosidl_typesupport_fastrtps_cpp.so\n'}
[13.960339] (action_client) StdoutLine: {'line': b'-- Set runtime path of "/workspaces/isaac_ros-dev/ros2_ws/object-detection-jai0307-notatallVishal/install/action_client/lib/libaction_client__rosidl_typesupport_fastrtps_cpp.so" to ""\n'}
[13.960517] (action_client) StdoutLine: {'line': b'-- Up-to-date: /workspaces/isaac_ros-dev/ros2_ws/object-detection-jai0307-notatallVishal/install/action_client/include/action_client/action_client\n'}
[13.960708] (action_client) StdoutLine: {'line': b'-- Up-to-date: /workspaces/isaac_ros-dev/ros2_ws/object-detection-jai0307-notatallVishal/install/action_client/include/action_client/action_client/msg\n'}
[13.960843] (action_client) StdoutLine: {'line': b'-- Installing: /workspaces/isaac_ros-dev/ros2_ws/object-detection-jai0307-notatallVishal/install/action_client/include/action_client/action_client/msg/rosidl_typesupport_introspection_c__visibility_control.h\n'}
[13.961062] (action_client) StdoutLine: {'line': b'-- Up-to-date: /workspaces/isaac_ros-dev/ros2_ws/object-detection-jai0307-notatallVishal/install/action_client/include/action_client/action_client/action\n'}
[13.961215] (action_client) StdoutLine: {'line': b'-- Up-to-date: /workspaces/isaac_ros-dev/ros2_ws/object-detection-jai0307-notatallVishal/install/action_client/include/action_client/action_client/action/detail\n'}
[13.961381] (action_client) StdoutLine: {'line': b'-- Installing: /workspaces/isaac_ros-dev/ros2_ws/object-detection-jai0307-notatallVishal/install/action_client/include/action_client/action_client/action/detail/track_object__rosidl_typesupport_introspection_c.h\n'}
[13.961520] (action_client) StdoutLine: {'line': b'-- Installing: /workspaces/isaac_ros-dev/ros2_ws/object-detection-jai0307-notatallVishal/install/action_client/include/action_client/action_client/action/detail/track_object__type_support.c\n'}
[13.961745] (action_client) StdoutLine: {'line': b'-- Installing: /workspaces/isaac_ros-dev/ros2_ws/object-detection-jai0307-notatallVishal/install/action_client/lib/libaction_client__rosidl_typesupport_introspection_c.so\n'}
[13.962393] (action_client) StdoutLine: {'line': b'-- Set runtime path of "/workspaces/isaac_ros-dev/ros2_ws/object-detection-jai0307-notatallVishal/install/action_client/lib/libaction_client__rosidl_typesupport_introspection_c.so" to ""\n'}
[13.962567] (action_client) StdoutLine: {'line': b'-- Installing: /workspaces/isaac_ros-dev/ros2_ws/object-detection-jai0307-notatallVishal/install/action_client/lib/libaction_client__rosidl_typesupport_c.so\n'}
[13.963169] (action_client) StdoutLine: {'line': b'-- Set runtime path of "/workspaces/isaac_ros-dev/ros2_ws/object-detection-jai0307-notatallVishal/install/action_client/lib/libaction_client__rosidl_typesupport_c.so" to ""\n'}
[13.963340] (action_client) StdoutLine: {'line': b'-- Up-to-date: /workspaces/isaac_ros-dev/ros2_ws/object-detection-jai0307-notatallVishal/install/action_client/include/action_client/action_client\n'}
[13.963530] (action_client) StdoutLine: {'line': b'-- Up-to-date: /workspaces/isaac_ros-dev/ros2_ws/object-detection-jai0307-notatallVishal/install/action_client/include/action_client/action_client/action\n'}
[13.963695] (action_client) StdoutLine: {'line': b'-- Up-to-date: /workspaces/isaac_ros-dev/ros2_ws/object-detection-jai0307-notatallVishal/install/action_client/include/action_client/action_client/action/detail\n'}
[13.963854] (action_client) StdoutLine: {'line': b'-- Installing: /workspaces/isaac_ros-dev/ros2_ws/object-detection-jai0307-notatallVishal/install/action_client/include/action_client/action_client/action/detail/track_object__rosidl_typesupport_introspection_cpp.hpp\n'}
[13.963991] (action_client) StdoutLine: {'line': b'-- Installing: /workspaces/isaac_ros-dev/ros2_ws/object-detection-jai0307-notatallVishal/install/action_client/include/action_client/action_client/action/detail/track_object__type_support.cpp\n'}
[13.964305] (action_client) StdoutLine: {'line': b'-- Installing: /workspaces/isaac_ros-dev/ros2_ws/object-detection-jai0307-notatallVishal/install/action_client/lib/libaction_client__rosidl_typesupport_introspection_cpp.so\n'}
[13.965011] (action_client) StdoutLine: {'line': b'-- Set runtime path of "/workspaces/isaac_ros-dev/ros2_ws/object-detection-jai0307-notatallVishal/install/action_client/lib/libaction_client__rosidl_typesupport_introspection_cpp.so" to ""\n'}
[13.965187] (action_client) StdoutLine: {'line': b'-- Installing: /workspaces/isaac_ros-dev/ros2_ws/object-detection-jai0307-notatallVishal/install/action_client/lib/libaction_client__rosidl_typesupport_cpp.so\n'}
[13.965768] (action_client) StdoutLine: {'line': b'-- Set runtime path of "/workspaces/isaac_ros-dev/ros2_ws/object-detection-jai0307-notatallVishal/install/action_client/lib/libaction_client__rosidl_typesupport_cpp.so" to ""\n'}
[13.966156] (action_client) StdoutLine: {'line': b'-- Installing: /workspaces/isaac_ros-dev/ros2_ws/object-detection-jai0307-notatallVishal/install/action_client/share/action_client/environment/pythonpath.sh\n'}
[13.966384] (-) TimerEvent: {}
[13.966834] (action_client) StdoutLine: {'line': b'-- Installing: /workspaces/isaac_ros-dev/ros2_ws/object-detection-jai0307-notatallVishal/install/action_client/share/action_client/environment/pythonpath.dsv\n'}
[13.967653] (action_client) StdoutLine: {'line': b'-- Installing: /workspaces/isaac_ros-dev/ros2_ws/object-detection-jai0307-notatallVishal/install/action_client/local/lib/python3.10/dist-packages/action_client-0.0.0-py3.10.egg-info\n'}
[13.968022] (action_client) StdoutLine: {'line': b'-- Installing: /workspaces/isaac_ros-dev/ros2_ws/object-detection-jai0307-notatallVishal/install/action_client/local/lib/python3.10/dist-packages/action_client-0.0.0-py3.10.egg-info/dependency_links.txt\n'}
[13.968279] (action_client) StdoutLine: {'line': b'-- Installing: /workspaces/isaac_ros-dev/ros2_ws/object-detection-jai0307-notatallVishal/install/action_client/local/lib/python3.10/dist-packages/action_client-0.0.0-py3.10.egg-info/SOURCES.txt\n'}
[13.968512] (action_client) StdoutLine: {'line': b'-- Installing: /workspaces/isaac_ros-dev/ros2_ws/object-detection-jai0307-notatallVishal/install/action_client/local/lib/python3.10/dist-packages/action_client-0.0.0-py3.10.egg-info/PKG-INFO\n'}
[13.968763] (action_client) StdoutLine: {'line': b'-- Installing: /workspaces/isaac_ros-dev/ros2_ws/object-detection-jai0307-notatallVishal/install/action_client/local/lib/python3.10/dist-packages/action_client-0.0.0-py3.10.egg-info/top_level.txt\n'}
[13.969006] (action_client) StdoutLine: {'line': b'-- Installing: /workspaces/isaac_ros-dev/ros2_ws/object-detection-jai0307-notatallVishal/install/action_client/local/lib/python3.10/dist-packages/action_client\n'}
[13.969244] (action_client) StdoutLine: {'line': b'-- Installing: /workspaces/isaac_ros-dev/ros2_ws/object-detection-jai0307-notatallVishal/install/action_client/local/lib/python3.10/dist-packages/action_client/_action_client_s.ep.rosidl_typesupport_fastrtps_c.c\n'}
[13.969555] (action_client) StdoutLine: {'line': b'-- Installing: /workspaces/isaac_ros-dev/ros2_ws/object-detection-jai0307-notatallVishal/install/action_client/local/lib/python3.10/dist-packages/action_client/action_client_s__rosidl_typesupport_introspection_c.cpython-310-aarch64-linux-gnu.so\n'}
[13.969883] (action_client) StdoutLine: {'line': b'-- Installing: /workspaces/isaac_ros-dev/ros2_ws/object-detection-jai0307-notatallVishal/install/action_client/local/lib/python3.10/dist-packages/action_client/libaction_client__rosidl_generator_py.so\n'}
[13.970230] (action_client) StdoutLine: {'line': b'-- Installing: /workspaces/isaac_ros-dev/ros2_ws/object-detection-jai0307-notatallVishal/install/action_client/local/lib/python3.10/dist-packages/action_client/_action_client_s.ep.rosidl_typesupport_c.c\n'}
[13.970559] (action_client) StdoutLine: {'line': b'-- Installing: /workspaces/isaac_ros-dev/ros2_ws/object-detection-jai0307-notatallVishal/install/action_client/local/lib/python3.10/dist-packages/action_client/action\n'}
[13.970785] (action_client) StdoutLine: {'line': b'-- Installing: /workspaces/isaac_ros-dev/ros2_ws/object-detection-jai0307-notatallVishal/install/action_client/local/lib/python3.10/dist-packages/action_client/action/_track_object.py\n'}
[13.971069] (action_client) StdoutLine: {'line': b'-- Installing: /workspaces/isaac_ros-dev/ros2_ws/object-detection-jai0307-notatallVishal/install/action_client/local/lib/python3.10/dist-packages/action_client/action/__init__.py\n'}
[13.971431] (action_client) StdoutLine: {'line': b'-- Installing: /workspaces/isaac_ros-dev/ros2_ws/object-detection-jai0307-notatallVishal/install/action_client/local/lib/python3.10/dist-packages/action_client/action/_track_object_s.c\n'}
[13.971637] (action_client) StdoutLine: {'line': b'-- Installing: /workspaces/isaac_ros-dev/ros2_ws/object-detection-jai0307-notatallVishal/install/action_client/local/lib/python3.10/dist-packages/action_client/__init__.py\n'}
[13.971833] (action_client) StdoutLine: {'line': b'-- Installing: /workspaces/isaac_ros-dev/ros2_ws/object-detection-jai0307-notatallVishal/install/action_client/local/lib/python3.10/dist-packages/action_client/action_client_s__rosidl_typesupport_c.cpython-310-aarch64-linux-gnu.so\n'}
[13.972106] (action_client) StdoutLine: {'line': b'-- Installing: /workspaces/isaac_ros-dev/ros2_ws/object-detection-jai0307-notatallVishal/install/action_client/local/lib/python3.10/dist-packages/action_client/_action_client_s.ep.rosidl_typesupport_introspection_c.c\n'}
[13.972588] (action_client) StdoutLine: {'line': b'-- Installing: /workspaces/isaac_ros-dev/ros2_ws/object-detection-jai0307-notatallVishal/install/action_client/local/lib/python3.10/dist-packages/action_client/action_client_s__rosidl_typesupport_fastrtps_c.cpython-310-aarch64-linux-gnu.so\n'}
[14.066586] (-) TimerEvent: {}
[14.069010] (action_client) StdoutLine: {'line': b"Listing '/workspaces/isaac_ros-dev/ros2_ws/object-detection-jai0307-notatallVishal/install/action_client/local/lib/python3.10/dist-packages/action_client'...\n"}
[14.069430] (action_client) StdoutLine: {'line': b"Compiling '/workspaces/isaac_ros-dev/ros2_ws/object-detection-jai0307-notatallVishal/install/action_client/local/lib/python3.10/dist-packages/action_client/__init__.py'...\n"}
[14.069639] (action_client) StdoutLine: {'line': b"Listing '/workspaces/isaac_ros-dev/ros2_ws/object-detection-jai0307-notatallVishal/install/action_client/local/lib/python3.10/dist-packages/action_client/action'...\n"}
[14.069802] (action_client) StdoutLine: {'line': b"Compiling '/workspaces/isaac_ros-dev/ros2_ws/object-detection-jai0307-notatallVishal/install/action_client/local/lib/python3.10/dist-packages/action_client/action/__init__.py'...\n"}
[14.069987] (action_client) StdoutLine: {'line': b"Compiling '/workspaces/isaac_ros-dev/ros2_ws/object-detection-jai0307-notatallVishal/install/action_client/local/lib/python3.10/dist-packages/action_client/action/_track_object.py'...\n"}
[14.082493] (action_client) StdoutLine: {'line': b'-- Installing: /workspaces/isaac_ros-dev/ros2_ws/object-detection-jai0307-notatallVishal/install/action_client/local/lib/python3.10/dist-packages/action_client/action_client_s__rosidl_typesupport_fastrtps_c.cpython-310-aarch64-linux-gnu.so\n'}
[14.083098] (action_client) StdoutLine: {'line': b'-- Set runtime path of "/workspaces/isaac_ros-dev/ros2_ws/object-detection-jai0307-notatallVishal/install/action_client/local/lib/python3.10/dist-packages/action_client/action_client_s__rosidl_typesupport_fastrtps_c.cpython-310-aarch64-linux-gnu.so" to ""\n'}
[14.083579] (action_client) StdoutLine: {'line': b'-- Installing: /workspaces/isaac_ros-dev/ros2_ws/object-detection-jai0307-notatallVishal/install/action_client/local/lib/python3.10/dist-packages/action_client/action_client_s__rosidl_typesupport_introspection_c.cpython-310-aarch64-linux-gnu.so\n'}
[14.084141] (action_client) StdoutLine: {'line': b'-- Set runtime path of "/workspaces/isaac_ros-dev/ros2_ws/object-detection-jai0307-notatallVishal/install/action_client/local/lib/python3.10/dist-packages/action_client/action_client_s__rosidl_typesupport_introspection_c.cpython-310-aarch64-linux-gnu.so" to ""\n'}
[14.084533] (action_client) StdoutLine: {'line': b'-- Installing: /workspaces/isaac_ros-dev/ros2_ws/object-detection-jai0307-notatallVishal/install/action_client/local/lib/python3.10/dist-packages/action_client/action_client_s__rosidl_typesupport_c.cpython-310-aarch64-linux-gnu.so\n'}
[14.085165] (action_client) StdoutLine: {'line': b'-- Set runtime path of "/workspaces/isaac_ros-dev/ros2_ws/object-detection-jai0307-notatallVishal/install/action_client/local/lib/python3.10/dist-packages/action_client/action_client_s__rosidl_typesupport_c.cpython-310-aarch64-linux-gnu.so" to ""\n'}
[14.085360] (action_client) StdoutLine: {'line': b'-- Installing: /workspaces/isaac_ros-dev/ros2_ws/object-detection-jai0307-notatallVishal/install/action_client/lib/libaction_client__rosidl_generator_py.so\n'}
[14.086045] (action_client) StdoutLine: {'line': b'-- Set runtime path of "/workspaces/isaac_ros-dev/ros2_ws/object-detection-jai0307-notatallVishal/install/action_client/lib/libaction_client__rosidl_generator_py.so" to ""\n'}
[14.086306] (action_client) StdoutLine: {'line': b'-- Installing: /workspaces/isaac_ros-dev/ros2_ws/object-detection-jai0307-notatallVishal/install/action_client/share/action_client/action/TrackObject.idl\n'}
[14.086619] (action_client) StdoutLine: {'line': b'-- Installing: /workspaces/isaac_ros-dev/ros2_ws/object-detection-jai0307-notatallVishal/install/action_client/share/action_client/action/TrackObject.action\n'}
[14.086883] (action_client) StdoutLine: {'line': b'-- Installing: /workspaces/isaac_ros-dev/ros2_ws/object-detection-jai0307-notatallVishal/install/action_client/share/action_client//launch\n'}
[14.087062] (action_client) StdoutLine: {'line': b'-- Installing: /workspaces/isaac_ros-dev/ros2_ws/object-detection-jai0307-notatallVishal/install/action_client/share/action_client//launch/action_client.launch.py\n'}
[14.087478] (action_client) StdoutLine: {'line': b'-- Installing: /workspaces/isaac_ros-dev/ros2_ws/object-detection-jai0307-notatallVishal/install/action_client/share/ament_index/resource_index/package_run_dependencies/action_client\n'}
[14.087869] (action_client) StdoutLine: {'line': b'-- Installing: /workspaces/isaac_ros-dev/ros2_ws/object-detection-jai0307-notatallVishal/install/action_client/share/ament_index/resource_index/parent_prefix_path/action_client\n'}
[14.088217] (action_client) StdoutLine: {'line': b'-- Installing: /workspaces/isaac_ros-dev/ros2_ws/object-detection-jai0307-notatallVishal/install/action_client/share/action_client/environment/ament_prefix_path.sh\n'}
[14.088542] (action_client) StdoutLine: {'line': b'-- Installing: /workspaces/isaac_ros-dev/ros2_ws/object-detection-jai0307-notatallVishal/install/action_client/share/action_client/environment/ament_prefix_path.dsv\n'}
[14.088849] (action_client) StdoutLine: {'line': b'-- Installing: /workspaces/isaac_ros-dev/ros2_ws/object-detection-jai0307-notatallVishal/install/action_client/share/action_client/environment/path.sh\n'}
[14.089154] (action_client) StdoutLine: {'line': b'-- Installing: /workspaces/isaac_ros-dev/ros2_ws/object-detection-jai0307-notatallVishal/install/action_client/share/action_client/environment/path.dsv\n'}
[14.089445] (action_client) StdoutLine: {'line': b'-- Installing: /workspaces/isaac_ros-dev/ros2_ws/object-detection-jai0307-notatallVishal/install/action_client/share/action_client/local_setup.bash\n'}
[14.089738] (action_client) StdoutLine: {'line': b'-- Installing: /workspaces/isaac_ros-dev/ros2_ws/object-detection-jai0307-notatallVishal/install/action_client/share/action_client/local_setup.sh\n'}
[14.090073] (action_client) StdoutLine: {'line': b'-- Installing: /workspaces/isaac_ros-dev/ros2_ws/object-detection-jai0307-notatallVishal/install/action_client/share/action_client/local_setup.zsh\n'}
[14.090375] (action_client) StdoutLine: {'line': b'-- Installing: /workspaces/isaac_ros-dev/ros2_ws/object-detection-jai0307-notatallVishal/install/action_client/share/action_client/local_setup.dsv\n'}
[14.090662] (action_client) StdoutLine: {'line': b'-- Installing: /workspaces/isaac_ros-dev/ros2_ws/object-detection-jai0307-notatallVishal/install/action_client/share/action_client/package.dsv\n'}
[14.091044] (action_client) StdoutLine: {'line': b'-- Installing: /workspaces/isaac_ros-dev/ros2_ws/object-detection-jai0307-notatallVishal/install/action_client/share/ament_index/resource_index/packages/action_client\n'}
[14.091456] (action_client) StdoutLine: {'line': b'-- Installing: /workspaces/isaac_ros-dev/ros2_ws/object-detection-jai0307-notatallVishal/install/action_client/share/action_client/cmake/export_action_client__rosidl_generator_cExport.cmake\n'}
[14.091776] (action_client) StdoutLine: {'line': b'-- Installing: /workspaces/isaac_ros-dev/ros2_ws/object-detection-jai0307-notatallVishal/install/action_client/share/action_client/cmake/export_action_client__rosidl_generator_cExport-noconfig.cmake\n'}
[14.092124] (action_client) StdoutLine: {'line': b'-- Installing: /workspaces/isaac_ros-dev/ros2_ws/object-detection-jai0307-notatallVishal/install/action_client/share/action_client/cmake/export_action_client__rosidl_typesupport_fastrtps_cExport.cmake\n'}
[14.092447] (action_client) StdoutLine: {'line': b'-- Installing: /workspaces/isaac_ros-dev/ros2_ws/object-detection-jai0307-notatallVishal/install/action_client/share/action_client/cmake/export_action_client__rosidl_typesupport_fastrtps_cExport-noconfig.cmake\n'}
[14.092787] (action_client) StdoutLine: {'line': b'-- Installing: /workspaces/isaac_ros-dev/ros2_ws/object-detection-jai0307-notatallVishal/install/action_client/share/action_client/cmake/export_action_client__rosidl_generator_cppExport.cmake\n'}
[14.093152] (action_client) StdoutLine: {'line': b'-- Installing: /workspaces/isaac_ros-dev/ros2_ws/object-detection-jai0307-notatallVishal/install/action_client/share/action_client/cmake/export_action_client__rosidl_typesupport_fastrtps_cppExport.cmake\n'}
[14.093474] (action_client) StdoutLine: {'line': b'-- Installing: /workspaces/isaac_ros-dev/ros2_ws/object-detection-jai0307-notatallVishal/install/action_client/share/action_client/cmake/export_action_client__rosidl_typesupport_fastrtps_cppExport-noconfig.cmake\n'}
[14.093805] (action_client) StdoutLine: {'line': b'-- Installing: /workspaces/isaac_ros-dev/ros2_ws/object-detection-jai0307-notatallVishal/install/action_client/share/action_client/cmake/action_client__rosidl_typesupport_introspection_cExport.cmake\n'}
[14.094175] (action_client) StdoutLine: {'line': b'-- Installing: /workspaces/isaac_ros-dev/ros2_ws/object-detection-jai0307-notatallVishal/install/action_client/share/action_client/cmake/action_client__rosidl_typesupport_introspection_cExport-noconfig.cmake\n'}
[14.094577] (action_client) StdoutLine: {'line': b'-- Installing: /workspaces/isaac_ros-dev/ros2_ws/object-detection-jai0307-notatallVishal/install/action_client/share/action_client/cmake/action_client__rosidl_typesupport_cExport.cmake\n'}
[14.094865] (action_client) StdoutLine: {'line': b'-- Installing: /workspaces/isaac_ros-dev/ros2_ws/object-detection-jai0307-notatallVishal/install/action_client/share/action_client/cmake/action_client__rosidl_typesupport_cExport-noconfig.cmake\n'}
[14.095208] (action_client) StdoutLine: {'line': b'-- Installing: /workspaces/isaac_ros-dev/ros2_ws/object-detection-jai0307-notatallVishal/install/action_client/share/action_client/cmake/action_client__rosidl_typesupport_introspection_cppExport.cmake\n'}
[14.095534] (action_client) StdoutLine: {'line': b'-- Installing: /workspaces/isaac_ros-dev/ros2_ws/object-detection-jai0307-notatallVishal/install/action_client/share/action_client/cmake/action_client__rosidl_typesupport_introspection_cppExport-noconfig.cmake\n'}
[14.095866] (action_client) StdoutLine: {'line': b'-- Installing: /workspaces/isaac_ros-dev/ros2_ws/object-detection-jai0307-notatallVishal/install/action_client/share/action_client/cmake/action_client__rosidl_typesupport_cppExport.cmake\n'}
[14.096249] (action_client) StdoutLine: {'line': b'-- Installing: /workspaces/isaac_ros-dev/ros2_ws/object-detection-jai0307-notatallVishal/install/action_client/share/action_client/cmake/action_client__rosidl_typesupport_cppExport-noconfig.cmake\n'}
[14.096564] (action_client) StdoutLine: {'line': b'-- Installing: /workspaces/isaac_ros-dev/ros2_ws/object-detection-jai0307-notatallVishal/install/action_client/share/action_client/cmake/export_action_client__rosidl_generator_pyExport.cmake\n'}
[14.096873] (action_client) StdoutLine: {'line': b'-- Installing: /workspaces/isaac_ros-dev/ros2_ws/object-detection-jai0307-notatallVishal/install/action_client/share/action_client/cmake/export_action_client__rosidl_generator_pyExport-noconfig.cmake\n'}
[14.097185] (action_client) StdoutLine: {'line': b'-- Installing: /workspaces/isaac_ros-dev/ros2_ws/object-detection-jai0307-notatallVishal/install/action_client/share/action_client/cmake/rosidl_cmake-extras.cmake\n'}
[14.097485] (action_client) StdoutLine: {'line': b'-- Installing: /workspaces/isaac_ros-dev/ros2_ws/object-detection-jai0307-notatallVishal/install/action_client/share/action_client/cmake/ament_cmake_export_dependencies-extras.cmake\n'}
[14.097818] (action_client) StdoutLine: {'line': b'-- Installing: /workspaces/isaac_ros-dev/ros2_ws/object-detection-jai0307-notatallVishal/install/action_client/share/action_client/cmake/ament_cmake_export_include_directories-extras.cmake\n'}
[14.098178] (action_client) StdoutLine: {'line': b'-- Installing: /workspaces/isaac_ros-dev/ros2_ws/object-detection-jai0307-notatallVishal/install/action_client/share/action_client/cmake/ament_cmake_export_libraries-extras.cmake\n'}
[14.098521] (action_client) StdoutLine: {'line': b'-- Installing: /workspaces/isaac_ros-dev/ros2_ws/object-detection-jai0307-notatallVishal/install/action_client/share/action_client/cmake/ament_cmake_export_targets-extras.cmake\n'}
[14.098831] (action_client) StdoutLine: {'line': b'-- Installing: /workspaces/isaac_ros-dev/ros2_ws/object-detection-jai0307-notatallVishal/install/action_client/share/action_client/cmake/rosidl_cmake_export_typesupport_targets-extras.cmake\n'}
[14.099098] (action_client) StdoutLine: {'line': b'-- Installing: /workspaces/isaac_ros-dev/ros2_ws/object-detection-jai0307-notatallVishal/install/action_client/share/action_client/cmake/rosidl_cmake_export_typesupport_libraries-extras.cmake\n'}
[14.099421] (action_client) StdoutLine: {'line': b'-- Installing: /workspaces/isaac_ros-dev/ros2_ws/object-detection-jai0307-notatallVishal/install/action_client/share/action_client/cmake/action_clientConfig.cmake\n'}
[14.099659] (action_client) StdoutLine: {'line': b'-- Installing: /workspaces/isaac_ros-dev/ros2_ws/object-detection-jai0307-notatallVishal/install/action_client/share/action_client/cmake/action_clientConfig-version.cmake\n'}
[14.099933] (action_client) StdoutLine: {'line': b'-- Installing: /workspaces/isaac_ros-dev/ros2_ws/object-detection-jai0307-notatallVishal/install/action_client/share/action_client/package.xml\n'}
[14.106044] (action_client) CommandEnded: {'returncode': 0}
[14.166818] (-) TimerEvent: {}
[14.170805] (action_client) JobEnded: {'identifier': 'action_client', 'rc': 0}
[14.172849] (-) EventReactorShutdown: {}
