[0.000000] (-) TimerEvent: {}
[0.000747] (-) JobUnselected: {'identifier': 'action_client'}
[0.001340] (-) JobUnselected: {'identifier': 'action_server'}
[0.001661] (input) JobQueued: {'identifier': 'input', 'dependencies': OrderedDict()}
[0.001988] (input) JobStarted: {'identifier': 'input'}
[0.023004] (input) JobProgress: {'identifier': 'input', 'progress': 'cmake'}
[0.024101] (input) Command: {'cmd': ['/usr/bin/cmake', '/workspaces/isaac_ros-dev/ros2_ws/object-detection-jai0307-notatallVishal/input', '-DCMAKE_INSTALL_PREFIX=/workspaces/isaac_ros-dev/ros2_ws/object-detection-jai0307-notatallVishal/install/input'], 'cwd': '/workspaces/isaac_ros-dev/ros2_ws/object-detection-jai0307-notatallVishal/build/input', 'env': OrderedDict([('LIBRARY_PATH', '/usr/local/cuda/lib64/stubs'), ('PYTHONWARNINGS', 'ignore:::setuptools.command.install,ignore:::setuptools.command.easy_install,ignore:::pkg_resources,ignore:::setuptools.command.develop'), ('NV_LIBCUBLAS_VERSION', '12.6.1.4-1'), ('USER', 'autorobo'), ('NV_CUDA_NSIGHT_COMPUTE_VERSION', '12.6.11-1'), ('HOSTNAME', 'autorobo-desktop'), ('SHLVL', '1'), ('LD_LIBRARY_PATH', '/workspaces/isaac_ros-dev/ros2_ws/install/action_client/lib:/workspaces/isaac_ros-dev/ros2_ws/object-detection-jai0307-notatallVishal/install/action_client/lib:/opt/ros/humble/opt/rviz_ogre_vendor/lib:/opt/ros/humble/lib/aarch64-linux-gnu:/opt/ros/humble/lib:/usr/lib/aarch64-linux-gnu/tegra/weston:/usr/lib/aarch64-linux-gnu/tegra-egl:/usr/local/cuda-12.6/targets/aarch64-linux/lib:/usr/lib/aarch64-linux-gnu/tegra:/opt/nvidia/vpi3/lib64:/usr/local/libcudss-linux-0.3.0.9_cuda12-archive/lib:/usr/local/nvidia/lib:/usr/local/nvidia/lib64:/usr/lib/aarch64-linux-gnu-host:/opt/tritonserver/lib'), ('HOME', '/home/admin'), ('OLDPWD', '/workspaces/isaac_ros-dev/ros2_ws'), ('HOST_USER_GID', '1001'), ('NV_LIBCUBLAS_DEV_VERSION', '12.6.1.4-1'), ('ROS_PYTHON_VERSION', '3'), ('NV_LIBNPP_PACKAGE', 'libnpp-12-6=12.3.1.54-1'), ('CUDA_VERSION', '12.6.11'), ('COLCON_PREFIX_PATH', '/workspaces/isaac_ros-dev/ros2_ws/object-detection-jai0307-notatallVishal/install:/workspaces/isaac_ros-dev/ros2_ws/install'), ('ROS_DISTRO', 'humble'), ('NV_LIBCUBLAS_PACKAGE_NAME', 'libcublas-12-6'), ('NVIDIA_REQUIRE_CUDA', 'cuda>=12.6'), ('_', '/usr/bin/colcon'), ('ROS_VERSION', '2'), ('NV_LIBCUSPARSE_VERSION', '12.5.3.3-1'), ('NVIDIA_DRIVER_CAPABILITIES', 'all'), ('NV_CUDA_LIB_VERSION', '12.6.11-1'), ('NV_NVML_DEV_VERSION', '12.6.68-1'), ('USERNAME', 'admin'), ('NV_LIBNPP_DEV_PACKAGE', 'libnpp-dev-12-6=12.3.1.54-1'), ('TERM', 'xterm'), ('ISAAC_ROS_WS', '/workspaces/isaac_ros-dev'), ('NV_CUDA_CUDART_VERSION', '12.6.68-1'), ('ROS_LOCALHOST_ONLY', '0'), ('PATH', '/opt/ros/humble/bin:/opt/ros/humble/vcstool/scripts:/usr/local/nvidia/bin:/usr/local/cuda/bin:/usr/src/tensorrt/bin:/usr/local/nvidia/bin:/usr/local/cuda/bin:/usr/local/sbin:/usr/local/bin:/usr/sbin:/usr/bin:/sbin:/bin'), ('NV_LIBCUBLAS_DEV_PACKAGE_NAME', 'libcublas-dev-12-6'), ('NV_LIBCUBLAS_PACKAGE', 'libcublas-12-6=12.6.1.4-1'), ('HOST_USER_UID', '1000'), ('NVARCH', 'arm64'), ('CUDSS_DIR', '/usr/local/libcudss-linux-0.3.0.9_cuda12-archive'), ('NV_LIBCUSPARSE_DEV_VERSION', '12.5.3.3-1'), ('DISPLAY', ':1'), ('NVIDIA_PRODUCT_NAME', 'CUDA'), ('LANG', 'en_US.UTF-8'), ('RMW_IMPLEMENTATION', 'rmw_fastrtps_cpp'), ('NV_CUDA_CUDART_DEV_VERSION', '12.6.68-1'), ('ROS_ROOT', '/opt/ros/humble'), ('SSH_AUTH_SOCK', '/ssh-agent'), ('AMENT_PREFIX_PATH', '/workspaces/isaac_ros-dev/ros2_ws/object-detection-jai0307-notatallVishal/install/action_server:/workspaces/isaac_ros-dev/ros2_ws/install/input:/workspaces/isaac_ros-dev/ros2_ws/install/action_server:/workspaces/isaac_ros-dev/ros2_ws/install/action_client:/workspaces/isaac_ros-dev/ros2_ws/object-detection-jai0307-notatallVishal/install/input:/workspaces/isaac_ros-dev/ros2_ws/object-detection-jai0307-notatallVishal/install/action_client:/opt/ros/humble'), ('DEBIAN_FRONTEND', 'noninteractive'), ('SHELL', '/bin/bash'), ('TRT_INCLUDE_PATH', '/usr/include/aarch64-linux-gnu'), ('NV_LIBCUBLAS_DEV_PACKAGE', 'libcublas-dev-12-6=12.6.1.4-1'), ('NV_CUDA_NSIGHT_COMPUTE_DEV_PACKAGE', 'cuda-nsight-compute-12-6=12.6.11-1'), ('NVIDIA_REQUIRE_JETPACK_HOST_MOUNTS', 'base-only'), ('NV_NVTX_VERSION', '12.6.68-1'), ('NV_LIBNPP_VERSION', '12.3.1.54-1'), ('PWD', '/workspaces/isaac_ros-dev/ros2_ws/object-detection-jai0307-notatallVishal/build/input'), ('PYTHONPATH', '/workspaces/isaac_ros-dev/ros2_ws/install/action_client/local/lib/python3.10/dist-packages:/workspaces/isaac_ros-dev/ros2_ws/object-detection-jai0307-notatallVishal/install/action_client/local/lib/python3.10/dist-packages:/opt/ros/humble/lib/python3.10/site-packages:/opt/ros/humble/local/lib/python3.10/dist-packages:/opt/ros/humble/vcstool:'), ('NVIDIA_VISIBLE_DEVICES', 'nvidia.com/gpu=all,nvidia.com/pva=all'), ('COLCON', '1'), ('NV_LIBNPP_DEV_VERSION', '12.3.1.54-1'), ('CMAKE_PREFIX_PATH', '/workspaces/isaac_ros-dev/ros2_ws/object-detection-jai0307-notatallVishal/install/action_server:/workspaces/isaac_ros-dev/ros2_ws/install/input:/workspaces/isaac_ros-dev/ros2_ws/install/action_server:/workspaces/isaac_ros-dev/ros2_ws/install/action_client:/workspaces/isaac_ros-dev/ros2_ws/object-detection-jai0307-notatallVishal/install/input:/workspaces/isaac_ros-dev/ros2_ws/object-detection-jai0307-notatallVishal/install/action_client:/usr/local/libcudss-linux-0.3.0.9_cuda12-archive::/opt/ros/humble'), ('TRT_LIB_PATH', '/usr/lib/aarch64-linux-gnu')]), 'shell': False}
[0.099250] (-) TimerEvent: {}
[0.199832] (-) TimerEvent: {}
[0.208723] (input) StdoutLine: {'line': b'-- The C compiler identification is GNU 11.4.0\n'}
[0.299998] (-) TimerEvent: {}
[0.341019] (input) StdoutLine: {'line': b'-- The CXX compiler identification is GNU 11.4.0\n'}
[0.365662] (input) StdoutLine: {'line': b'-- Detecting C compiler ABI info\n'}
[0.400141] (-) TimerEvent: {}
[0.500758] (-) TimerEvent: {}
[0.537670] (input) StdoutLine: {'line': b'-- Detecting C compiler ABI info - done\n'}
[0.559650] (input) StdoutLine: {'line': b'-- Check for working C compiler: /usr/bin/cc - skipped\n'}
[0.561110] (input) StdoutLine: {'line': b'-- Detecting C compile features\n'}
[0.562795] (input) StdoutLine: {'line': b'-- Detecting C compile features - done\n'}
[0.574269] (input) StdoutLine: {'line': b'-- Detecting CXX compiler ABI info\n'}
[0.600890] (-) TimerEvent: {}
[0.701488] (-) TimerEvent: {}
[0.758794] (input) StdoutLine: {'line': b'-- Detecting CXX compiler ABI info - done\n'}
[0.782793] (input) StdoutLine: {'line': b'-- Check for working CXX compiler: /usr/bin/c++ - skipped\n'}
[0.783574] (input) StdoutLine: {'line': b'-- Detecting CXX compile features\n'}
[0.785187] (input) StdoutLine: {'line': b'-- Detecting CXX compile features - done\n'}
[0.801557] (-) TimerEvent: {}
[0.804472] (input) StdoutLine: {'line': b'-- Found ament_cmake: 1.3.11 (/opt/ros/humble/share/ament_cmake/cmake)\n'}
[0.901734] (-) TimerEvent: {}
[1.002327] (-) TimerEvent: {}
[1.103026] (-) TimerEvent: {}
[1.203801] (-) TimerEvent: {}
[1.304405] (-) TimerEvent: {}
[1.404998] (-) TimerEvent: {}
[1.505584] (-) TimerEvent: {}
[1.606185] (-) TimerEvent: {}
[1.706754] (-) TimerEvent: {}
[1.807422] (-) TimerEvent: {}
[1.908091] (-) TimerEvent: {}
[2.008697] (-) TimerEvent: {}
[2.109288] (-) TimerEvent: {}
[2.209886] (-) TimerEvent: {}
[2.310466] (-) TimerEvent: {}
[2.411044] (-) TimerEvent: {}
[2.511666] (-) TimerEvent: {}
[2.612334] (-) TimerEvent: {}
[2.643797] (input) StdoutLine: {'line': b'-- Found Python3: /usr/bin/python3 (found version "3.10.12") found components: Interpreter \n'}
[2.712480] (-) TimerEvent: {}
[2.813141] (-) TimerEvent: {}
[2.913959] (-) TimerEvent: {}
[2.956875] (input) StdoutLine: {'line': b'-- Found rclcpp: 16.0.12 (/opt/ros/humble/share/rclcpp/cmake)\n'}
[3.014075] (-) TimerEvent: {}
[3.101859] (input) StdoutLine: {'line': b'-- Found rosidl_generator_c: 3.1.6 (/opt/ros/humble/share/rosidl_generator_c/cmake)\n'}
[3.114181] (-) TimerEvent: {}
[3.121408] (input) StdoutLine: {'line': b'-- Found rosidl_adapter: 3.1.6 (/opt/ros/humble/share/rosidl_adapter/cmake)\n'}
[3.153596] (input) StdoutLine: {'line': b'-- Found rosidl_generator_cpp: 3.1.6 (/opt/ros/humble/share/rosidl_generator_cpp/cmake)\n'}
[3.193930] (input) StdoutLine: {'line': b'-- Using all available rosidl_typesupport_c: rosidl_typesupport_fastrtps_c;rosidl_typesupport_introspection_c\n'}
[3.214297] (-) TimerEvent: {}
[3.246282] (input) StdoutLine: {'line': b'-- Using all available rosidl_typesupport_cpp: rosidl_typesupport_fastrtps_cpp;rosidl_typesupport_introspection_cpp\n'}
[3.314454] (-) TimerEvent: {}
[3.390195] (input) StdoutLine: {'line': b'-- Found rmw_implementation_cmake: 6.1.2 (/opt/ros/humble/share/rmw_implementation_cmake/cmake)\n'}
[3.401029] (input) StdoutLine: {'line': b'-- Found rmw_fastrtps_cpp: 6.2.7 (/opt/ros/humble/share/rmw_fastrtps_cpp/cmake)\n'}
[3.414533] (-) TimerEvent: {}
[3.515065] (-) TimerEvent: {}
[3.615792] (-) TimerEvent: {}
[3.667807] (input) StdoutLine: {'line': b'-- Found OpenSSL: /usr/lib/aarch64-linux-gnu/libcrypto.so (found version "3.0.2")  \n'}
[3.715952] (-) TimerEvent: {}
[3.755613] (input) StdoutLine: {'line': b'-- Found FastRTPS: /opt/ros/humble/include  \n'}
[3.816118] (-) TimerEvent: {}
[3.883035] (input) StdoutLine: {'line': b"-- Using RMW implementation 'rmw_fastrtps_cpp' as default\n"}
[3.916266] (-) TimerEvent: {}
[3.921474] (input) StdoutLine: {'line': b'-- Looking for pthread.h\n'}
[4.016458] (-) TimerEvent: {}
[4.092355] (input) StdoutLine: {'line': b'-- Looking for pthread.h - found\n'}
[4.093673] (input) StdoutLine: {'line': b'-- Performing Test CMAKE_HAVE_LIBC_PTHREAD\n'}
[4.116626] (-) TimerEvent: {}
[4.217301] (-) TimerEvent: {}
[4.271523] (input) StdoutLine: {'line': b'-- Performing Test CMAKE_HAVE_LIBC_PTHREAD - Success\n'}
[4.274342] (input) StdoutLine: {'line': b'-- Found Threads: TRUE  \n'}
[4.317447] (-) TimerEvent: {}
[4.418090] (-) TimerEvent: {}
[4.453307] (input) StdoutLine: {'line': b'-- Found ament_lint_auto: 0.12.12 (/opt/ros/humble/share/ament_lint_auto/cmake)\n'}
[4.518238] (-) TimerEvent: {}
[4.618841] (-) TimerEvent: {}
[4.691573] (input) StdoutLine: {'line': b"-- Added test 'cppcheck' to perform static code analysis on C / C++ code\n"}
[4.692115] (input) StdoutLine: {'line': b'-- Configured cppcheck include dirs: \n'}
[4.692304] (input) StdoutLine: {'line': b'-- Configured cppcheck exclude dirs and/or files: \n'}
[4.693277] (input) StdoutLine: {'line': b"-- Added test 'flake8' to check Python code syntax and style conventions\n"}
[4.694922] (input) StdoutLine: {'line': b"-- Added test 'lint_cmake' to check CMake code style\n"}
[4.696510] (input) StdoutLine: {'line': b"-- Added test 'pep257' to check Python code against some of the docstring style conventions in PEP 257\n"}
[4.698413] (input) StdoutLine: {'line': b"-- Added test 'uncrustify' to check C / C++ code style\n"}
[4.698602] (input) StdoutLine: {'line': b'-- Configured uncrustify additional arguments: \n'}
[4.700183] (input) StdoutLine: {'line': b"-- Added test 'xmllint' to check XML markup files\n"}
[4.704473] (input) StdoutLine: {'line': b'-- Configuring done\n'}
[4.718964] (-) TimerEvent: {}
[4.728051] (input) StdoutLine: {'line': b'-- Generating done\n'}
[4.736031] (input) StdoutLine: {'line': b'-- Build files have been written to: /workspaces/isaac_ros-dev/ros2_ws/object-detection-jai0307-notatallVishal/build/input\n'}
[4.758732] (input) CommandEnded: {'returncode': 0}
[4.760858] (input) JobProgress: {'identifier': 'input', 'progress': 'build'}
[4.763187] (input) Command: {'cmd': ['/usr/bin/cmake', '--build', '/workspaces/isaac_ros-dev/ros2_ws/object-detection-jai0307-notatallVishal/build/input', '--', '-j6', '-l6'], 'cwd': '/workspaces/isaac_ros-dev/ros2_ws/object-detection-jai0307-notatallVishal/build/input', 'env': OrderedDict([('LIBRARY_PATH', '/usr/local/cuda/lib64/stubs'), ('PYTHONWARNINGS', 'ignore:::setuptools.command.install,ignore:::setuptools.command.easy_install,ignore:::pkg_resources,ignore:::setuptools.command.develop'), ('NV_LIBCUBLAS_VERSION', '12.6.1.4-1'), ('USER', 'autorobo'), ('NV_CUDA_NSIGHT_COMPUTE_VERSION', '12.6.11-1'), ('HOSTNAME', 'autorobo-desktop'), ('SHLVL', '1'), ('LD_LIBRARY_PATH', '/workspaces/isaac_ros-dev/ros2_ws/install/action_client/lib:/workspaces/isaac_ros-dev/ros2_ws/object-detection-jai0307-notatallVishal/install/action_client/lib:/opt/ros/humble/opt/rviz_ogre_vendor/lib:/opt/ros/humble/lib/aarch64-linux-gnu:/opt/ros/humble/lib:/usr/lib/aarch64-linux-gnu/tegra/weston:/usr/lib/aarch64-linux-gnu/tegra-egl:/usr/local/cuda-12.6/targets/aarch64-linux/lib:/usr/lib/aarch64-linux-gnu/tegra:/opt/nvidia/vpi3/lib64:/usr/local/libcudss-linux-0.3.0.9_cuda12-archive/lib:/usr/local/nvidia/lib:/usr/local/nvidia/lib64:/usr/lib/aarch64-linux-gnu-host:/opt/tritonserver/lib'), ('HOME', '/home/admin'), ('OLDPWD', '/workspaces/isaac_ros-dev/ros2_ws'), ('HOST_USER_GID', '1001'), ('NV_LIBCUBLAS_DEV_VERSION', '12.6.1.4-1'), ('ROS_PYTHON_VERSION', '3'), ('NV_LIBNPP_PACKAGE', 'libnpp-12-6=12.3.1.54-1'), ('CUDA_VERSION', '12.6.11'), ('COLCON_PREFIX_PATH', '/workspaces/isaac_ros-dev/ros2_ws/object-detection-jai0307-notatallVishal/install:/workspaces/isaac_ros-dev/ros2_ws/install'), ('ROS_DISTRO', 'humble'), ('NV_LIBCUBLAS_PACKAGE_NAME', 'libcublas-12-6'), ('NVIDIA_REQUIRE_CUDA', 'cuda>=12.6'), ('_', '/usr/bin/colcon'), ('ROS_VERSION', '2'), ('NV_LIBCUSPARSE_VERSION', '12.5.3.3-1'), ('NVIDIA_DRIVER_CAPABILITIES', 'all'), ('NV_CUDA_LIB_VERSION', '12.6.11-1'), ('NV_NVML_DEV_VERSION', '12.6.68-1'), ('USERNAME', 'admin'), ('NV_LIBNPP_DEV_PACKAGE', 'libnpp-dev-12-6=12.3.1.54-1'), ('TERM', 'xterm'), ('ISAAC_ROS_WS', '/workspaces/isaac_ros-dev'), ('NV_CUDA_CUDART_VERSION', '12.6.68-1'), ('ROS_LOCALHOST_ONLY', '0'), ('PATH', '/opt/ros/humble/bin:/opt/ros/humble/vcstool/scripts:/usr/local/nvidia/bin:/usr/local/cuda/bin:/usr/src/tensorrt/bin:/usr/local/nvidia/bin:/usr/local/cuda/bin:/usr/local/sbin:/usr/local/bin:/usr/sbin:/usr/bin:/sbin:/bin'), ('NV_LIBCUBLAS_DEV_PACKAGE_NAME', 'libcublas-dev-12-6'), ('NV_LIBCUBLAS_PACKAGE', 'libcublas-12-6=12.6.1.4-1'), ('HOST_USER_UID', '1000'), ('NVARCH', 'arm64'), ('CUDSS_DIR', '/usr/local/libcudss-linux-0.3.0.9_cuda12-archive'), ('NV_LIBCUSPARSE_DEV_VERSION', '12.5.3.3-1'), ('DISPLAY', ':1'), ('NVIDIA_PRODUCT_NAME', 'CUDA'), ('LANG', 'en_US.UTF-8'), ('RMW_IMPLEMENTATION', 'rmw_fastrtps_cpp'), ('NV_CUDA_CUDART_DEV_VERSION', '12.6.68-1'), ('ROS_ROOT', '/opt/ros/humble'), ('SSH_AUTH_SOCK', '/ssh-agent'), ('AMENT_PREFIX_PATH', '/workspaces/isaac_ros-dev/ros2_ws/object-detection-jai0307-notatallVishal/install/action_server:/workspaces/isaac_ros-dev/ros2_ws/install/input:/workspaces/isaac_ros-dev/ros2_ws/install/action_server:/workspaces/isaac_ros-dev/ros2_ws/install/action_client:/workspaces/isaac_ros-dev/ros2_ws/object-detection-jai0307-notatallVishal/install/input:/workspaces/isaac_ros-dev/ros2_ws/object-detection-jai0307-notatallVishal/install/action_client:/opt/ros/humble'), ('DEBIAN_FRONTEND', 'noninteractive'), ('SHELL', '/bin/bash'), ('TRT_INCLUDE_PATH', '/usr/include/aarch64-linux-gnu'), ('NV_LIBCUBLAS_DEV_PACKAGE', 'libcublas-dev-12-6=12.6.1.4-1'), ('NV_CUDA_NSIGHT_COMPUTE_DEV_PACKAGE', 'cuda-nsight-compute-12-6=12.6.11-1'), ('NVIDIA_REQUIRE_JETPACK_HOST_MOUNTS', 'base-only'), ('NV_NVTX_VERSION', '12.6.68-1'), ('NV_LIBNPP_VERSION', '12.3.1.54-1'), ('PWD', '/workspaces/isaac_ros-dev/ros2_ws/object-detection-jai0307-notatallVishal/build/input'), ('PYTHONPATH', '/workspaces/isaac_ros-dev/ros2_ws/install/action_client/local/lib/python3.10/dist-packages:/workspaces/isaac_ros-dev/ros2_ws/object-detection-jai0307-notatallVishal/install/action_client/local/lib/python3.10/dist-packages:/opt/ros/humble/lib/python3.10/site-packages:/opt/ros/humble/local/lib/python3.10/dist-packages:/opt/ros/humble/vcstool:'), ('NVIDIA_VISIBLE_DEVICES', 'nvidia.com/gpu=all,nvidia.com/pva=all'), ('COLCON', '1'), ('NV_LIBNPP_DEV_VERSION', '12.3.1.54-1'), ('CMAKE_PREFIX_PATH', '/workspaces/isaac_ros-dev/ros2_ws/object-detection-jai0307-notatallVishal/install/action_server:/workspaces/isaac_ros-dev/ros2_ws/install/input:/workspaces/isaac_ros-dev/ros2_ws/install/action_server:/workspaces/isaac_ros-dev/ros2_ws/install/action_client:/workspaces/isaac_ros-dev/ros2_ws/object-detection-jai0307-notatallVishal/install/input:/workspaces/isaac_ros-dev/ros2_ws/object-detection-jai0307-notatallVishal/install/action_client:/usr/local/libcudss-linux-0.3.0.9_cuda12-archive::/opt/ros/humble'), ('TRT_LIB_PATH', '/usr/lib/aarch64-linux-gnu')]), 'shell': False}
[4.819097] (-) TimerEvent: {}
[4.885006] (input) StdoutLine: {'line': b'[ 50%] \x1b[32mBuilding CXX object CMakeFiles/input_node.dir/src/input.cpp.o\x1b[0m\n'}
[4.919483] (-) TimerEvent: {}
[5.020104] (-) TimerEvent: {}
[5.120775] (-) TimerEvent: {}
[5.221450] (-) TimerEvent: {}
[5.322127] (-) TimerEvent: {}
[5.422816] (-) TimerEvent: {}
[5.523522] (-) TimerEvent: {}
[5.624201] (-) TimerEvent: {}
[5.724894] (-) TimerEvent: {}
[5.825589] (-) TimerEvent: {}
[5.926281] (-) TimerEvent: {}
[6.027062] (-) TimerEvent: {}
[6.127803] (-) TimerEvent: {}
[6.228546] (-) TimerEvent: {}
[6.329274] (-) TimerEvent: {}
[6.430085] (-) TimerEvent: {}
[6.530925] (-) TimerEvent: {}
[6.631792] (-) TimerEvent: {}
[6.732614] (-) TimerEvent: {}
[6.833412] (-) TimerEvent: {}
[6.934121] (-) TimerEvent: {}
[7.034933] (-) TimerEvent: {}
[7.135779] (-) TimerEvent: {}
[7.236619] (-) TimerEvent: {}
[7.337435] (-) TimerEvent: {}
[7.438237] (-) TimerEvent: {}
[7.538968] (-) TimerEvent: {}
[7.639837] (-) TimerEvent: {}
[7.740556] (-) TimerEvent: {}
[7.841398] (-) TimerEvent: {}
[7.942261] (-) TimerEvent: {}
[8.042966] (-) TimerEvent: {}
[8.143833] (-) TimerEvent: {}
[8.244646] (-) TimerEvent: {}
[8.345351] (-) TimerEvent: {}
[8.446183] (-) TimerEvent: {}
[8.546969] (-) TimerEvent: {}
[8.647690] (-) TimerEvent: {}
[8.748492] (-) TimerEvent: {}
[8.849276] (-) TimerEvent: {}
[8.949984] (-) TimerEvent: {}
[9.050814] (-) TimerEvent: {}
[9.151671] (-) TimerEvent: {}
[9.252506] (-) TimerEvent: {}
[9.353296] (-) TimerEvent: {}
[9.454094] (-) TimerEvent: {}
[9.554922] (-) TimerEvent: {}
[9.655786] (-) TimerEvent: {}
[9.756614] (-) TimerEvent: {}
[9.857453] (-) TimerEvent: {}
[9.958275] (-) TimerEvent: {}
[10.059105] (-) TimerEvent: {}
[10.159969] (-) TimerEvent: {}
[10.260781] (-) TimerEvent: {}
[10.361603] (-) TimerEvent: {}
[10.462328] (-) TimerEvent: {}
[10.563079] (-) TimerEvent: {}
[10.663946] (-) TimerEvent: {}
[10.764775] (-) TimerEvent: {}
[10.865591] (-) TimerEvent: {}
[10.966403] (-) TimerEvent: {}
[11.067124] (-) TimerEvent: {}
[11.167979] (-) TimerEvent: {}
[11.268790] (-) TimerEvent: {}
[11.369603] (-) TimerEvent: {}
[11.470425] (-) TimerEvent: {}
[11.571301] (-) TimerEvent: {}
[11.672118] (-) TimerEvent: {}
[11.772924] (-) TimerEvent: {}
[11.873677] (-) TimerEvent: {}
[11.974520] (-) TimerEvent: {}
[12.075313] (-) TimerEvent: {}
[12.176061] (-) TimerEvent: {}
[12.276901] (-) TimerEvent: {}
[12.377707] (-) TimerEvent: {}
[12.478436] (-) TimerEvent: {}
[12.579319] (-) TimerEvent: {}
[12.680091] (-) TimerEvent: {}
[12.780787] (-) TimerEvent: {}
[12.881597] (-) TimerEvent: {}
[12.982366] (-) TimerEvent: {}
[13.083070] (-) TimerEvent: {}
[13.183914] (-) TimerEvent: {}
[13.284718] (-) TimerEvent: {}
[13.385535] (-) TimerEvent: {}
[13.486339] (-) TimerEvent: {}
[13.587179] (-) TimerEvent: {}
[13.687985] (-) TimerEvent: {}
[13.788789] (-) TimerEvent: {}
[13.889586] (-) TimerEvent: {}
[13.990452] (-) TimerEvent: {}
[14.091271] (-) TimerEvent: {}
[14.192060] (-) TimerEvent: {}
[14.292869] (-) TimerEvent: {}
[14.393679] (-) TimerEvent: {}
[14.494481] (-) TimerEvent: {}
[14.595354] (-) TimerEvent: {}
[14.696176] (-) TimerEvent: {}
[14.796968] (-) TimerEvent: {}
[14.876372] (input) StdoutLine: {'line': b'[100%] \x1b[32m\x1b[1mLinking CXX executable input_node\x1b[0m\n'}
[14.897142] (-) TimerEvent: {}
[14.997845] (-) TimerEvent: {}
[15.098719] (-) TimerEvent: {}
[15.199634] (-) TimerEvent: {}
[15.281185] (input) StdoutLine: {'line': b'[100%] Built target input_node\n'}
[15.299757] (-) TimerEvent: {}
[15.309766] (input) CommandEnded: {'returncode': 0}
[15.312124] (input) JobProgress: {'identifier': 'input', 'progress': 'install'}
[15.335131] (input) Command: {'cmd': ['/usr/bin/cmake', '--install', '/workspaces/isaac_ros-dev/ros2_ws/object-detection-jai0307-notatallVishal/build/input'], 'cwd': '/workspaces/isaac_ros-dev/ros2_ws/object-detection-jai0307-notatallVishal/build/input', 'env': OrderedDict([('LIBRARY_PATH', '/usr/local/cuda/lib64/stubs'), ('PYTHONWARNINGS', 'ignore:::setuptools.command.install,ignore:::setuptools.command.easy_install,ignore:::pkg_resources,ignore:::setuptools.command.develop'), ('NV_LIBCUBLAS_VERSION', '12.6.1.4-1'), ('USER', 'autorobo'), ('NV_CUDA_NSIGHT_COMPUTE_VERSION', '12.6.11-1'), ('HOSTNAME', 'autorobo-desktop'), ('SHLVL', '1'), ('LD_LIBRARY_PATH', '/workspaces/isaac_ros-dev/ros2_ws/install/action_client/lib:/workspaces/isaac_ros-dev/ros2_ws/object-detection-jai0307-notatallVishal/install/action_client/lib:/opt/ros/humble/opt/rviz_ogre_vendor/lib:/opt/ros/humble/lib/aarch64-linux-gnu:/opt/ros/humble/lib:/usr/lib/aarch64-linux-gnu/tegra/weston:/usr/lib/aarch64-linux-gnu/tegra-egl:/usr/local/cuda-12.6/targets/aarch64-linux/lib:/usr/lib/aarch64-linux-gnu/tegra:/opt/nvidia/vpi3/lib64:/usr/local/libcudss-linux-0.3.0.9_cuda12-archive/lib:/usr/local/nvidia/lib:/usr/local/nvidia/lib64:/usr/lib/aarch64-linux-gnu-host:/opt/tritonserver/lib'), ('HOME', '/home/admin'), ('OLDPWD', '/workspaces/isaac_ros-dev/ros2_ws'), ('HOST_USER_GID', '1001'), ('NV_LIBCUBLAS_DEV_VERSION', '12.6.1.4-1'), ('ROS_PYTHON_VERSION', '3'), ('NV_LIBNPP_PACKAGE', 'libnpp-12-6=12.3.1.54-1'), ('CUDA_VERSION', '12.6.11'), ('COLCON_PREFIX_PATH', '/workspaces/isaac_ros-dev/ros2_ws/object-detection-jai0307-notatallVishal/install:/workspaces/isaac_ros-dev/ros2_ws/install'), ('ROS_DISTRO', 'humble'), ('NV_LIBCUBLAS_PACKAGE_NAME', 'libcublas-12-6'), ('NVIDIA_REQUIRE_CUDA', 'cuda>=12.6'), ('_', '/usr/bin/colcon'), ('ROS_VERSION', '2'), ('NV_LIBCUSPARSE_VERSION', '12.5.3.3-1'), ('NVIDIA_DRIVER_CAPABILITIES', 'all'), ('NV_CUDA_LIB_VERSION', '12.6.11-1'), ('NV_NVML_DEV_VERSION', '12.6.68-1'), ('USERNAME', 'admin'), ('NV_LIBNPP_DEV_PACKAGE', 'libnpp-dev-12-6=12.3.1.54-1'), ('TERM', 'xterm'), ('ISAAC_ROS_WS', '/workspaces/isaac_ros-dev'), ('NV_CUDA_CUDART_VERSION', '12.6.68-1'), ('ROS_LOCALHOST_ONLY', '0'), ('PATH', '/opt/ros/humble/bin:/opt/ros/humble/vcstool/scripts:/usr/local/nvidia/bin:/usr/local/cuda/bin:/usr/src/tensorrt/bin:/usr/local/nvidia/bin:/usr/local/cuda/bin:/usr/local/sbin:/usr/local/bin:/usr/sbin:/usr/bin:/sbin:/bin'), ('NV_LIBCUBLAS_DEV_PACKAGE_NAME', 'libcublas-dev-12-6'), ('NV_LIBCUBLAS_PACKAGE', 'libcublas-12-6=12.6.1.4-1'), ('HOST_USER_UID', '1000'), ('NVARCH', 'arm64'), ('CUDSS_DIR', '/usr/local/libcudss-linux-0.3.0.9_cuda12-archive'), ('NV_LIBCUSPARSE_DEV_VERSION', '12.5.3.3-1'), ('DISPLAY', ':1'), ('NVIDIA_PRODUCT_NAME', 'CUDA'), ('LANG', 'en_US.UTF-8'), ('RMW_IMPLEMENTATION', 'rmw_fastrtps_cpp'), ('NV_CUDA_CUDART_DEV_VERSION', '12.6.68-1'), ('ROS_ROOT', '/opt/ros/humble'), ('SSH_AUTH_SOCK', '/ssh-agent'), ('AMENT_PREFIX_PATH', '/workspaces/isaac_ros-dev/ros2_ws/object-detection-jai0307-notatallVishal/install/action_server:/workspaces/isaac_ros-dev/ros2_ws/install/input:/workspaces/isaac_ros-dev/ros2_ws/install/action_server:/workspaces/isaac_ros-dev/ros2_ws/install/action_client:/workspaces/isaac_ros-dev/ros2_ws/object-detection-jai0307-notatallVishal/install/input:/workspaces/isaac_ros-dev/ros2_ws/object-detection-jai0307-notatallVishal/install/action_client:/opt/ros/humble'), ('DEBIAN_FRONTEND', 'noninteractive'), ('SHELL', '/bin/bash'), ('TRT_INCLUDE_PATH', '/usr/include/aarch64-linux-gnu'), ('NV_LIBCUBLAS_DEV_PACKAGE', 'libcublas-dev-12-6=12.6.1.4-1'), ('NV_CUDA_NSIGHT_COMPUTE_DEV_PACKAGE', 'cuda-nsight-compute-12-6=12.6.11-1'), ('NVIDIA_REQUIRE_JETPACK_HOST_MOUNTS', 'base-only'), ('NV_NVTX_VERSION', '12.6.68-1'), ('NV_LIBNPP_VERSION', '12.3.1.54-1'), ('PWD', '/workspaces/isaac_ros-dev/ros2_ws/object-detection-jai0307-notatallVishal/build/input'), ('PYTHONPATH', '/workspaces/isaac_ros-dev/ros2_ws/install/action_client/local/lib/python3.10/dist-packages:/workspaces/isaac_ros-dev/ros2_ws/object-detection-jai0307-notatallVishal/install/action_client/local/lib/python3.10/dist-packages:/opt/ros/humble/lib/python3.10/site-packages:/opt/ros/humble/local/lib/python3.10/dist-packages:/opt/ros/humble/vcstool:'), ('NVIDIA_VISIBLE_DEVICES', 'nvidia.com/gpu=all,nvidia.com/pva=all'), ('COLCON', '1'), ('NV_LIBNPP_DEV_VERSION', '12.3.1.54-1'), ('CMAKE_PREFIX_PATH', '/workspaces/isaac_ros-dev/ros2_ws/object-detection-jai0307-notatallVishal/install/action_server:/workspaces/isaac_ros-dev/ros2_ws/install/input:/workspaces/isaac_ros-dev/ros2_ws/install/action_server:/workspaces/isaac_ros-dev/ros2_ws/install/action_client:/workspaces/isaac_ros-dev/ros2_ws/object-detection-jai0307-notatallVishal/install/input:/workspaces/isaac_ros-dev/ros2_ws/object-detection-jai0307-notatallVishal/install/action_client:/usr/local/libcudss-linux-0.3.0.9_cuda12-archive::/opt/ros/humble'), ('TRT_LIB_PATH', '/usr/lib/aarch64-linux-gnu')]), 'shell': False}
[15.356302] (input) StdoutLine: {'line': b'-- Install configuration: ""\n'}
[15.356758] (input) StdoutLine: {'line': b'-- Installing: /workspaces/isaac_ros-dev/ros2_ws/object-detection-jai0307-notatallVishal/install/input/lib/input/input_node\n'}
[15.359651] (input) StdoutLine: {'line': b'-- Set runtime path of "/workspaces/isaac_ros-dev/ros2_ws/object-detection-jai0307-notatallVishal/install/input/lib/input/input_node" to ""\n'}
[15.359925] (input) StdoutLine: {'line': b'-- Installing: /workspaces/isaac_ros-dev/ros2_ws/object-detection-jai0307-notatallVishal/install/input/share/input//launch\n'}
[15.360118] (input) StdoutLine: {'line': b'-- Installing: /workspaces/isaac_ros-dev/ros2_ws/object-detection-jai0307-notatallVishal/install/input/share/input//launch/input.launch.py\n'}
[15.360874] (input) StdoutLine: {'line': b'-- Installing: /workspaces/isaac_ros-dev/ros2_ws/object-detection-jai0307-notatallVishal/install/input/share/ament_index/resource_index/package_run_dependencies/input\n'}
[15.361288] (input) StdoutLine: {'line': b'-- Installing: /workspaces/isaac_ros-dev/ros2_ws/object-detection-jai0307-notatallVishal/install/input/share/ament_index/resource_index/parent_prefix_path/input\n'}
[15.361726] (input) StdoutLine: {'line': b'-- Installing: /workspaces/isaac_ros-dev/ros2_ws/object-detection-jai0307-notatallVishal/install/input/share/input/environment/ament_prefix_path.sh\n'}
[15.362053] (input) StdoutLine: {'line': b'-- Installing: /workspaces/isaac_ros-dev/ros2_ws/object-detection-jai0307-notatallVishal/install/input/share/input/environment/ament_prefix_path.dsv\n'}
[15.362366] (input) StdoutLine: {'line': b'-- Installing: /workspaces/isaac_ros-dev/ros2_ws/object-detection-jai0307-notatallVishal/install/input/share/input/environment/path.sh\n'}
[15.362674] (input) StdoutLine: {'line': b'-- Installing: /workspaces/isaac_ros-dev/ros2_ws/object-detection-jai0307-notatallVishal/install/input/share/input/environment/path.dsv\n'}
[15.362963] (input) StdoutLine: {'line': b'-- Installing: /workspaces/isaac_ros-dev/ros2_ws/object-detection-jai0307-notatallVishal/install/input/share/input/local_setup.bash\n'}
[15.363340] (input) StdoutLine: {'line': b'-- Installing: /workspaces/isaac_ros-dev/ros2_ws/object-detection-jai0307-notatallVishal/install/input/share/input/local_setup.sh\n'}
[15.363605] (input) StdoutLine: {'line': b'-- Installing: /workspaces/isaac_ros-dev/ros2_ws/object-detection-jai0307-notatallVishal/install/input/share/input/local_setup.zsh\n'}
[15.363910] (input) StdoutLine: {'line': b'-- Installing: /workspaces/isaac_ros-dev/ros2_ws/object-detection-jai0307-notatallVishal/install/input/share/input/local_setup.dsv\n'}
[15.364182] (input) StdoutLine: {'line': b'-- Installing: /workspaces/isaac_ros-dev/ros2_ws/object-detection-jai0307-notatallVishal/install/input/share/input/package.dsv\n'}
[15.364548] (input) StdoutLine: {'line': b'-- Installing: /workspaces/isaac_ros-dev/ros2_ws/object-detection-jai0307-notatallVishal/install/input/share/ament_index/resource_index/packages/input\n'}
[15.364913] (input) StdoutLine: {'line': b'-- Installing: /workspaces/isaac_ros-dev/ros2_ws/object-detection-jai0307-notatallVishal/install/input/share/input/cmake/inputConfig.cmake\n'}
[15.365146] (input) StdoutLine: {'line': b'-- Installing: /workspaces/isaac_ros-dev/ros2_ws/object-detection-jai0307-notatallVishal/install/input/share/input/cmake/inputConfig-version.cmake\n'}
[15.365419] (input) StdoutLine: {'line': b'-- Installing: /workspaces/isaac_ros-dev/ros2_ws/object-detection-jai0307-notatallVishal/install/input/share/input/package.xml\n'}
[15.369909] (input) CommandEnded: {'returncode': 0}
[15.399866] (-) TimerEvent: {}
[15.421137] (input) JobEnded: {'identifier': 'input', 'rc': 0}
[15.423311] (-) EventReactorShutdown: {}
