[0.264s] DEBUG:colcon:Command line arguments: ['/usr/bin/colcon', 'build', '--packages-select', 'input']
[0.265s] DEBUG:colcon:Parsed command line arguments: Namespace(log_base=None, log_level=None, verb_name='build', build_base='build', install_base='install', merge_install=False, symlink_install=False, test_result_base=None, continue_on_error=False, executor='parallel', parallel_workers=6, event_handlers=None, ignore_user_meta=False, metas=['./colcon.meta'], base_paths=['.'], packages_ignore=None, packages_ignore_regex=None, paths=None, packages_up_to=None, packages_up_to_regex=None, packages_above=None, packages_above_and_dependencies=None, packages_above_depth=None, packages_select_by_dep=None, packages_skip_by_dep=None, packages_skip_up_to=None, packages_select_build_failed=False, packages_skip_build_finished=False, packages_select_test_failures=False, packages_skip_test_passed=False, packages_select=['input'], packages_skip=None, packages_select_regex=None, packages_skip_regex=None, packages_start=None, packages_end=None, allow_overriding=[], cmake_args=None, cmake_target=None, cmake_target_skip_unavailable=False, cmake_clean_cache=False, cmake_clean_first=False, cmake_force_configure=False, ament_cmake_args=None, catkin_cmake_args=None, catkin_skip_building_tests=False, verb_parser=<colcon_defaults.argument_parser.defaults.DefaultArgumentsDecorator object at 0xffffada161d0>, verb_extension=<colcon_core.verb.build.BuildVerb object at 0xffffadc87940>, main=<bound method BuildVerb.main of <colcon_core.verb.build.BuildVerb object at 0xffffadc87940>>)
[0.920s] Level 1:colcon.colcon_core.package_discovery:discover_packages(colcon_meta) check parameters
[0.921s] Level 1:colcon.colcon_core.package_discovery:discover_packages(recursive) check parameters
[0.921s] Level 1:colcon.colcon_core.package_discovery:discover_packages(ignore) check parameters
[0.921s] Level 1:colcon.colcon_core.package_discovery:discover_packages(path) check parameters
[0.921s] Level 1:colcon.colcon_core.package_discovery:discover_packages(colcon_meta) discover
[0.921s] Level 1:colcon.colcon_core.package_discovery:discover_packages(recursive) discover
[0.921s] INFO:colcon.colcon_core.package_discovery:Crawling recursively for packages in '/workspaces/isaac_ros-dev/ros2_ws/object-detection-jai0307-notatallVishal'
[0.922s] Level 1:colcon.colcon_core.package_identification:_identify(.) by extensions ['ignore', 'ignore_ament_install']
[0.922s] Level 1:colcon.colcon_core.package_identification:_identify(.) by extension 'ignore'
[0.922s] Level 1:colcon.colcon_core.package_identification:_identify(.) by extension 'ignore_ament_install'
[0.922s] Level 1:colcon.colcon_core.package_identification:_identify(.) by extensions ['colcon_pkg']
[0.922s] Level 1:colcon.colcon_core.package_identification:_identify(.) by extension 'colcon_pkg'
[0.922s] Level 1:colcon.colcon_core.package_identification:_identify(.) by extensions ['colcon_meta']
[0.923s] Level 1:colcon.colcon_core.package_identification:_identify(.) by extension 'colcon_meta'
[0.923s] Level 1:colcon.colcon_core.package_identification:_identify(.) by extensions ['ros']
[0.923s] Level 1:colcon.colcon_core.package_identification:_identify(.) by extension 'ros'
[0.956s] Level 1:colcon.colcon_core.package_identification:_identify(.) by extensions ['cmake', 'python']
[0.956s] Level 1:colcon.colcon_core.package_identification:_identify(.) by extension 'cmake'
[0.956s] Level 1:colcon.colcon_core.package_identification:_identify(.) by extension 'python'
[0.957s] Level 1:colcon.colcon_core.package_identification:_identify(.) by extensions ['python_setup_py']
[0.957s] Level 1:colcon.colcon_core.package_identification:_identify(.) by extension 'python_setup_py'
[0.957s] Level 1:colcon.colcon_core.package_identification:_identify(action_client) by extensions ['ignore', 'ignore_ament_install']
[0.957s] Level 1:colcon.colcon_core.package_identification:_identify(action_client) by extension 'ignore'
[0.957s] Level 1:colcon.colcon_core.package_identification:_identify(action_client) by extension 'ignore_ament_install'
[0.957s] Level 1:colcon.colcon_core.package_identification:_identify(action_client) by extensions ['colcon_pkg']
[0.958s] Level 1:colcon.colcon_core.package_identification:_identify(action_client) by extension 'colcon_pkg'
[0.958s] Level 1:colcon.colcon_core.package_identification:_identify(action_client) by extensions ['colcon_meta']
[0.958s] Level 1:colcon.colcon_core.package_identification:_identify(action_client) by extension 'colcon_meta'
[0.958s] Level 1:colcon.colcon_core.package_identification:_identify(action_client) by extensions ['ros']
[0.958s] Level 1:colcon.colcon_core.package_identification:_identify(action_client) by extension 'ros'
[0.964s] DEBUG:colcon.colcon_core.package_identification:Package 'action_client' with type 'ros.ament_cmake' and name 'action_client'
[0.964s] Level 1:colcon.colcon_core.package_identification:_identify(action_server) by extensions ['ignore', 'ignore_ament_install']
[0.965s] Level 1:colcon.colcon_core.package_identification:_identify(action_server) by extension 'ignore'
[0.965s] Level 1:colcon.colcon_core.package_identification:_identify(action_server) by extension 'ignore_ament_install'
[0.965s] Level 1:colcon.colcon_core.package_identification:_identify(action_server) by extensions ['colcon_pkg']
[0.965s] Level 1:colcon.colcon_core.package_identification:_identify(action_server) by extension 'colcon_pkg'
[0.965s] Level 1:colcon.colcon_core.package_identification:_identify(action_server) by extensions ['colcon_meta']
[0.965s] Level 1:colcon.colcon_core.package_identification:_identify(action_server) by extension 'colcon_meta'
[0.965s] Level 1:colcon.colcon_core.package_identification:_identify(action_server) by extensions ['ros']
[0.965s] Level 1:colcon.colcon_core.package_identification:_identify(action_server) by extension 'ros'
[0.967s] DEBUG:colcon.colcon_core.package_identification:Package 'action_server' with type 'ros.ament_cmake' and name 'action_server'
[0.967s] Level 1:colcon.colcon_core.package_identification:_identify(build) by extensions ['ignore', 'ignore_ament_install']
[0.967s] Level 1:colcon.colcon_core.package_identification:_identify(build) by extension 'ignore'
[0.968s] Level 1:colcon.colcon_core.package_identification:_identify(build) ignored
[0.968s] Level 1:colcon.colcon_core.package_identification:_identify(input) by extensions ['ignore', 'ignore_ament_install']
[0.968s] Level 1:colcon.colcon_core.package_identification:_identify(input) by extension 'ignore'
[0.968s] Level 1:colcon.colcon_core.package_identification:_identify(input) by extension 'ignore_ament_install'
[0.968s] Level 1:colcon.colcon_core.package_identification:_identify(input) by extensions ['colcon_pkg']
[0.968s] Level 1:colcon.colcon_core.package_identification:_identify(input) by extension 'colcon_pkg'
[0.969s] Level 1:colcon.colcon_core.package_identification:_identify(input) by extensions ['colcon_meta']
[0.969s] Level 1:colcon.colcon_core.package_identification:_identify(input) by extension 'colcon_meta'
[0.969s] Level 1:colcon.colcon_core.package_identification:_identify(input) by extensions ['ros']
[0.969s] Level 1:colcon.colcon_core.package_identification:_identify(input) by extension 'ros'
[0.970s] DEBUG:colcon.colcon_core.package_identification:Package 'input' with type 'ros.ament_cmake' and name 'input'
[0.970s] Level 1:colcon.colcon_core.package_identification:_identify(install) by extensions ['ignore', 'ignore_ament_install']
[0.971s] Level 1:colcon.colcon_core.package_identification:_identify(install) by extension 'ignore'
[0.971s] Level 1:colcon.colcon_core.package_identification:_identify(install) ignored
[0.971s] Level 1:colcon.colcon_core.package_identification:_identify(log) by extensions ['ignore', 'ignore_ament_install']
[0.971s] Level 1:colcon.colcon_core.package_identification:_identify(log) by extension 'ignore'
[0.971s] Level 1:colcon.colcon_core.package_identification:_identify(log) ignored
[0.971s] Level 1:colcon.colcon_core.package_discovery:discover_packages(recursive) using defaults
[0.971s] Level 1:colcon.colcon_core.package_discovery:discover_packages(ignore) discover
[0.972s] Level 1:colcon.colcon_core.package_discovery:discover_packages(ignore) using defaults
[0.972s] Level 1:colcon.colcon_core.package_discovery:discover_packages(path) discover
[0.972s] Level 1:colcon.colcon_core.package_discovery:discover_packages(path) using defaults
[1.014s] INFO:colcon.colcon_core.package_selection:Skipping not selected package 'action_client' in 'action_client'
[1.014s] INFO:colcon.colcon_core.package_selection:Skipping not selected package 'action_server' in 'action_server'
[1.015s] Level 1:colcon.colcon_core.package_discovery:discover_packages(prefix_path) check parameters
[1.016s] Level 1:colcon.colcon_core.package_discovery:discover_packages(prefix_path) discover
[1.018s] WARNING:colcon.colcon_ros.prefix_path.ament:The path '/workspaces/isaac_ros-dev/ros2_ws/object-detection-jai0307-notatallVishal/install/action_server' in the environment variable AMENT_PREFIX_PATH doesn't exist
[1.018s] WARNING:colcon.colcon_ros.prefix_path.ament:The path '/workspaces/isaac_ros-dev/ros2_ws/object-detection-jai0307-notatallVishal/install/input' in the environment variable AMENT_PREFIX_PATH doesn't exist
[1.018s] WARNING:colcon.colcon_ros.prefix_path.ament:The path '/workspaces/isaac_ros-dev/ros2_ws/object-detection-jai0307-notatallVishal/install/action_client' in the environment variable AMENT_PREFIX_PATH doesn't exist
[1.019s] WARNING:colcon.colcon_ros.prefix_path.catkin:The path '/workspaces/isaac_ros-dev/ros2_ws/object-detection-jai0307-notatallVishal/install/action_server' in the environment variable CMAKE_PREFIX_PATH doesn't exist
[1.019s] WARNING:colcon.colcon_ros.prefix_path.catkin:The path '/workspaces/isaac_ros-dev/ros2_ws/object-detection-jai0307-notatallVishal/install/input' in the environment variable CMAKE_PREFIX_PATH doesn't exist
[1.019s] WARNING:colcon.colcon_ros.prefix_path.catkin:The path '/workspaces/isaac_ros-dev/ros2_ws/object-detection-jai0307-notatallVishal/install/action_client' in the environment variable CMAKE_PREFIX_PATH doesn't exist
[1.021s] DEBUG:colcon.colcon_installed_package_information.package_discovery:Found 0 installed packages in /workspaces/isaac_ros-dev/ros2_ws/object-detection-jai0307-notatallVishal/install
[1.022s] DEBUG:colcon.colcon_installed_package_information.package_discovery:Found 3 installed packages in /workspaces/isaac_ros-dev/ros2_ws/install
[1.026s] DEBUG:colcon.colcon_installed_package_information.package_discovery:Found 439 installed packages in /opt/ros/humble
[1.032s] Level 1:colcon.colcon_core.package_discovery:discover_packages(prefix_path) using defaults
[1.148s] Level 5:colcon.colcon_core.verb:set package 'input' build argument 'cmake_args' from command line to 'None'
[1.149s] Level 5:colcon.colcon_core.verb:set package 'input' build argument 'cmake_target' from command line to 'None'
[1.149s] Level 5:colcon.colcon_core.verb:set package 'input' build argument 'cmake_target_skip_unavailable' from command line to 'False'
[1.149s] Level 5:colcon.colcon_core.verb:set package 'input' build argument 'cmake_clean_cache' from command line to 'False'
[1.149s] Level 5:colcon.colcon_core.verb:set package 'input' build argument 'cmake_clean_first' from command line to 'False'
[1.149s] Level 5:colcon.colcon_core.verb:set package 'input' build argument 'cmake_force_configure' from command line to 'False'
[1.149s] Level 5:colcon.colcon_core.verb:set package 'input' build argument 'ament_cmake_args' from command line to 'None'
[1.149s] Level 5:colcon.colcon_core.verb:set package 'input' build argument 'catkin_cmake_args' from command line to 'None'
[1.149s] Level 5:colcon.colcon_core.verb:set package 'input' build argument 'catkin_skip_building_tests' from command line to 'False'
[1.149s] DEBUG:colcon.colcon_core.verb:Building package 'input' with the following arguments: {'ament_cmake_args': None, 'build_base': '/workspaces/isaac_ros-dev/ros2_ws/object-detection-jai0307-notatallVishal/build/input', 'catkin_cmake_args': None, 'catkin_skip_building_tests': False, 'cmake_args': None, 'cmake_clean_cache': False, 'cmake_clean_first': False, 'cmake_force_configure': False, 'cmake_target': None, 'cmake_target_skip_unavailable': False, 'install_base': '/workspaces/isaac_ros-dev/ros2_ws/object-detection-jai0307-notatallVishal/install/input', 'merge_install': False, 'path': '/workspaces/isaac_ros-dev/ros2_ws/object-detection-jai0307-notatallVishal/input', 'symlink_install': False, 'test_result_base': None}
[1.150s] INFO:colcon.colcon_core.executor:Executing jobs using 'parallel' executor
[1.152s] DEBUG:colcon.colcon_parallel_executor.executor.parallel:run_until_complete
[1.153s] INFO:colcon.colcon_ros.task.ament_cmake.build:Building ROS package in '/workspaces/isaac_ros-dev/ros2_ws/object-detection-jai0307-notatallVishal/input' with build type 'ament_cmake'
[1.153s] INFO:colcon.colcon_cmake.task.cmake.build:Building CMake package in '/workspaces/isaac_ros-dev/ros2_ws/object-detection-jai0307-notatallVishal/input'
[1.158s] INFO:colcon.colcon_core.plugin_system:Skipping extension 'colcon_core.shell.bat': Not used on non-Windows systems
[1.159s] INFO:colcon.colcon_core.shell:Skip shell extension 'powershell' for command environment: Not usable outside of PowerShell
[1.159s] DEBUG:colcon.colcon_core.shell:Skip shell extension 'dsv' for command environment
[1.178s] DEBUG:colcon.colcon_core.event_handler.log_command:Invoking command in '/workspaces/isaac_ros-dev/ros2_ws/object-detection-jai0307-notatallVishal/build/input': CMAKE_PREFIX_PATH=${CMAKE_PREFIX_PATH}:/opt/ros/humble /usr/bin/cmake /workspaces/isaac_ros-dev/ros2_ws/object-detection-jai0307-notatallVishal/input -DCMAKE_INSTALL_PREFIX=/workspaces/isaac_ros-dev/ros2_ws/object-detection-jai0307-notatallVishal/install/input
[5.912s] DEBUG:colcon.colcon_core.event_handler.log_command:Invoked command in '/workspaces/isaac_ros-dev/ros2_ws/object-detection-jai0307-notatallVishal/build/input' returned '0': CMAKE_PREFIX_PATH=${CMAKE_PREFIX_PATH}:/opt/ros/humble /usr/bin/cmake /workspaces/isaac_ros-dev/ros2_ws/object-detection-jai0307-notatallVishal/input -DCMAKE_INSTALL_PREFIX=/workspaces/isaac_ros-dev/ros2_ws/object-detection-jai0307-notatallVishal/install/input
[5.918s] DEBUG:colcon.colcon_core.event_handler.log_command:Invoking command in '/workspaces/isaac_ros-dev/ros2_ws/object-detection-jai0307-notatallVishal/build/input': CMAKE_PREFIX_PATH=${CMAKE_PREFIX_PATH}:/opt/ros/humble /usr/bin/cmake --build /workspaces/isaac_ros-dev/ros2_ws/object-detection-jai0307-notatallVishal/build/input -- -j6 -l6
[16.463s] DEBUG:colcon.colcon_core.event_handler.log_command:Invoked command in '/workspaces/isaac_ros-dev/ros2_ws/object-detection-jai0307-notatallVishal/build/input' returned '0': CMAKE_PREFIX_PATH=${CMAKE_PREFIX_PATH}:/opt/ros/humble /usr/bin/cmake --build /workspaces/isaac_ros-dev/ros2_ws/object-detection-jai0307-notatallVishal/build/input -- -j6 -l6
[16.490s] DEBUG:colcon.colcon_core.event_handler.log_command:Invoking command in '/workspaces/isaac_ros-dev/ros2_ws/object-detection-jai0307-notatallVishal/build/input': CMAKE_PREFIX_PATH=${CMAKE_PREFIX_PATH}:/opt/ros/humble /usr/bin/cmake --install /workspaces/isaac_ros-dev/ros2_ws/object-detection-jai0307-notatallVishal/build/input
[16.522s] Level 1:colcon.colcon_core.environment:create_environment_scripts_only(input)
[16.523s] DEBUG:colcon.colcon_core.event_handler.log_command:Invoked command in '/workspaces/isaac_ros-dev/ros2_ws/object-detection-jai0307-notatallVishal/build/input' returned '0': CMAKE_PREFIX_PATH=${CMAKE_PREFIX_PATH}:/opt/ros/humble /usr/bin/cmake --install /workspaces/isaac_ros-dev/ros2_ws/object-detection-jai0307-notatallVishal/build/input
[16.530s] Level 1:colcon.colcon_core.environment:checking '/workspaces/isaac_ros-dev/ros2_ws/object-detection-jai0307-notatallVishal/install/input' for CMake module files
[16.531s] Level 1:colcon.colcon_core.environment:checking '/workspaces/isaac_ros-dev/ros2_ws/object-detection-jai0307-notatallVishal/install/input' for CMake config files
[16.531s] Level 1:colcon.colcon_core.shell:create_environment_hook('input', 'cmake_prefix_path')
[16.532s] INFO:colcon.colcon_core.shell:Creating environment hook '/workspaces/isaac_ros-dev/ros2_ws/object-detection-jai0307-notatallVishal/install/input/share/input/hook/cmake_prefix_path.ps1'
[16.533s] INFO:colcon.colcon_core.shell:Creating environment descriptor '/workspaces/isaac_ros-dev/ros2_ws/object-detection-jai0307-notatallVishal/install/input/share/input/hook/cmake_prefix_path.dsv'
[16.534s] INFO:colcon.colcon_core.shell:Creating environment hook '/workspaces/isaac_ros-dev/ros2_ws/object-detection-jai0307-notatallVishal/install/input/share/input/hook/cmake_prefix_path.sh'
[16.537s] Level 1:colcon.colcon_core.environment:checking '/workspaces/isaac_ros-dev/ros2_ws/object-detection-jai0307-notatallVishal/install/input/lib'
[16.538s] Level 1:colcon.colcon_core.environment:checking '/workspaces/isaac_ros-dev/ros2_ws/object-detection-jai0307-notatallVishal/install/input/bin'
[16.538s] Level 1:colcon.colcon_core.environment:checking '/workspaces/isaac_ros-dev/ros2_ws/object-detection-jai0307-notatallVishal/install/input/lib/pkgconfig/input.pc'
[16.539s] Level 1:colcon.colcon_core.environment:checking '/workspaces/isaac_ros-dev/ros2_ws/object-detection-jai0307-notatallVishal/install/input/lib/python3.10/site-packages'
[16.540s] Level 1:colcon.colcon_core.environment:checking '/workspaces/isaac_ros-dev/ros2_ws/object-detection-jai0307-notatallVishal/install/input/bin'
[16.541s] INFO:colcon.colcon_core.shell:Creating package script '/workspaces/isaac_ros-dev/ros2_ws/object-detection-jai0307-notatallVishal/install/input/share/input/package.ps1'
[16.543s] INFO:colcon.colcon_core.shell:Creating package descriptor '/workspaces/isaac_ros-dev/ros2_ws/object-detection-jai0307-notatallVishal/install/input/share/input/package.dsv'
[16.545s] INFO:colcon.colcon_core.shell:Creating package script '/workspaces/isaac_ros-dev/ros2_ws/object-detection-jai0307-notatallVishal/install/input/share/input/package.sh'
[16.548s] INFO:colcon.colcon_core.shell:Creating package script '/workspaces/isaac_ros-dev/ros2_ws/object-detection-jai0307-notatallVishal/install/input/share/input/package.bash'
[16.549s] INFO:colcon.colcon_core.shell:Creating package script '/workspaces/isaac_ros-dev/ros2_ws/object-detection-jai0307-notatallVishal/install/input/share/input/package.zsh'
[16.551s] Level 1:colcon.colcon_core.environment:create_file_with_runtime_dependencies(/workspaces/isaac_ros-dev/ros2_ws/object-detection-jai0307-notatallVishal/install/input/share/colcon-core/packages/input)
[16.553s] Level 1:colcon.colcon_core.environment:create_environment_scripts_only(input)
[16.554s] Level 1:colcon.colcon_core.environment:checking '/workspaces/isaac_ros-dev/ros2_ws/object-detection-jai0307-notatallVishal/install/input' for CMake module files
[16.556s] Level 1:colcon.colcon_core.environment:checking '/workspaces/isaac_ros-dev/ros2_ws/object-detection-jai0307-notatallVishal/install/input' for CMake config files
[16.556s] Level 1:colcon.colcon_core.shell:create_environment_hook('input', 'cmake_prefix_path')
[16.557s] INFO:colcon.colcon_core.shell:Creating environment hook '/workspaces/isaac_ros-dev/ros2_ws/object-detection-jai0307-notatallVishal/install/input/share/input/hook/cmake_prefix_path.ps1'
[16.559s] INFO:colcon.colcon_core.shell:Creating environment descriptor '/workspaces/isaac_ros-dev/ros2_ws/object-detection-jai0307-notatallVishal/install/input/share/input/hook/cmake_prefix_path.dsv'
[16.560s] INFO:colcon.colcon_core.shell:Creating environment hook '/workspaces/isaac_ros-dev/ros2_ws/object-detection-jai0307-notatallVishal/install/input/share/input/hook/cmake_prefix_path.sh'
[16.562s] Level 1:colcon.colcon_core.environment:checking '/workspaces/isaac_ros-dev/ros2_ws/object-detection-jai0307-notatallVishal/install/input/lib'
[16.562s] Level 1:colcon.colcon_core.environment:checking '/workspaces/isaac_ros-dev/ros2_ws/object-detection-jai0307-notatallVishal/install/input/bin'
[16.562s] Level 1:colcon.colcon_core.environment:checking '/workspaces/isaac_ros-dev/ros2_ws/object-detection-jai0307-notatallVishal/install/input/lib/pkgconfig/input.pc'
[16.563s] Level 1:colcon.colcon_core.environment:checking '/workspaces/isaac_ros-dev/ros2_ws/object-detection-jai0307-notatallVishal/install/input/lib/python3.10/site-packages'
[16.564s] Level 1:colcon.colcon_core.environment:checking '/workspaces/isaac_ros-dev/ros2_ws/object-detection-jai0307-notatallVishal/install/input/bin'
[16.565s] INFO:colcon.colcon_core.shell:Creating package script '/workspaces/isaac_ros-dev/ros2_ws/object-detection-jai0307-notatallVishal/install/input/share/input/package.ps1'
[16.567s] INFO:colcon.colcon_core.shell:Creating package descriptor '/workspaces/isaac_ros-dev/ros2_ws/object-detection-jai0307-notatallVishal/install/input/share/input/package.dsv'
[16.569s] INFO:colcon.colcon_core.shell:Creating package script '/workspaces/isaac_ros-dev/ros2_ws/object-detection-jai0307-notatallVishal/install/input/share/input/package.sh'
[16.570s] INFO:colcon.colcon_core.shell:Creating package script '/workspaces/isaac_ros-dev/ros2_ws/object-detection-jai0307-notatallVishal/install/input/share/input/package.bash'
[16.571s] INFO:colcon.colcon_core.shell:Creating package script '/workspaces/isaac_ros-dev/ros2_ws/object-detection-jai0307-notatallVishal/install/input/share/input/package.zsh'
[16.572s] Level 1:colcon.colcon_core.environment:create_file_with_runtime_dependencies(/workspaces/isaac_ros-dev/ros2_ws/object-detection-jai0307-notatallVishal/install/input/share/colcon-core/packages/input)
[16.573s] DEBUG:colcon.colcon_parallel_executor.executor.parallel:closing loop
[16.574s] DEBUG:colcon.colcon_parallel_executor.executor.parallel:loop closed
[16.574s] DEBUG:colcon.colcon_parallel_executor.executor.parallel:run_until_complete finished with '0'
[16.574s] DEBUG:colcon.colcon_core.event_reactor:joining thread
[16.595s] INFO:colcon.colcon_core.plugin_system:Skipping extension 'colcon_notification.desktop_notification.notify_send': Could not find 'notify-send'
[16.595s] INFO:colcon.colcon_core.plugin_system:Skipping extension 'colcon_notification.desktop_notification.terminal_notifier': Not used on non-Darwin systems
[16.596s] INFO:colcon.colcon_core.plugin_system:Skipping extension 'colcon_notification.desktop_notification.win32': Not used on non-Windows systems
[16.596s] INFO:colcon.colcon_notification.desktop_notification:Sending desktop notification using 'notify2'
[16.606s] DEBUG:colcon.colcon_notification.desktop_notification.notify2:Failed to initialize notify2: org.freedesktop.DBus.Error.Spawn.ExecFailed: /usr/bin/dbus-launch terminated abnormally without any error message
[16.607s] DEBUG:colcon.colcon_core.event_reactor:joined thread
[16.609s] INFO:colcon.colcon_core.shell:Creating prefix script '/workspaces/isaac_ros-dev/ros2_ws/object-detection-jai0307-notatallVishal/install/local_setup.ps1'
[16.613s] INFO:colcon.colcon_core.shell:Creating prefix util module '/workspaces/isaac_ros-dev/ros2_ws/object-detection-jai0307-notatallVishal/install/_local_setup_util_ps1.py'
[16.618s] INFO:colcon.colcon_core.shell:Creating prefix chain script '/workspaces/isaac_ros-dev/ros2_ws/object-detection-jai0307-notatallVishal/install/setup.ps1'
[16.622s] INFO:colcon.colcon_core.shell:Creating prefix script '/workspaces/isaac_ros-dev/ros2_ws/object-detection-jai0307-notatallVishal/install/local_setup.sh'
[16.623s] INFO:colcon.colcon_core.shell:Creating prefix util module '/workspaces/isaac_ros-dev/ros2_ws/object-detection-jai0307-notatallVishal/install/_local_setup_util_sh.py'
[16.625s] INFO:colcon.colcon_core.shell:Creating prefix chain script '/workspaces/isaac_ros-dev/ros2_ws/object-detection-jai0307-notatallVishal/install/setup.sh'
[16.628s] INFO:colcon.colcon_core.shell:Creating prefix script '/workspaces/isaac_ros-dev/ros2_ws/object-detection-jai0307-notatallVishal/install/local_setup.bash'
[16.630s] INFO:colcon.colcon_core.shell:Creating prefix chain script '/workspaces/isaac_ros-dev/ros2_ws/object-detection-jai0307-notatallVishal/install/setup.bash'
[16.634s] INFO:colcon.colcon_core.shell:Creating prefix script '/workspaces/isaac_ros-dev/ros2_ws/object-detection-jai0307-notatallVishal/install/local_setup.zsh'
[16.636s] INFO:colcon.colcon_core.shell:Creating prefix chain script '/workspaces/isaac_ros-dev/ros2_ws/object-detection-jai0307-notatallVishal/install/setup.zsh'
