-- The C compiler identification is GNU 11.4.0
-- The CXX compiler identification is GNU 11.4.0
-- Detecting C compiler ABI info
-- Detecting C compiler ABI info - done
-- Check for working C compiler: /usr/bin/cc - skipped
-- Detecting C compile features
-- Detecting C compile features - done
-- Detecting CXX compiler ABI info
-- Detecting CXX compiler ABI info - done
-- Check for working CXX compiler: /usr/bin/c++ - skipped
-- Detecting CXX compile features
-- Detecting CXX compile features - done
-- Found ament_cmake: 1.3.11 (/opt/ros/humble/share/ament_cmake/cmake)
-- Found Python3: /usr/bin/python3 (found version "3.10.12") found components: Interpreter 
-- Found rclcpp: 16.0.12 (/opt/ros/humble/share/rclcpp/cmake)
-- Found rosidl_generator_c: 3.1.6 (/opt/ros/humble/share/rosidl_generator_c/cmake)
-- Found rosidl_adapter: 3.1.6 (/opt/ros/humble/share/rosidl_adapter/cmake)
-- Found rosidl_generator_cpp: 3.1.6 (/opt/ros/humble/share/rosidl_generator_cpp/cmake)
-- Using all available rosidl_typesupport_c: rosidl_typesupport_fastrtps_c;rosidl_typesupport_introspection_c
-- Using all available rosidl_typesupport_cpp: rosidl_typesupport_fastrtps_cpp;rosidl_typesupport_introspection_cpp
-- Found rmw_implementation_cmake: 6.1.2 (/opt/ros/humble/share/rmw_implementation_cmake/cmake)
-- Found rmw_fastrtps_cpp: 6.2.7 (/opt/ros/humble/share/rmw_fastrtps_cpp/cmake)
-- Found OpenSSL: /usr/lib/aarch64-linux-gnu/libcrypto.so (found version "3.0.2")  
-- Found FastRTPS: /opt/ros/humble/include  
-- Using RMW implementation 'rmw_fastrtps_cpp' as default
-- Looking for pthread.h
-- Looking for pthread.h - found
-- Performing Test CMAKE_HAVE_LIBC_PTHREAD
-- Performing Test CMAKE_HAVE_LIBC_PTHREAD - Success
-- Found Threads: TRUE  
-- Found rosidl_default_generators: 1.2.0 (/opt/ros/humble/share/rosidl_default_generators/cmake)
-- Found ament_cmake_ros: 0.10.0 (/opt/ros/humble/share/ament_cmake_ros/cmake)
-- Using all available rosidl_typesupport_c: rosidl_typesupport_fastrtps_c;rosidl_typesupport_introspection_c
-- Using all available rosidl_typesupport_cpp: rosidl_typesupport_fastrtps_cpp;rosidl_typesupport_introspection_cpp
-- Found PythonInterp: /usr/bin/python3 (found suitable version "3.10.12", minimum required is "3.6") 
-- Found python_cmake_module: 0.10.0 (/opt/ros/humble/share/python_cmake_module/cmake)
-- Found PythonLibs: /usr/lib/aarch64-linux-gnu/libpython3.10.so (found suitable version "3.10.12", minimum required is "3.5") 
-- Using PYTHON_EXECUTABLE: /usr/bin/python3
-- Using PYTHON_INCLUDE_DIRS: /usr/include/python3.10
-- Using PYTHON_LIBRARIES: /usr/lib/aarch64-linux-gnu/libpython3.10.so
-- Found PythonExtra: .so  
-- Using numpy include directory: /usr/local/lib/python3.10/dist-packages/numpy/core/include
-- Found ament_lint_auto: 0.12.12 (/opt/ros/humble/share/ament_lint_auto/cmake)
-- Added test 'cppcheck' to perform static code analysis on C / C++ code
-- Configured cppcheck include dirs: 
-- Configured cppcheck exclude dirs and/or files: 
-- Added test 'flake8' to check Python code syntax and style conventions
-- Added test 'lint_cmake' to check CMake code style
-- Added test 'pep257' to check Python code against some of the docstring style conventions in PEP 257
-- Added test 'uncrustify' to check C / C++ code style
-- Configured uncrustify additional arguments: 
-- Added test 'xmllint' to check XML markup files
-- Configuring done
-- Generating done
-- Build files have been written to: /workspaces/isaac_ros-dev/ros2_ws/object-detection-jai0307-notatallVishal/build/action_client
[  3%] [34m[1mGenerating C code for ROS interfaces[0m
[  6%] [34m[1mGenerating C++ code for ROS interfaces[0m
[  6%] Built target ament_cmake_python_copy_action_client
[  9%] [32mBuilding C object CMakeFiles/action_client__rosidl_generator_c.dir/rosidl_generator_c/action_client/action/detail/track_object__functions.c.o[0m
[  9%] Built target action_client__cpp
running egg_info
creating action_client.egg-info
[ 12%] [34m[1mGenerating C++ type support for eProsima Fast-RTPS[0m
[ 16%] [34m[1mGenerating C++ type support dispatch for ROS interfaces[0m
[ 19%] [34m[1mGenerating C++ introspection for ROS interfaces[0m
writing action_client.egg-info/PKG-INFO
writing dependency_links to action_client.egg-info/dependency_links.txt
writing top-level names to action_client.egg-info/top_level.txt
writing manifest file 'action_client.egg-info/SOURCES.txt'
[ 22%] [32m[1mLinking C shared library libaction_client__rosidl_generator_c.so[0m
[ 22%] Built target action_client__rosidl_generator_c
[ 25%] [34m[1mGenerating C type support for eProsima Fast-RTPS[0m
[ 29%] [34m[1mGenerating C introspection for ROS interfaces[0m
reading manifest file 'action_client.egg-info/SOURCES.txt'
writing manifest file 'action_client.egg-info/SOURCES.txt'
[ 32%] [32mBuilding CXX object CMakeFiles/action_client__rosidl_typesupport_cpp.dir/rosidl_typesupport_cpp/action_client/action/track_object__type_support.cpp.o[0m
[ 32%] Built target ament_cmake_python_build_action_client_egg
[ 35%] [34m[1mGenerating C type support dispatch for ROS interfaces[0m
[ 38%] [32mBuilding CXX object CMakeFiles/action_client__rosidl_typesupport_fastrtps_cpp.dir/rosidl_typesupport_fastrtps_cpp/action_client/action/detail/dds_fastrtps/track_object__type_support.cpp.o[0m
[ 41%] [32mBuilding CXX object CMakeFiles/action_client__rosidl_typesupport_introspection_cpp.dir/rosidl_typesupport_introspection_cpp/action_client/action/detail/track_object__type_support.cpp.o[0m
[ 45%] [32mBuilding C object CMakeFiles/action_client__rosidl_typesupport_introspection_c.dir/rosidl_typesupport_introspection_c/action_client/action/detail/track_object__type_support.c.o[0m
[ 48%] [32m[1mLinking C shared library libaction_client__rosidl_typesupport_introspection_c.so[0m
[ 51%] [32mBuilding CXX object CMakeFiles/action_client__rosidl_typesupport_fastrtps_c.dir/rosidl_typesupport_fastrtps_c/action_client/action/detail/track_object__type_support_c.cpp.o[0m
[ 51%] Built target action_client__rosidl_typesupport_introspection_c
[ 54%] [32mBuilding CXX object CMakeFiles/action_client__rosidl_typesupport_c.dir/rosidl_typesupport_c/action_client/action/track_object__type_support.cpp.o[0m
[ 58%] [32m[1mLinking CXX shared library libaction_client__rosidl_typesupport_c.so[0m
[ 61%] [32m[1mLinking CXX shared library libaction_client__rosidl_typesupport_cpp.so[0m
[ 61%] Built target action_client__rosidl_typesupport_c
[ 61%] Built target action_client__rosidl_typesupport_cpp
[ 64%] [32m[1mLinking CXX shared library libaction_client__rosidl_typesupport_introspection_cpp.so[0m
[ 67%] [32m[1mLinking CXX shared library libaction_client__rosidl_typesupport_fastrtps_cpp.so[0m
[ 70%] [32m[1mLinking CXX shared library libaction_client__rosidl_typesupport_fastrtps_c.so[0m
[ 70%] Built target action_client__rosidl_typesupport_introspection_cpp
[ 70%] Built target action_client__rosidl_typesupport_fastrtps_cpp
[ 70%] Built target action_client__rosidl_typesupport_fastrtps_c
[ 70%] Built target action_client
[ 74%] [34m[1mGenerating Python code for ROS interfaces[0m
[ 74%] Built target action_client__py
[ 77%] [32mBuilding C object CMakeFiles/action_client__rosidl_generator_py.dir/rosidl_generator_py/action_client/action/_track_object_s.c.o[0m
[ 80%] [32m[1mLinking C shared library rosidl_generator_py/action_client/libaction_client__rosidl_generator_py.so[0m
[ 80%] Built target action_client__rosidl_generator_py
[ 87%] [32mBuilding C object CMakeFiles/action_client__rosidl_typesupport_introspection_c__pyext.dir/rosidl_generator_py/action_client/_action_client_s.ep.rosidl_typesupport_introspection_c.c.o[0m
[ 87%] [32mBuilding C object CMakeFiles/action_client__rosidl_typesupport_fastrtps_c__pyext.dir/rosidl_generator_py/action_client/_action_client_s.ep.rosidl_typesupport_fastrtps_c.c.o[0m
[ 90%] [32mBuilding C object CMakeFiles/action_client__rosidl_typesupport_c__pyext.dir/rosidl_generator_py/action_client/_action_client_s.ep.rosidl_typesupport_c.c.o[0m
[ 93%] [32m[1mLinking C shared library rosidl_generator_py/action_client/action_client_s__rosidl_typesupport_fastrtps_c.cpython-310-aarch64-linux-gnu.so[0m
[ 96%] [32m[1mLinking C shared library rosidl_generator_py/action_client/action_client_s__rosidl_typesupport_introspection_c.cpython-310-aarch64-linux-gnu.so[0m
[100%] [32m[1mLinking C shared library rosidl_generator_py/action_client/action_client_s__rosidl_typesupport_c.cpython-310-aarch64-linux-gnu.so[0m
[100%] Built target action_client__rosidl_typesupport_fastrtps_c__pyext
[100%] Built target action_client__rosidl_typesupport_introspection_c__pyext
[100%] Built target action_client__rosidl_typesupport_c__pyext
-- Install configuration: ""
-- Installing: /workspaces/isaac_ros-dev/ros2_ws/object-detection-jai0307-notatallVishal/install/action_client/share/ament_index/resource_index/rosidl_interfaces/action_client
-- Installing: /workspaces/isaac_ros-dev/ros2_ws/object-detection-jai0307-notatallVishal/install/action_client/include/action_client/action_client
-- Installing: /workspaces/isaac_ros-dev/ros2_ws/object-detection-jai0307-notatallVishal/install/action_client/include/action_client/action_client/msg
-- Installing: /workspaces/isaac_ros-dev/ros2_ws/object-detection-jai0307-notatallVishal/install/action_client/include/action_client/action_client/msg/rosidl_generator_c__visibility_control.h
-- Installing: /workspaces/isaac_ros-dev/ros2_ws/object-detection-jai0307-notatallVishal/install/action_client/include/action_client/action_client/action
-- Installing: /workspaces/isaac_ros-dev/ros2_ws/object-detection-jai0307-notatallVishal/install/action_client/include/action_client/action_client/action/detail
-- Installing: /workspaces/isaac_ros-dev/ros2_ws/object-detection-jai0307-notatallVishal/install/action_client/include/action_client/action_client/action/detail/track_object__type_support.h
-- Installing: /workspaces/isaac_ros-dev/ros2_ws/object-detection-jai0307-notatallVishal/install/action_client/include/action_client/action_client/action/detail/track_object__functions.c
-- Installing: /workspaces/isaac_ros-dev/ros2_ws/object-detection-jai0307-notatallVishal/install/action_client/include/action_client/action_client/action/detail/track_object__functions.h
-- Installing: /workspaces/isaac_ros-dev/ros2_ws/object-detection-jai0307-notatallVishal/install/action_client/include/action_client/action_client/action/detail/track_object__struct.h
-- Installing: /workspaces/isaac_ros-dev/ros2_ws/object-detection-jai0307-notatallVishal/install/action_client/include/action_client/action_client/action/track_object.h
-- Installing: /workspaces/isaac_ros-dev/ros2_ws/object-detection-jai0307-notatallVishal/install/action_client/share/action_client/environment/library_path.sh
-- Installing: /workspaces/isaac_ros-dev/ros2_ws/object-detection-jai0307-notatallVishal/install/action_client/share/action_client/environment/library_path.dsv
-- Installing: /workspaces/isaac_ros-dev/ros2_ws/object-detection-jai0307-notatallVishal/install/action_client/lib/libaction_client__rosidl_generator_c.so
-- Set runtime path of "/workspaces/isaac_ros-dev/ros2_ws/object-detection-jai0307-notatallVishal/install/action_client/lib/libaction_client__rosidl_generator_c.so" to ""
-- Up-to-date: /workspaces/isaac_ros-dev/ros2_ws/object-detection-jai0307-notatallVishal/install/action_client/include/action_client/action_client
-- Up-to-date: /workspaces/isaac_ros-dev/ros2_ws/object-detection-jai0307-notatallVishal/install/action_client/include/action_client/action_client/msg
-- Installing: /workspaces/isaac_ros-dev/ros2_ws/object-detection-jai0307-notatallVishal/install/action_client/include/action_client/action_client/msg/rosidl_typesupport_fastrtps_c__visibility_control.h
-- Up-to-date: /workspaces/isaac_ros-dev/ros2_ws/object-detection-jai0307-notatallVishal/install/action_client/include/action_client/action_client/action
-- Up-to-date: /workspaces/isaac_ros-dev/ros2_ws/object-detection-jai0307-notatallVishal/install/action_client/include/action_client/action_client/action/detail
-- Installing: /workspaces/isaac_ros-dev/ros2_ws/object-detection-jai0307-notatallVishal/install/action_client/include/action_client/action_client/action/detail/track_object__rosidl_typesupport_fastrtps_c.h
-- Installing: /workspaces/isaac_ros-dev/ros2_ws/object-detection-jai0307-notatallVishal/install/action_client/lib/libaction_client__rosidl_typesupport_fastrtps_c.so
-- Set runtime path of "/workspaces/isaac_ros-dev/ros2_ws/object-detection-jai0307-notatallVishal/install/action_client/lib/libaction_client__rosidl_typesupport_fastrtps_c.so" to ""
-- Up-to-date: /workspaces/isaac_ros-dev/ros2_ws/object-detection-jai0307-notatallVishal/install/action_client/include/action_client/action_client
-- Up-to-date: /workspaces/isaac_ros-dev/ros2_ws/object-detection-jai0307-notatallVishal/install/action_client/include/action_client/action_client/msg
-- Installing: /workspaces/isaac_ros-dev/ros2_ws/object-detection-jai0307-notatallVishal/install/action_client/include/action_client/action_client/msg/rosidl_generator_cpp__visibility_control.hpp
-- Up-to-date: /workspaces/isaac_ros-dev/ros2_ws/object-detection-jai0307-notatallVishal/install/action_client/include/action_client/action_client/action
-- Installing: /workspaces/isaac_ros-dev/ros2_ws/object-detection-jai0307-notatallVishal/install/action_client/include/action_client/action_client/action/track_object.hpp
-- Up-to-date: /workspaces/isaac_ros-dev/ros2_ws/object-detection-jai0307-notatallVishal/install/action_client/include/action_client/action_client/action/detail
-- Installing: /workspaces/isaac_ros-dev/ros2_ws/object-detection-jai0307-notatallVishal/install/action_client/include/action_client/action_client/action/detail/track_object__traits.hpp
-- Installing: /workspaces/isaac_ros-dev/ros2_ws/object-detection-jai0307-notatallVishal/install/action_client/include/action_client/action_client/action/detail/track_object__builder.hpp
-- Installing: /workspaces/isaac_ros-dev/ros2_ws/object-detection-jai0307-notatallVishal/install/action_client/include/action_client/action_client/action/detail/track_object__type_support.hpp
-- Installing: /workspaces/isaac_ros-dev/ros2_ws/object-detection-jai0307-notatallVishal/install/action_client/include/action_client/action_client/action/detail/track_object__struct.hpp
-- Up-to-date: /workspaces/isaac_ros-dev/ros2_ws/object-detection-jai0307-notatallVishal/install/action_client/include/action_client/action_client
-- Up-to-date: /workspaces/isaac_ros-dev/ros2_ws/object-detection-jai0307-notatallVishal/install/action_client/include/action_client/action_client/msg
-- Installing: /workspaces/isaac_ros-dev/ros2_ws/object-detection-jai0307-notatallVishal/install/action_client/include/action_client/action_client/msg/rosidl_typesupport_fastrtps_cpp__visibility_control.h
-- Up-to-date: /workspaces/isaac_ros-dev/ros2_ws/object-detection-jai0307-notatallVishal/install/action_client/include/action_client/action_client/action
-- Up-to-date: /workspaces/isaac_ros-dev/ros2_ws/object-detection-jai0307-notatallVishal/install/action_client/include/action_client/action_client/action/detail
-- Installing: /workspaces/isaac_ros-dev/ros2_ws/object-detection-jai0307-notatallVishal/install/action_client/include/action_client/action_client/action/detail/dds_fastrtps
-- Installing: /workspaces/isaac_ros-dev/ros2_ws/object-detection-jai0307-notatallVishal/install/action_client/include/action_client/action_client/action/detail/track_object__rosidl_typesupport_fastrtps_cpp.hpp
-- Installing: /workspaces/isaac_ros-dev/ros2_ws/object-detection-jai0307-notatallVishal/install/action_client/lib/libaction_client__rosidl_typesupport_fastrtps_cpp.so
-- Set runtime path of "/workspaces/isaac_ros-dev/ros2_ws/object-detection-jai0307-notatallVishal/install/action_client/lib/libaction_client__rosidl_typesupport_fastrtps_cpp.so" to ""
-- Up-to-date: /workspaces/isaac_ros-dev/ros2_ws/object-detection-jai0307-notatallVishal/install/action_client/include/action_client/action_client
-- Up-to-date: /workspaces/isaac_ros-dev/ros2_ws/object-detection-jai0307-notatallVishal/install/action_client/include/action_client/action_client/msg
-- Installing: /workspaces/isaac_ros-dev/ros2_ws/object-detection-jai0307-notatallVishal/install/action_client/include/action_client/action_client/msg/rosidl_typesupport_introspection_c__visibility_control.h
-- Up-to-date: /workspaces/isaac_ros-dev/ros2_ws/object-detection-jai0307-notatallVishal/install/action_client/include/action_client/action_client/action
-- Up-to-date: /workspaces/isaac_ros-dev/ros2_ws/object-detection-jai0307-notatallVishal/install/action_client/include/action_client/action_client/action/detail
-- Installing: /workspaces/isaac_ros-dev/ros2_ws/object-detection-jai0307-notatallVishal/install/action_client/include/action_client/action_client/action/detail/track_object__rosidl_typesupport_introspection_c.h
-- Installing: /workspaces/isaac_ros-dev/ros2_ws/object-detection-jai0307-notatallVishal/install/action_client/include/action_client/action_client/action/detail/track_object__type_support.c
-- Installing: /workspaces/isaac_ros-dev/ros2_ws/object-detection-jai0307-notatallVishal/install/action_client/lib/libaction_client__rosidl_typesupport_introspection_c.so
-- Set runtime path of "/workspaces/isaac_ros-dev/ros2_ws/object-detection-jai0307-notatallVishal/install/action_client/lib/libaction_client__rosidl_typesupport_introspection_c.so" to ""
-- Installing: /workspaces/isaac_ros-dev/ros2_ws/object-detection-jai0307-notatallVishal/install/action_client/lib/libaction_client__rosidl_typesupport_c.so
-- Set runtime path of "/workspaces/isaac_ros-dev/ros2_ws/object-detection-jai0307-notatallVishal/install/action_client/lib/libaction_client__rosidl_typesupport_c.so" to ""
-- Up-to-date: /workspaces/isaac_ros-dev/ros2_ws/object-detection-jai0307-notatallVishal/install/action_client/include/action_client/action_client
-- Up-to-date: /workspaces/isaac_ros-dev/ros2_ws/object-detection-jai0307-notatallVishal/install/action_client/include/action_client/action_client/action
-- Up-to-date: /workspaces/isaac_ros-dev/ros2_ws/object-detection-jai0307-notatallVishal/install/action_client/include/action_client/action_client/action/detail
-- Installing: /workspaces/isaac_ros-dev/ros2_ws/object-detection-jai0307-notatallVishal/install/action_client/include/action_client/action_client/action/detail/track_object__rosidl_typesupport_introspection_cpp.hpp
-- Installing: /workspaces/isaac_ros-dev/ros2_ws/object-detection-jai0307-notatallVishal/install/action_client/include/action_client/action_client/action/detail/track_object__type_support.cpp
-- Installing: /workspaces/isaac_ros-dev/ros2_ws/object-detection-jai0307-notatallVishal/install/action_client/lib/libaction_client__rosidl_typesupport_introspection_cpp.so
-- Set runtime path of "/workspaces/isaac_ros-dev/ros2_ws/object-detection-jai0307-notatallVishal/install/action_client/lib/libaction_client__rosidl_typesupport_introspection_cpp.so" to ""
-- Installing: /workspaces/isaac_ros-dev/ros2_ws/object-detection-jai0307-notatallVishal/install/action_client/lib/libaction_client__rosidl_typesupport_cpp.so
-- Set runtime path of "/workspaces/isaac_ros-dev/ros2_ws/object-detection-jai0307-notatallVishal/install/action_client/lib/libaction_client__rosidl_typesupport_cpp.so" to ""
-- Installing: /workspaces/isaac_ros-dev/ros2_ws/object-detection-jai0307-notatallVishal/install/action_client/share/action_client/environment/pythonpath.sh
-- Installing: /workspaces/isaac_ros-dev/ros2_ws/object-detection-jai0307-notatallVishal/install/action_client/share/action_client/environment/pythonpath.dsv
-- Installing: /workspaces/isaac_ros-dev/ros2_ws/object-detection-jai0307-notatallVishal/install/action_client/local/lib/python3.10/dist-packages/action_client-0.0.0-py3.10.egg-info
-- Installing: /workspaces/isaac_ros-dev/ros2_ws/object-detection-jai0307-notatallVishal/install/action_client/local/lib/python3.10/dist-packages/action_client-0.0.0-py3.10.egg-info/dependency_links.txt
-- Installing: /workspaces/isaac_ros-dev/ros2_ws/object-detection-jai0307-notatallVishal/install/action_client/local/lib/python3.10/dist-packages/action_client-0.0.0-py3.10.egg-info/SOURCES.txt
-- Installing: /workspaces/isaac_ros-dev/ros2_ws/object-detection-jai0307-notatallVishal/install/action_client/local/lib/python3.10/dist-packages/action_client-0.0.0-py3.10.egg-info/PKG-INFO
-- Installing: /workspaces/isaac_ros-dev/ros2_ws/object-detection-jai0307-notatallVishal/install/action_client/local/lib/python3.10/dist-packages/action_client-0.0.0-py3.10.egg-info/top_level.txt
-- Installing: /workspaces/isaac_ros-dev/ros2_ws/object-detection-jai0307-notatallVishal/install/action_client/local/lib/python3.10/dist-packages/action_client
-- Installing: /workspaces/isaac_ros-dev/ros2_ws/object-detection-jai0307-notatallVishal/install/action_client/local/lib/python3.10/dist-packages/action_client/_action_client_s.ep.rosidl_typesupport_fastrtps_c.c
-- Installing: /workspaces/isaac_ros-dev/ros2_ws/object-detection-jai0307-notatallVishal/install/action_client/local/lib/python3.10/dist-packages/action_client/action_client_s__rosidl_typesupport_introspection_c.cpython-310-aarch64-linux-gnu.so
-- Installing: /workspaces/isaac_ros-dev/ros2_ws/object-detection-jai0307-notatallVishal/install/action_client/local/lib/python3.10/dist-packages/action_client/libaction_client__rosidl_generator_py.so
-- Installing: /workspaces/isaac_ros-dev/ros2_ws/object-detection-jai0307-notatallVishal/install/action_client/local/lib/python3.10/dist-packages/action_client/_action_client_s.ep.rosidl_typesupport_c.c
-- Installing: /workspaces/isaac_ros-dev/ros2_ws/object-detection-jai0307-notatallVishal/install/action_client/local/lib/python3.10/dist-packages/action_client/action
-- Installing: /workspaces/isaac_ros-dev/ros2_ws/object-detection-jai0307-notatallVishal/install/action_client/local/lib/python3.10/dist-packages/action_client/action/_track_object.py
-- Installing: /workspaces/isaac_ros-dev/ros2_ws/object-detection-jai0307-notatallVishal/install/action_client/local/lib/python3.10/dist-packages/action_client/action/__init__.py
-- Installing: /workspaces/isaac_ros-dev/ros2_ws/object-detection-jai0307-notatallVishal/install/action_client/local/lib/python3.10/dist-packages/action_client/action/_track_object_s.c
-- Installing: /workspaces/isaac_ros-dev/ros2_ws/object-detection-jai0307-notatallVishal/install/action_client/local/lib/python3.10/dist-packages/action_client/__init__.py
-- Installing: /workspaces/isaac_ros-dev/ros2_ws/object-detection-jai0307-notatallVishal/install/action_client/local/lib/python3.10/dist-packages/action_client/action_client_s__rosidl_typesupport_c.cpython-310-aarch64-linux-gnu.so
-- Installing: /workspaces/isaac_ros-dev/ros2_ws/object-detection-jai0307-notatallVishal/install/action_client/local/lib/python3.10/dist-packages/action_client/_action_client_s.ep.rosidl_typesupport_introspection_c.c
-- Installing: /workspaces/isaac_ros-dev/ros2_ws/object-detection-jai0307-notatallVishal/install/action_client/local/lib/python3.10/dist-packages/action_client/action_client_s__rosidl_typesupport_fastrtps_c.cpython-310-aarch64-linux-gnu.so
Listing '/workspaces/isaac_ros-dev/ros2_ws/object-detection-jai0307-notatallVishal/install/action_client/local/lib/python3.10/dist-packages/action_client'...
Compiling '/workspaces/isaac_ros-dev/ros2_ws/object-detection-jai0307-notatallVishal/install/action_client/local/lib/python3.10/dist-packages/action_client/__init__.py'...
Listing '/workspaces/isaac_ros-dev/ros2_ws/object-detection-jai0307-notatallVishal/install/action_client/local/lib/python3.10/dist-packages/action_client/action'...
Compiling '/workspaces/isaac_ros-dev/ros2_ws/object-detection-jai0307-notatallVishal/install/action_client/local/lib/python3.10/dist-packages/action_client/action/__init__.py'...
Compiling '/workspaces/isaac_ros-dev/ros2_ws/object-detection-jai0307-notatallVishal/install/action_client/local/lib/python3.10/dist-packages/action_client/action/_track_object.py'...
-- Installing: /workspaces/isaac_ros-dev/ros2_ws/object-detection-jai0307-notatallVishal/install/action_client/local/lib/python3.10/dist-packages/action_client/action_client_s__rosidl_typesupport_fastrtps_c.cpython-310-aarch64-linux-gnu.so
-- Set runtime path of "/workspaces/isaac_ros-dev/ros2_ws/object-detection-jai0307-notatallVishal/install/action_client/local/lib/python3.10/dist-packages/action_client/action_client_s__rosidl_typesupport_fastrtps_c.cpython-310-aarch64-linux-gnu.so" to ""
-- Installing: /workspaces/isaac_ros-dev/ros2_ws/object-detection-jai0307-notatallVishal/install/action_client/local/lib/python3.10/dist-packages/action_client/action_client_s__rosidl_typesupport_introspection_c.cpython-310-aarch64-linux-gnu.so
-- Set runtime path of "/workspaces/isaac_ros-dev/ros2_ws/object-detection-jai0307-notatallVishal/install/action_client/local/lib/python3.10/dist-packages/action_client/action_client_s__rosidl_typesupport_introspection_c.cpython-310-aarch64-linux-gnu.so" to ""
-- Installing: /workspaces/isaac_ros-dev/ros2_ws/object-detection-jai0307-notatallVishal/install/action_client/local/lib/python3.10/dist-packages/action_client/action_client_s__rosidl_typesupport_c.cpython-310-aarch64-linux-gnu.so
-- Set runtime path of "/workspaces/isaac_ros-dev/ros2_ws/object-detection-jai0307-notatallVishal/install/action_client/local/lib/python3.10/dist-packages/action_client/action_client_s__rosidl_typesupport_c.cpython-310-aarch64-linux-gnu.so" to ""
-- Installing: /workspaces/isaac_ros-dev/ros2_ws/object-detection-jai0307-notatallVishal/install/action_client/lib/libaction_client__rosidl_generator_py.so
-- Set runtime path of "/workspaces/isaac_ros-dev/ros2_ws/object-detection-jai0307-notatallVishal/install/action_client/lib/libaction_client__rosidl_generator_py.so" to ""
-- Installing: /workspaces/isaac_ros-dev/ros2_ws/object-detection-jai0307-notatallVishal/install/action_client/share/action_client/action/TrackObject.idl
-- Installing: /workspaces/isaac_ros-dev/ros2_ws/object-detection-jai0307-notatallVishal/install/action_client/share/action_client/action/TrackObject.action
-- Installing: /workspaces/isaac_ros-dev/ros2_ws/object-detection-jai0307-notatallVishal/install/action_client/share/action_client//launch
-- Installing: /workspaces/isaac_ros-dev/ros2_ws/object-detection-jai0307-notatallVishal/install/action_client/share/action_client//launch/action_client.launch.py
-- Installing: /workspaces/isaac_ros-dev/ros2_ws/object-detection-jai0307-notatallVishal/install/action_client/share/ament_index/resource_index/package_run_dependencies/action_client
-- Installing: /workspaces/isaac_ros-dev/ros2_ws/object-detection-jai0307-notatallVishal/install/action_client/share/ament_index/resource_index/parent_prefix_path/action_client
-- Installing: /workspaces/isaac_ros-dev/ros2_ws/object-detection-jai0307-notatallVishal/install/action_client/share/action_client/environment/ament_prefix_path.sh
-- Installing: /workspaces/isaac_ros-dev/ros2_ws/object-detection-jai0307-notatallVishal/install/action_client/share/action_client/environment/ament_prefix_path.dsv
-- Installing: /workspaces/isaac_ros-dev/ros2_ws/object-detection-jai0307-notatallVishal/install/action_client/share/action_client/environment/path.sh
-- Installing: /workspaces/isaac_ros-dev/ros2_ws/object-detection-jai0307-notatallVishal/install/action_client/share/action_client/environment/path.dsv
-- Installing: /workspaces/isaac_ros-dev/ros2_ws/object-detection-jai0307-notatallVishal/install/action_client/share/action_client/local_setup.bash
-- Installing: /workspaces/isaac_ros-dev/ros2_ws/object-detection-jai0307-notatallVishal/install/action_client/share/action_client/local_setup.sh
-- Installing: /workspaces/isaac_ros-dev/ros2_ws/object-detection-jai0307-notatallVishal/install/action_client/share/action_client/local_setup.zsh
-- Installing: /workspaces/isaac_ros-dev/ros2_ws/object-detection-jai0307-notatallVishal/install/action_client/share/action_client/local_setup.dsv
-- Installing: /workspaces/isaac_ros-dev/ros2_ws/object-detection-jai0307-notatallVishal/install/action_client/share/action_client/package.dsv
-- Installing: /workspaces/isaac_ros-dev/ros2_ws/object-detection-jai0307-notatallVishal/install/action_client/share/ament_index/resource_index/packages/action_client
-- Installing: /workspaces/isaac_ros-dev/ros2_ws/object-detection-jai0307-notatallVishal/install/action_client/share/action_client/cmake/export_action_client__rosidl_generator_cExport.cmake
-- Installing: /workspaces/isaac_ros-dev/ros2_ws/object-detection-jai0307-notatallVishal/install/action_client/share/action_client/cmake/export_action_client__rosidl_generator_cExport-noconfig.cmake
-- Installing: /workspaces/isaac_ros-dev/ros2_ws/object-detection-jai0307-notatallVishal/install/action_client/share/action_client/cmake/export_action_client__rosidl_typesupport_fastrtps_cExport.cmake
-- Installing: /workspaces/isaac_ros-dev/ros2_ws/object-detection-jai0307-notatallVishal/install/action_client/share/action_client/cmake/export_action_client__rosidl_typesupport_fastrtps_cExport-noconfig.cmake
-- Installing: /workspaces/isaac_ros-dev/ros2_ws/object-detection-jai0307-notatallVishal/install/action_client/share/action_client/cmake/export_action_client__rosidl_generator_cppExport.cmake
-- Installing: /workspaces/isaac_ros-dev/ros2_ws/object-detection-jai0307-notatallVishal/install/action_client/share/action_client/cmake/export_action_client__rosidl_typesupport_fastrtps_cppExport.cmake
-- Installing: /workspaces/isaac_ros-dev/ros2_ws/object-detection-jai0307-notatallVishal/install/action_client/share/action_client/cmake/export_action_client__rosidl_typesupport_fastrtps_cppExport-noconfig.cmake
-- Installing: /workspaces/isaac_ros-dev/ros2_ws/object-detection-jai0307-notatallVishal/install/action_client/share/action_client/cmake/action_client__rosidl_typesupport_introspection_cExport.cmake
-- Installing: /workspaces/isaac_ros-dev/ros2_ws/object-detection-jai0307-notatallVishal/install/action_client/share/action_client/cmake/action_client__rosidl_typesupport_introspection_cExport-noconfig.cmake
-- Installing: /workspaces/isaac_ros-dev/ros2_ws/object-detection-jai0307-notatallVishal/install/action_client/share/action_client/cmake/action_client__rosidl_typesupport_cExport.cmake
-- Installing: /workspaces/isaac_ros-dev/ros2_ws/object-detection-jai0307-notatallVishal/install/action_client/share/action_client/cmake/action_client__rosidl_typesupport_cExport-noconfig.cmake
-- Installing: /workspaces/isaac_ros-dev/ros2_ws/object-detection-jai0307-notatallVishal/install/action_client/share/action_client/cmake/action_client__rosidl_typesupport_introspection_cppExport.cmake
-- Installing: /workspaces/isaac_ros-dev/ros2_ws/object-detection-jai0307-notatallVishal/install/action_client/share/action_client/cmake/action_client__rosidl_typesupport_introspection_cppExport-noconfig.cmake
-- Installing: /workspaces/isaac_ros-dev/ros2_ws/object-detection-jai0307-notatallVishal/install/action_client/share/action_client/cmake/action_client__rosidl_typesupport_cppExport.cmake
-- Installing: /workspaces/isaac_ros-dev/ros2_ws/object-detection-jai0307-notatallVishal/install/action_client/share/action_client/cmake/action_client__rosidl_typesupport_cppExport-noconfig.cmake
-- Installing: /workspaces/isaac_ros-dev/ros2_ws/object-detection-jai0307-notatallVishal/install/action_client/share/action_client/cmake/export_action_client__rosidl_generator_pyExport.cmake
-- Installing: /workspaces/isaac_ros-dev/ros2_ws/object-detection-jai0307-notatallVishal/install/action_client/share/action_client/cmake/export_action_client__rosidl_generator_pyExport-noconfig.cmake
-- Installing: /workspaces/isaac_ros-dev/ros2_ws/object-detection-jai0307-notatallVishal/install/action_client/share/action_client/cmake/rosidl_cmake-extras.cmake
-- Installing: /workspaces/isaac_ros-dev/ros2_ws/object-detection-jai0307-notatallVishal/install/action_client/share/action_client/cmake/ament_cmake_export_dependencies-extras.cmake
-- Installing: /workspaces/isaac_ros-dev/ros2_ws/object-detection-jai0307-notatallVishal/install/action_client/share/action_client/cmake/ament_cmake_export_include_directories-extras.cmake
-- Installing: /workspaces/isaac_ros-dev/ros2_ws/object-detection-jai0307-notatallVishal/install/action_client/share/action_client/cmake/ament_cmake_export_libraries-extras.cmake
-- Installing: /workspaces/isaac_ros-dev/ros2_ws/object-detection-jai0307-notatallVishal/install/action_client/share/action_client/cmake/ament_cmake_export_targets-extras.cmake
-- Installing: /workspaces/isaac_ros-dev/ros2_ws/object-detection-jai0307-notatallVishal/install/action_client/share/action_client/cmake/rosidl_cmake_export_typesupport_targets-extras.cmake
-- Installing: /workspaces/isaac_ros-dev/ros2_ws/object-detection-jai0307-notatallVishal/install/action_client/share/action_client/cmake/rosidl_cmake_export_typesupport_libraries-extras.cmake
-- Installing: /workspaces/isaac_ros-dev/ros2_ws/object-detection-jai0307-notatallVishal/install/action_client/share/action_client/cmake/action_clientConfig.cmake
-- Installing: /workspaces/isaac_ros-dev/ros2_ws/object-detection-jai0307-notatallVishal/install/action_client/share/action_client/cmake/action_clientConfig-version.cmake
-- Installing: /workspaces/isaac_ros-dev/ros2_ws/object-detection-jai0307-notatallVishal/install/action_client/share/action_client/package.xml
