[0.025s] Invoking command in '/workspaces/isaac_ros-dev/ros2_ws/object-detection-jai0307-notatallVishal/build/action_client': CMAKE_PREFIX_PATH=${CMAKE_PREFIX_PATH}:/opt/ros/humble /usr/bin/cmake /workspaces/isaac_ros-dev/ros2_ws/object-detection-jai0307-notatallVishal/action_client -DCMAKE_INSTALL_PREFIX=/workspaces/isaac_ros-dev/ros2_ws/object-detection-jai0307-notatallVishal/install/action_client
[0.154s] -- The C compiler identification is GNU 11.4.0
[0.280s] -- The CXX compiler identification is GNU 11.4.0
[0.302s] -- Detecting C compiler ABI info
[0.474s] -- Detecting C compiler ABI info - done
[0.495s] -- Check for working C compiler: /usr/bin/cc - skipped
[0.496s] -- Detecting C compile features
[0.497s] -- Detecting C compile features - done
[0.507s] -- Detecting CXX compiler ABI info
[0.686s] -- Detecting CXX compiler ABI info - done
[0.708s] -- Check for working CXX compiler: /usr/bin/c++ - skipped
[0.709s] -- Detecting CXX compile features
[0.710s] -- Detecting CXX compile features - done
[0.723s] -- Found ament_cmake: 1.3.11 (/opt/ros/humble/share/ament_cmake/cmake)
[2.568s] -- Found Python3: /usr/bin/python3 (found version "3.10.12") found components: Interpreter 
[2.868s] -- Found rclcpp: 16.0.12 (/opt/ros/humble/share/rclcpp/cmake)
[3.001s] -- Found rosidl_generator_c: 3.1.6 (/opt/ros/humble/share/rosidl_generator_c/cmake)
[3.019s] -- Found rosidl_adapter: 3.1.6 (/opt/ros/humble/share/rosidl_adapter/cmake)
[3.045s] -- Found rosidl_generator_cpp: 3.1.6 (/opt/ros/humble/share/rosidl_generator_cpp/cmake)
[3.079s] -- Using all available rosidl_typesupport_c: rosidl_typesupport_fastrtps_c;rosidl_typesupport_introspection_c
[3.126s] -- Using all available rosidl_typesupport_cpp: rosidl_typesupport_fastrtps_cpp;rosidl_typesupport_introspection_cpp
[3.257s] -- Found rmw_implementation_cmake: 6.1.2 (/opt/ros/humble/share/rmw_implementation_cmake/cmake)
[3.267s] -- Found rmw_fastrtps_cpp: 6.2.7 (/opt/ros/humble/share/rmw_fastrtps_cpp/cmake)
[3.496s] -- Found OpenSSL: /usr/lib/aarch64-linux-gnu/libcrypto.so (found version "3.0.2")  
[3.583s] -- Found FastRTPS: /opt/ros/humble/include  
[3.710s] -- Using RMW implementation 'rmw_fastrtps_cpp' as default
[3.746s] -- Looking for pthread.h
[3.915s] -- Looking for pthread.h - found
[3.916s] -- Performing Test CMAKE_HAVE_LIBC_PTHREAD
[4.101s] -- Performing Test CMAKE_HAVE_LIBC_PTHREAD - Success
[4.104s] -- Found Threads: TRUE  
[4.266s] -- Found rosidl_default_generators: 1.2.0 (/opt/ros/humble/share/rosidl_default_generators/cmake)
[5.069s] -- Found ament_cmake_ros: 0.10.0 (/opt/ros/humble/share/ament_cmake_ros/cmake)
[5.967s] -- Using all available rosidl_typesupport_c: rosidl_typesupport_fastrtps_c;rosidl_typesupport_introspection_c
[6.306s] -- Using all available rosidl_typesupport_cpp: rosidl_typesupport_fastrtps_cpp;rosidl_typesupport_introspection_cpp
[6.374s] -- Found PythonInterp: /usr/bin/python3 (found suitable version "3.10.12", minimum required is "3.6") 
[6.385s] -- Found python_cmake_module: 0.10.0 (/opt/ros/humble/share/python_cmake_module/cmake)
[6.470s] -- Found PythonLibs: /usr/lib/aarch64-linux-gnu/libpython3.10.so (found suitable version "3.10.12", minimum required is "3.5") 
[6.471s] -- Using PYTHON_EXECUTABLE: /usr/bin/python3
[6.471s] -- Using PYTHON_INCLUDE_DIRS: /usr/include/python3.10
[6.471s] -- Using PYTHON_LIBRARIES: /usr/lib/aarch64-linux-gnu/libpython3.10.so
[6.535s] -- Found PythonExtra: .so  
[6.895s] -- Using numpy include directory: /usr/local/lib/python3.10/dist-packages/numpy/core/include
[6.943s] -- Found ament_lint_auto: 0.12.12 (/opt/ros/humble/share/ament_lint_auto/cmake)
[7.021s] -- Added test 'cppcheck' to perform static code analysis on C / C++ code
[7.023s] -- Configured cppcheck include dirs: 
[7.023s] -- Configured cppcheck exclude dirs and/or files: 
[7.025s] -- Added test 'flake8' to check Python code syntax and style conventions
[7.027s] -- Added test 'lint_cmake' to check CMake code style
[7.029s] -- Added test 'pep257' to check Python code against some of the docstring style conventions in PEP 257
[7.031s] -- Added test 'uncrustify' to check C / C++ code style
[7.032s] -- Configured uncrustify additional arguments: 
[7.033s] -- Added test 'xmllint' to check XML markup files
[7.041s] -- Configuring done
[7.126s] -- Generating done
[7.153s] -- Build files have been written to: /workspaces/isaac_ros-dev/ros2_ws/object-detection-jai0307-notatallVishal/build/action_client
[7.188s] Invoked command in '/workspaces/isaac_ros-dev/ros2_ws/object-detection-jai0307-notatallVishal/build/action_client' returned '0': CMAKE_PREFIX_PATH=${CMAKE_PREFIX_PATH}:/opt/ros/humble /usr/bin/cmake /workspaces/isaac_ros-dev/ros2_ws/object-detection-jai0307-notatallVishal/action_client -DCMAKE_INSTALL_PREFIX=/workspaces/isaac_ros-dev/ros2_ws/object-detection-jai0307-notatallVishal/install/action_client
[7.195s] Invoking command in '/workspaces/isaac_ros-dev/ros2_ws/object-detection-jai0307-notatallVishal/build/action_client': CMAKE_PREFIX_PATH=${CMAKE_PREFIX_PATH}:/opt/ros/humble /usr/bin/cmake --build /workspaces/isaac_ros-dev/ros2_ws/object-detection-jai0307-notatallVishal/build/action_client -- -j6 -l6
[7.298s] [  3%] [34m[1mGenerating C code for ROS interfaces[0m
[7.320s] [  6%] [34m[1mGenerating C++ code for ROS interfaces[0m
[7.343s] [  6%] Built target ament_cmake_python_copy_action_client
[8.321s] [  9%] [32mBuilding C object CMakeFiles/action_client__rosidl_generator_c.dir/rosidl_generator_c/action_client/action/detail/track_object__functions.c.o[0m
[8.343s] [  9%] Built target action_client__cpp
[8.362s] running egg_info
[8.365s] creating action_client.egg-info
[8.373s] [ 12%] [34m[1mGenerating C++ type support for eProsima Fast-RTPS[0m
[8.375s] [ 16%] [34m[1mGenerating C++ type support dispatch for ROS interfaces[0m
[8.378s] [ 19%] [34m[1mGenerating C++ introspection for ROS interfaces[0m
[8.416s] writing action_client.egg-info/PKG-INFO
[8.417s] writing dependency_links to action_client.egg-info/dependency_links.txt
[8.417s] writing top-level names to action_client.egg-info/top_level.txt
[8.418s] writing manifest file 'action_client.egg-info/SOURCES.txt'
[8.693s] [ 22%] [32m[1mLinking C shared library libaction_client__rosidl_generator_c.so[0m
[8.785s] [ 22%] Built target action_client__rosidl_generator_c
[8.810s] [ 25%] [34m[1mGenerating C type support for eProsima Fast-RTPS[0m
[8.829s] [ 29%] [34m[1mGenerating C introspection for ROS interfaces[0m
[9.079s] reading manifest file 'action_client.egg-info/SOURCES.txt'
[9.081s] writing manifest file 'action_client.egg-info/SOURCES.txt'
[9.119s] [ 32%] [32mBuilding CXX object CMakeFiles/action_client__rosidl_typesupport_cpp.dir/rosidl_typesupport_cpp/action_client/action/track_object__type_support.cpp.o[0m
[9.262s] [ 32%] Built target ament_cmake_python_build_action_client_egg
[9.301s] [ 35%] [34m[1mGenerating C type support dispatch for ROS interfaces[0m
[9.322s] [ 38%] [32mBuilding CXX object CMakeFiles/action_client__rosidl_typesupport_fastrtps_cpp.dir/rosidl_typesupport_fastrtps_cpp/action_client/action/detail/dds_fastrtps/track_object__type_support.cpp.o[0m
[9.323s] [ 41%] [32mBuilding CXX object CMakeFiles/action_client__rosidl_typesupport_introspection_cpp.dir/rosidl_typesupport_introspection_cpp/action_client/action/detail/track_object__type_support.cpp.o[0m
[9.718s] [ 45%] [32mBuilding C object CMakeFiles/action_client__rosidl_typesupport_introspection_c.dir/rosidl_typesupport_introspection_c/action_client/action/detail/track_object__type_support.c.o[0m
[9.846s] [ 48%] [32m[1mLinking C shared library libaction_client__rosidl_typesupport_introspection_c.so[0m
[9.852s] [ 51%] [32mBuilding CXX object CMakeFiles/action_client__rosidl_typesupport_fastrtps_c.dir/rosidl_typesupport_fastrtps_c/action_client/action/detail/track_object__type_support_c.cpp.o[0m
[9.942s] [ 51%] Built target action_client__rosidl_typesupport_introspection_c
[10.068s] [ 54%] [32mBuilding CXX object CMakeFiles/action_client__rosidl_typesupport_c.dir/rosidl_typesupport_c/action_client/action/track_object__type_support.cpp.o[0m
[10.231s] [ 58%] [32m[1mLinking CXX shared library libaction_client__rosidl_typesupport_c.so[0m
[10.335s] [ 61%] [32m[1mLinking CXX shared library libaction_client__rosidl_typesupport_cpp.so[0m
[10.360s] [ 61%] Built target action_client__rosidl_typesupport_c
[10.446s] [ 61%] Built target action_client__rosidl_typesupport_cpp
[10.845s] [ 64%] [32m[1mLinking CXX shared library libaction_client__rosidl_typesupport_introspection_cpp.so[0m
[10.860s] [ 67%] [32m[1mLinking CXX shared library libaction_client__rosidl_typesupport_fastrtps_cpp.so[0m
[10.958s] [ 70%] [32m[1mLinking CXX shared library libaction_client__rosidl_typesupport_fastrtps_c.so[0m
[11.028s] [ 70%] Built target action_client__rosidl_typesupport_introspection_cpp
[11.045s] [ 70%] Built target action_client__rosidl_typesupport_fastrtps_cpp
[11.132s] [ 70%] Built target action_client__rosidl_typesupport_fastrtps_c
[11.185s] [ 70%] Built target action_client
[11.236s] [ 74%] [34m[1mGenerating Python code for ROS interfaces[0m
[12.872s] [ 74%] Built target action_client__py
[12.925s] [ 77%] [32mBuilding C object CMakeFiles/action_client__rosidl_generator_py.dir/rosidl_generator_py/action_client/action/_track_object_s.c.o[0m
[13.301s] [ 80%] [32m[1mLinking C shared library rosidl_generator_py/action_client/libaction_client__rosidl_generator_py.so[0m
[13.399s] [ 80%] Built target action_client__rosidl_generator_py
[13.451s] [ 87%] [32mBuilding C object CMakeFiles/action_client__rosidl_typesupport_introspection_c__pyext.dir/rosidl_generator_py/action_client/_action_client_s.ep.rosidl_typesupport_introspection_c.c.o[0m
[13.452s] [ 87%] [32mBuilding C object CMakeFiles/action_client__rosidl_typesupport_fastrtps_c__pyext.dir/rosidl_generator_py/action_client/_action_client_s.ep.rosidl_typesupport_fastrtps_c.c.o[0m
[13.454s] [ 90%] [32mBuilding C object CMakeFiles/action_client__rosidl_typesupport_c__pyext.dir/rosidl_generator_py/action_client/_action_client_s.ep.rosidl_typesupport_c.c.o[0m
[13.759s] [ 93%] [32m[1mLinking C shared library rosidl_generator_py/action_client/action_client_s__rosidl_typesupport_fastrtps_c.cpython-310-aarch64-linux-gnu.so[0m
[13.767s] [ 96%] [32m[1mLinking C shared library rosidl_generator_py/action_client/action_client_s__rosidl_typesupport_introspection_c.cpython-310-aarch64-linux-gnu.so[0m
[13.774s] [100%] [32m[1mLinking C shared library rosidl_generator_py/action_client/action_client_s__rosidl_typesupport_c.cpython-310-aarch64-linux-gnu.so[0m
[13.864s] [100%] Built target action_client__rosidl_typesupport_fastrtps_c__pyext
[13.864s] [100%] Built target action_client__rosidl_typesupport_introspection_c__pyext
[13.874s] [100%] Built target action_client__rosidl_typesupport_c__pyext
[13.903s] Invoked command in '/workspaces/isaac_ros-dev/ros2_ws/object-detection-jai0307-notatallVishal/build/action_client' returned '0': CMAKE_PREFIX_PATH=${CMAKE_PREFIX_PATH}:/opt/ros/humble /usr/bin/cmake --build /workspaces/isaac_ros-dev/ros2_ws/object-detection-jai0307-notatallVishal/build/action_client -- -j6 -l6
[13.929s] Invoking command in '/workspaces/isaac_ros-dev/ros2_ws/object-detection-jai0307-notatallVishal/build/action_client': CMAKE_PREFIX_PATH=${CMAKE_PREFIX_PATH}:/opt/ros/humble /usr/bin/cmake --install /workspaces/isaac_ros-dev/ros2_ws/object-detection-jai0307-notatallVishal/build/action_client
[13.947s] -- Install configuration: ""
[13.948s] -- Installing: /workspaces/isaac_ros-dev/ros2_ws/object-detection-jai0307-notatallVishal/install/action_client/share/ament_index/resource_index/rosidl_interfaces/action_client
[13.949s] -- Installing: /workspaces/isaac_ros-dev/ros2_ws/object-detection-jai0307-notatallVishal/install/action_client/include/action_client/action_client
[13.949s] -- Installing: /workspaces/isaac_ros-dev/ros2_ws/object-detection-jai0307-notatallVishal/install/action_client/include/action_client/action_client/msg
[13.949s] -- Installing: /workspaces/isaac_ros-dev/ros2_ws/object-detection-jai0307-notatallVishal/install/action_client/include/action_client/action_client/msg/rosidl_generator_c__visibility_control.h
[13.949s] -- Installing: /workspaces/isaac_ros-dev/ros2_ws/object-detection-jai0307-notatallVishal/install/action_client/include/action_client/action_client/action
[13.949s] -- Installing: /workspaces/isaac_ros-dev/ros2_ws/object-detection-jai0307-notatallVishal/install/action_client/include/action_client/action_client/action/detail
[13.950s] -- Installing: /workspaces/isaac_ros-dev/ros2_ws/object-detection-jai0307-notatallVishal/install/action_client/include/action_client/action_client/action/detail/track_object__type_support.h
[13.950s] -- Installing: /workspaces/isaac_ros-dev/ros2_ws/object-detection-jai0307-notatallVishal/install/action_client/include/action_client/action_client/action/detail/track_object__functions.c
[13.950s] -- Installing: /workspaces/isaac_ros-dev/ros2_ws/object-detection-jai0307-notatallVishal/install/action_client/include/action_client/action_client/action/detail/track_object__functions.h
[13.950s] -- Installing: /workspaces/isaac_ros-dev/ros2_ws/object-detection-jai0307-notatallVishal/install/action_client/include/action_client/action_client/action/detail/track_object__struct.h
[13.951s] -- Installing: /workspaces/isaac_ros-dev/ros2_ws/object-detection-jai0307-notatallVishal/install/action_client/include/action_client/action_client/action/track_object.h
[13.951s] -- Installing: /workspaces/isaac_ros-dev/ros2_ws/object-detection-jai0307-notatallVishal/install/action_client/share/action_client/environment/library_path.sh
[13.952s] -- Installing: /workspaces/isaac_ros-dev/ros2_ws/object-detection-jai0307-notatallVishal/install/action_client/share/action_client/environment/library_path.dsv
[13.952s] -- Installing: /workspaces/isaac_ros-dev/ros2_ws/object-detection-jai0307-notatallVishal/install/action_client/lib/libaction_client__rosidl_generator_c.so
[13.953s] -- Set runtime path of "/workspaces/isaac_ros-dev/ros2_ws/object-detection-jai0307-notatallVishal/install/action_client/lib/libaction_client__rosidl_generator_c.so" to ""
[13.953s] -- Up-to-date: /workspaces/isaac_ros-dev/ros2_ws/object-detection-jai0307-notatallVishal/install/action_client/include/action_client/action_client
[13.953s] -- Up-to-date: /workspaces/isaac_ros-dev/ros2_ws/object-detection-jai0307-notatallVishal/install/action_client/include/action_client/action_client/msg
[13.953s] -- Installing: /workspaces/isaac_ros-dev/ros2_ws/object-detection-jai0307-notatallVishal/install/action_client/include/action_client/action_client/msg/rosidl_typesupport_fastrtps_c__visibility_control.h
[13.953s] -- Up-to-date: /workspaces/isaac_ros-dev/ros2_ws/object-detection-jai0307-notatallVishal/install/action_client/include/action_client/action_client/action
[13.954s] -- Up-to-date: /workspaces/isaac_ros-dev/ros2_ws/object-detection-jai0307-notatallVishal/install/action_client/include/action_client/action_client/action/detail
[13.954s] -- Installing: /workspaces/isaac_ros-dev/ros2_ws/object-detection-jai0307-notatallVishal/install/action_client/include/action_client/action_client/action/detail/track_object__rosidl_typesupport_fastrtps_c.h
[13.954s] -- Installing: /workspaces/isaac_ros-dev/ros2_ws/object-detection-jai0307-notatallVishal/install/action_client/lib/libaction_client__rosidl_typesupport_fastrtps_c.so
[13.955s] -- Set runtime path of "/workspaces/isaac_ros-dev/ros2_ws/object-detection-jai0307-notatallVishal/install/action_client/lib/libaction_client__rosidl_typesupport_fastrtps_c.so" to ""
[13.955s] -- Up-to-date: /workspaces/isaac_ros-dev/ros2_ws/object-detection-jai0307-notatallVishal/install/action_client/include/action_client/action_client
[13.955s] -- Up-to-date: /workspaces/isaac_ros-dev/ros2_ws/object-detection-jai0307-notatallVishal/install/action_client/include/action_client/action_client/msg
[13.955s] -- Installing: /workspaces/isaac_ros-dev/ros2_ws/object-detection-jai0307-notatallVishal/install/action_client/include/action_client/action_client/msg/rosidl_generator_cpp__visibility_control.hpp
[13.955s] -- Up-to-date: /workspaces/isaac_ros-dev/ros2_ws/object-detection-jai0307-notatallVishal/install/action_client/include/action_client/action_client/action
[13.955s] -- Installing: /workspaces/isaac_ros-dev/ros2_ws/object-detection-jai0307-notatallVishal/install/action_client/include/action_client/action_client/action/track_object.hpp
[13.956s] -- Up-to-date: /workspaces/isaac_ros-dev/ros2_ws/object-detection-jai0307-notatallVishal/install/action_client/include/action_client/action_client/action/detail
[13.956s] -- Installing: /workspaces/isaac_ros-dev/ros2_ws/object-detection-jai0307-notatallVishal/install/action_client/include/action_client/action_client/action/detail/track_object__traits.hpp
[13.956s] -- Installing: /workspaces/isaac_ros-dev/ros2_ws/object-detection-jai0307-notatallVishal/install/action_client/include/action_client/action_client/action/detail/track_object__builder.hpp
[13.956s] -- Installing: /workspaces/isaac_ros-dev/ros2_ws/object-detection-jai0307-notatallVishal/install/action_client/include/action_client/action_client/action/detail/track_object__type_support.hpp
[13.956s] -- Installing: /workspaces/isaac_ros-dev/ros2_ws/object-detection-jai0307-notatallVishal/install/action_client/include/action_client/action_client/action/detail/track_object__struct.hpp
[13.957s] -- Up-to-date: /workspaces/isaac_ros-dev/ros2_ws/object-detection-jai0307-notatallVishal/install/action_client/include/action_client/action_client
[13.957s] -- Up-to-date: /workspaces/isaac_ros-dev/ros2_ws/object-detection-jai0307-notatallVishal/install/action_client/include/action_client/action_client/msg
[13.957s] -- Installing: /workspaces/isaac_ros-dev/ros2_ws/object-detection-jai0307-notatallVishal/install/action_client/include/action_client/action_client/msg/rosidl_typesupport_fastrtps_cpp__visibility_control.h
[13.957s] -- Up-to-date: /workspaces/isaac_ros-dev/ros2_ws/object-detection-jai0307-notatallVishal/install/action_client/include/action_client/action_client/action
[13.957s] -- Up-to-date: /workspaces/isaac_ros-dev/ros2_ws/object-detection-jai0307-notatallVishal/install/action_client/include/action_client/action_client/action/detail
[13.958s] -- Installing: /workspaces/isaac_ros-dev/ros2_ws/object-detection-jai0307-notatallVishal/install/action_client/include/action_client/action_client/action/detail/dds_fastrtps
[13.958s] -- Installing: /workspaces/isaac_ros-dev/ros2_ws/object-detection-jai0307-notatallVishal/install/action_client/include/action_client/action_client/action/detail/track_object__rosidl_typesupport_fastrtps_cpp.hpp
[13.958s] -- Installing: /workspaces/isaac_ros-dev/ros2_ws/object-detection-jai0307-notatallVishal/install/action_client/lib/libaction_client__rosidl_typesupport_fastrtps_cpp.so
[13.959s] -- Set runtime path of "/workspaces/isaac_ros-dev/ros2_ws/object-detection-jai0307-notatallVishal/install/action_client/lib/libaction_client__rosidl_typesupport_fastrtps_cpp.so" to ""
[13.959s] -- Up-to-date: /workspaces/isaac_ros-dev/ros2_ws/object-detection-jai0307-notatallVishal/install/action_client/include/action_client/action_client
[13.959s] -- Up-to-date: /workspaces/isaac_ros-dev/ros2_ws/object-detection-jai0307-notatallVishal/install/action_client/include/action_client/action_client/msg
[13.959s] -- Installing: /workspaces/isaac_ros-dev/ros2_ws/object-detection-jai0307-notatallVishal/install/action_client/include/action_client/action_client/msg/rosidl_typesupport_introspection_c__visibility_control.h
[13.959s] -- Up-to-date: /workspaces/isaac_ros-dev/ros2_ws/object-detection-jai0307-notatallVishal/install/action_client/include/action_client/action_client/action
[13.959s] -- Up-to-date: /workspaces/isaac_ros-dev/ros2_ws/object-detection-jai0307-notatallVishal/install/action_client/include/action_client/action_client/action/detail
[13.960s] -- Installing: /workspaces/isaac_ros-dev/ros2_ws/object-detection-jai0307-notatallVishal/install/action_client/include/action_client/action_client/action/detail/track_object__rosidl_typesupport_introspection_c.h
[13.960s] -- Installing: /workspaces/isaac_ros-dev/ros2_ws/object-detection-jai0307-notatallVishal/install/action_client/include/action_client/action_client/action/detail/track_object__type_support.c
[13.960s] -- Installing: /workspaces/isaac_ros-dev/ros2_ws/object-detection-jai0307-notatallVishal/install/action_client/lib/libaction_client__rosidl_typesupport_introspection_c.so
[13.961s] -- Set runtime path of "/workspaces/isaac_ros-dev/ros2_ws/object-detection-jai0307-notatallVishal/install/action_client/lib/libaction_client__rosidl_typesupport_introspection_c.so" to ""
[13.961s] -- Installing: /workspaces/isaac_ros-dev/ros2_ws/object-detection-jai0307-notatallVishal/install/action_client/lib/libaction_client__rosidl_typesupport_c.so
[13.961s] -- Set runtime path of "/workspaces/isaac_ros-dev/ros2_ws/object-detection-jai0307-notatallVishal/install/action_client/lib/libaction_client__rosidl_typesupport_c.so" to ""
[13.962s] -- Up-to-date: /workspaces/isaac_ros-dev/ros2_ws/object-detection-jai0307-notatallVishal/install/action_client/include/action_client/action_client
[13.962s] -- Up-to-date: /workspaces/isaac_ros-dev/ros2_ws/object-detection-jai0307-notatallVishal/install/action_client/include/action_client/action_client/action
[13.962s] -- Up-to-date: /workspaces/isaac_ros-dev/ros2_ws/object-detection-jai0307-notatallVishal/install/action_client/include/action_client/action_client/action/detail
[13.962s] -- Installing: /workspaces/isaac_ros-dev/ros2_ws/object-detection-jai0307-notatallVishal/install/action_client/include/action_client/action_client/action/detail/track_object__rosidl_typesupport_introspection_cpp.hpp
[13.962s] -- Installing: /workspaces/isaac_ros-dev/ros2_ws/object-detection-jai0307-notatallVishal/install/action_client/include/action_client/action_client/action/detail/track_object__type_support.cpp
[13.963s] -- Installing: /workspaces/isaac_ros-dev/ros2_ws/object-detection-jai0307-notatallVishal/install/action_client/lib/libaction_client__rosidl_typesupport_introspection_cpp.so
[13.963s] -- Set runtime path of "/workspaces/isaac_ros-dev/ros2_ws/object-detection-jai0307-notatallVishal/install/action_client/lib/libaction_client__rosidl_typesupport_introspection_cpp.so" to ""
[13.963s] -- Installing: /workspaces/isaac_ros-dev/ros2_ws/object-detection-jai0307-notatallVishal/install/action_client/lib/libaction_client__rosidl_typesupport_cpp.so
[13.964s] -- Set runtime path of "/workspaces/isaac_ros-dev/ros2_ws/object-detection-jai0307-notatallVishal/install/action_client/lib/libaction_client__rosidl_typesupport_cpp.so" to ""
[13.964s] -- Installing: /workspaces/isaac_ros-dev/ros2_ws/object-detection-jai0307-notatallVishal/install/action_client/share/action_client/environment/pythonpath.sh
[13.965s] -- Installing: /workspaces/isaac_ros-dev/ros2_ws/object-detection-jai0307-notatallVishal/install/action_client/share/action_client/environment/pythonpath.dsv
[13.966s] -- Installing: /workspaces/isaac_ros-dev/ros2_ws/object-detection-jai0307-notatallVishal/install/action_client/local/lib/python3.10/dist-packages/action_client-0.0.0-py3.10.egg-info
[13.966s] -- Installing: /workspaces/isaac_ros-dev/ros2_ws/object-detection-jai0307-notatallVishal/install/action_client/local/lib/python3.10/dist-packages/action_client-0.0.0-py3.10.egg-info/dependency_links.txt
[13.967s] -- Installing: /workspaces/isaac_ros-dev/ros2_ws/object-detection-jai0307-notatallVishal/install/action_client/local/lib/python3.10/dist-packages/action_client-0.0.0-py3.10.egg-info/SOURCES.txt
[13.967s] -- Installing: /workspaces/isaac_ros-dev/ros2_ws/object-detection-jai0307-notatallVishal/install/action_client/local/lib/python3.10/dist-packages/action_client-0.0.0-py3.10.egg-info/PKG-INFO
[13.967s] -- Installing: /workspaces/isaac_ros-dev/ros2_ws/object-detection-jai0307-notatallVishal/install/action_client/local/lib/python3.10/dist-packages/action_client-0.0.0-py3.10.egg-info/top_level.txt
[13.967s] -- Installing: /workspaces/isaac_ros-dev/ros2_ws/object-detection-jai0307-notatallVishal/install/action_client/local/lib/python3.10/dist-packages/action_client
[13.968s] -- Installing: /workspaces/isaac_ros-dev/ros2_ws/object-detection-jai0307-notatallVishal/install/action_client/local/lib/python3.10/dist-packages/action_client/_action_client_s.ep.rosidl_typesupport_fastrtps_c.c
[13.968s] -- Installing: /workspaces/isaac_ros-dev/ros2_ws/object-detection-jai0307-notatallVishal/install/action_client/local/lib/python3.10/dist-packages/action_client/action_client_s__rosidl_typesupport_introspection_c.cpython-310-aarch64-linux-gnu.so
[13.968s] -- Installing: /workspaces/isaac_ros-dev/ros2_ws/object-detection-jai0307-notatallVishal/install/action_client/local/lib/python3.10/dist-packages/action_client/libaction_client__rosidl_generator_py.so
[13.969s] -- Installing: /workspaces/isaac_ros-dev/ros2_ws/object-detection-jai0307-notatallVishal/install/action_client/local/lib/python3.10/dist-packages/action_client/_action_client_s.ep.rosidl_typesupport_c.c
[13.969s] -- Installing: /workspaces/isaac_ros-dev/ros2_ws/object-detection-jai0307-notatallVishal/install/action_client/local/lib/python3.10/dist-packages/action_client/action
[13.969s] -- Installing: /workspaces/isaac_ros-dev/ros2_ws/object-detection-jai0307-notatallVishal/install/action_client/local/lib/python3.10/dist-packages/action_client/action/_track_object.py
[13.970s] -- Installing: /workspaces/isaac_ros-dev/ros2_ws/object-detection-jai0307-notatallVishal/install/action_client/local/lib/python3.10/dist-packages/action_client/action/__init__.py
[13.970s] -- Installing: /workspaces/isaac_ros-dev/ros2_ws/object-detection-jai0307-notatallVishal/install/action_client/local/lib/python3.10/dist-packages/action_client/action/_track_object_s.c
[13.970s] -- Installing: /workspaces/isaac_ros-dev/ros2_ws/object-detection-jai0307-notatallVishal/install/action_client/local/lib/python3.10/dist-packages/action_client/__init__.py
[13.970s] -- Installing: /workspaces/isaac_ros-dev/ros2_ws/object-detection-jai0307-notatallVishal/install/action_client/local/lib/python3.10/dist-packages/action_client/action_client_s__rosidl_typesupport_c.cpython-310-aarch64-linux-gnu.so
[13.970s] -- Installing: /workspaces/isaac_ros-dev/ros2_ws/object-detection-jai0307-notatallVishal/install/action_client/local/lib/python3.10/dist-packages/action_client/_action_client_s.ep.rosidl_typesupport_introspection_c.c
[13.971s] -- Installing: /workspaces/isaac_ros-dev/ros2_ws/object-detection-jai0307-notatallVishal/install/action_client/local/lib/python3.10/dist-packages/action_client/action_client_s__rosidl_typesupport_fastrtps_c.cpython-310-aarch64-linux-gnu.so
[14.067s] Listing '/workspaces/isaac_ros-dev/ros2_ws/object-detection-jai0307-notatallVishal/install/action_client/local/lib/python3.10/dist-packages/action_client'...
[14.068s] Compiling '/workspaces/isaac_ros-dev/ros2_ws/object-detection-jai0307-notatallVishal/install/action_client/local/lib/python3.10/dist-packages/action_client/__init__.py'...
[14.068s] Listing '/workspaces/isaac_ros-dev/ros2_ws/object-detection-jai0307-notatallVishal/install/action_client/local/lib/python3.10/dist-packages/action_client/action'...
[14.068s] Compiling '/workspaces/isaac_ros-dev/ros2_ws/object-detection-jai0307-notatallVishal/install/action_client/local/lib/python3.10/dist-packages/action_client/action/__init__.py'...
[14.068s] Compiling '/workspaces/isaac_ros-dev/ros2_ws/object-detection-jai0307-notatallVishal/install/action_client/local/lib/python3.10/dist-packages/action_client/action/_track_object.py'...
[14.081s] -- Installing: /workspaces/isaac_ros-dev/ros2_ws/object-detection-jai0307-notatallVishal/install/action_client/local/lib/python3.10/dist-packages/action_client/action_client_s__rosidl_typesupport_fastrtps_c.cpython-310-aarch64-linux-gnu.so
[14.082s] -- Set runtime path of "/workspaces/isaac_ros-dev/ros2_ws/object-detection-jai0307-notatallVishal/install/action_client/local/lib/python3.10/dist-packages/action_client/action_client_s__rosidl_typesupport_fastrtps_c.cpython-310-aarch64-linux-gnu.so" to ""
[14.082s] -- Installing: /workspaces/isaac_ros-dev/ros2_ws/object-detection-jai0307-notatallVishal/install/action_client/local/lib/python3.10/dist-packages/action_client/action_client_s__rosidl_typesupport_introspection_c.cpython-310-aarch64-linux-gnu.so
[14.082s] -- Set runtime path of "/workspaces/isaac_ros-dev/ros2_ws/object-detection-jai0307-notatallVishal/install/action_client/local/lib/python3.10/dist-packages/action_client/action_client_s__rosidl_typesupport_introspection_c.cpython-310-aarch64-linux-gnu.so" to ""
[14.083s] -- Installing: /workspaces/isaac_ros-dev/ros2_ws/object-detection-jai0307-notatallVishal/install/action_client/local/lib/python3.10/dist-packages/action_client/action_client_s__rosidl_typesupport_c.cpython-310-aarch64-linux-gnu.so
[14.083s] -- Set runtime path of "/workspaces/isaac_ros-dev/ros2_ws/object-detection-jai0307-notatallVishal/install/action_client/local/lib/python3.10/dist-packages/action_client/action_client_s__rosidl_typesupport_c.cpython-310-aarch64-linux-gnu.so" to ""
[14.084s] -- Installing: /workspaces/isaac_ros-dev/ros2_ws/object-detection-jai0307-notatallVishal/install/action_client/lib/libaction_client__rosidl_generator_py.so
[14.084s] -- Set runtime path of "/workspaces/isaac_ros-dev/ros2_ws/object-detection-jai0307-notatallVishal/install/action_client/lib/libaction_client__rosidl_generator_py.so" to ""
[14.085s] -- Installing: /workspaces/isaac_ros-dev/ros2_ws/object-detection-jai0307-notatallVishal/install/action_client/share/action_client/action/TrackObject.idl
[14.085s] -- Installing: /workspaces/isaac_ros-dev/ros2_ws/object-detection-jai0307-notatallVishal/install/action_client/share/action_client/action/TrackObject.action
[14.085s] -- Installing: /workspaces/isaac_ros-dev/ros2_ws/object-detection-jai0307-notatallVishal/install/action_client/share/action_client//launch
[14.085s] -- Installing: /workspaces/isaac_ros-dev/ros2_ws/object-detection-jai0307-notatallVishal/install/action_client/share/action_client//launch/action_client.launch.py
[14.086s] -- Installing: /workspaces/isaac_ros-dev/ros2_ws/object-detection-jai0307-notatallVishal/install/action_client/share/ament_index/resource_index/package_run_dependencies/action_client
[14.086s] -- Installing: /workspaces/isaac_ros-dev/ros2_ws/object-detection-jai0307-notatallVishal/install/action_client/share/ament_index/resource_index/parent_prefix_path/action_client
[14.086s] -- Installing: /workspaces/isaac_ros-dev/ros2_ws/object-detection-jai0307-notatallVishal/install/action_client/share/action_client/environment/ament_prefix_path.sh
[14.087s] -- Installing: /workspaces/isaac_ros-dev/ros2_ws/object-detection-jai0307-notatallVishal/install/action_client/share/action_client/environment/ament_prefix_path.dsv
[14.087s] -- Installing: /workspaces/isaac_ros-dev/ros2_ws/object-detection-jai0307-notatallVishal/install/action_client/share/action_client/environment/path.sh
[14.087s] -- Installing: /workspaces/isaac_ros-dev/ros2_ws/object-detection-jai0307-notatallVishal/install/action_client/share/action_client/environment/path.dsv
[14.088s] -- Installing: /workspaces/isaac_ros-dev/ros2_ws/object-detection-jai0307-notatallVishal/install/action_client/share/action_client/local_setup.bash
[14.088s] -- Installing: /workspaces/isaac_ros-dev/ros2_ws/object-detection-jai0307-notatallVishal/install/action_client/share/action_client/local_setup.sh
[14.088s] -- Installing: /workspaces/isaac_ros-dev/ros2_ws/object-detection-jai0307-notatallVishal/install/action_client/share/action_client/local_setup.zsh
[14.089s] -- Installing: /workspaces/isaac_ros-dev/ros2_ws/object-detection-jai0307-notatallVishal/install/action_client/share/action_client/local_setup.dsv
[14.089s] -- Installing: /workspaces/isaac_ros-dev/ros2_ws/object-detection-jai0307-notatallVishal/install/action_client/share/action_client/package.dsv
[14.089s] -- Installing: /workspaces/isaac_ros-dev/ros2_ws/object-detection-jai0307-notatallVishal/install/action_client/share/ament_index/resource_index/packages/action_client
[14.090s] -- Installing: /workspaces/isaac_ros-dev/ros2_ws/object-detection-jai0307-notatallVishal/install/action_client/share/action_client/cmake/export_action_client__rosidl_generator_cExport.cmake
[14.090s] -- Installing: /workspaces/isaac_ros-dev/ros2_ws/object-detection-jai0307-notatallVishal/install/action_client/share/action_client/cmake/export_action_client__rosidl_generator_cExport-noconfig.cmake
[14.090s] -- Installing: /workspaces/isaac_ros-dev/ros2_ws/object-detection-jai0307-notatallVishal/install/action_client/share/action_client/cmake/export_action_client__rosidl_typesupport_fastrtps_cExport.cmake
[14.091s] -- Installing: /workspaces/isaac_ros-dev/ros2_ws/object-detection-jai0307-notatallVishal/install/action_client/share/action_client/cmake/export_action_client__rosidl_typesupport_fastrtps_cExport-noconfig.cmake
[14.091s] -- Installing: /workspaces/isaac_ros-dev/ros2_ws/object-detection-jai0307-notatallVishal/install/action_client/share/action_client/cmake/export_action_client__rosidl_generator_cppExport.cmake
[14.091s] -- Installing: /workspaces/isaac_ros-dev/ros2_ws/object-detection-jai0307-notatallVishal/install/action_client/share/action_client/cmake/export_action_client__rosidl_typesupport_fastrtps_cppExport.cmake
[14.092s] -- Installing: /workspaces/isaac_ros-dev/ros2_ws/object-detection-jai0307-notatallVishal/install/action_client/share/action_client/cmake/export_action_client__rosidl_typesupport_fastrtps_cppExport-noconfig.cmake
[14.092s] -- Installing: /workspaces/isaac_ros-dev/ros2_ws/object-detection-jai0307-notatallVishal/install/action_client/share/action_client/cmake/action_client__rosidl_typesupport_introspection_cExport.cmake
[14.092s] -- Installing: /workspaces/isaac_ros-dev/ros2_ws/object-detection-jai0307-notatallVishal/install/action_client/share/action_client/cmake/action_client__rosidl_typesupport_introspection_cExport-noconfig.cmake
[14.093s] -- Installing: /workspaces/isaac_ros-dev/ros2_ws/object-detection-jai0307-notatallVishal/install/action_client/share/action_client/cmake/action_client__rosidl_typesupport_cExport.cmake
[14.093s] -- Installing: /workspaces/isaac_ros-dev/ros2_ws/object-detection-jai0307-notatallVishal/install/action_client/share/action_client/cmake/action_client__rosidl_typesupport_cExport-noconfig.cmake
[14.093s] -- Installing: /workspaces/isaac_ros-dev/ros2_ws/object-detection-jai0307-notatallVishal/install/action_client/share/action_client/cmake/action_client__rosidl_typesupport_introspection_cppExport.cmake
[14.094s] -- Installing: /workspaces/isaac_ros-dev/ros2_ws/object-detection-jai0307-notatallVishal/install/action_client/share/action_client/cmake/action_client__rosidl_typesupport_introspection_cppExport-noconfig.cmake
[14.094s] -- Installing: /workspaces/isaac_ros-dev/ros2_ws/object-detection-jai0307-notatallVishal/install/action_client/share/action_client/cmake/action_client__rosidl_typesupport_cppExport.cmake
[14.095s] -- Installing: /workspaces/isaac_ros-dev/ros2_ws/object-detection-jai0307-notatallVishal/install/action_client/share/action_client/cmake/action_client__rosidl_typesupport_cppExport-noconfig.cmake
[14.095s] -- Installing: /workspaces/isaac_ros-dev/ros2_ws/object-detection-jai0307-notatallVishal/install/action_client/share/action_client/cmake/export_action_client__rosidl_generator_pyExport.cmake
[14.095s] -- Installing: /workspaces/isaac_ros-dev/ros2_ws/object-detection-jai0307-notatallVishal/install/action_client/share/action_client/cmake/export_action_client__rosidl_generator_pyExport-noconfig.cmake
[14.095s] -- Installing: /workspaces/isaac_ros-dev/ros2_ws/object-detection-jai0307-notatallVishal/install/action_client/share/action_client/cmake/rosidl_cmake-extras.cmake
[14.096s] -- Installing: /workspaces/isaac_ros-dev/ros2_ws/object-detection-jai0307-notatallVishal/install/action_client/share/action_client/cmake/ament_cmake_export_dependencies-extras.cmake
[14.096s] -- Installing: /workspaces/isaac_ros-dev/ros2_ws/object-detection-jai0307-notatallVishal/install/action_client/share/action_client/cmake/ament_cmake_export_include_directories-extras.cmake
[14.096s] -- Installing: /workspaces/isaac_ros-dev/ros2_ws/object-detection-jai0307-notatallVishal/install/action_client/share/action_client/cmake/ament_cmake_export_libraries-extras.cmake
[14.097s] -- Installing: /workspaces/isaac_ros-dev/ros2_ws/object-detection-jai0307-notatallVishal/install/action_client/share/action_client/cmake/ament_cmake_export_targets-extras.cmake
[14.097s] -- Installing: /workspaces/isaac_ros-dev/ros2_ws/object-detection-jai0307-notatallVishal/install/action_client/share/action_client/cmake/rosidl_cmake_export_typesupport_targets-extras.cmake
[14.097s] -- Installing: /workspaces/isaac_ros-dev/ros2_ws/object-detection-jai0307-notatallVishal/install/action_client/share/action_client/cmake/rosidl_cmake_export_typesupport_libraries-extras.cmake
[14.098s] -- Installing: /workspaces/isaac_ros-dev/ros2_ws/object-detection-jai0307-notatallVishal/install/action_client/share/action_client/cmake/action_clientConfig.cmake
[14.098s] -- Installing: /workspaces/isaac_ros-dev/ros2_ws/object-detection-jai0307-notatallVishal/install/action_client/share/action_client/cmake/action_clientConfig-version.cmake
[14.098s] -- Installing: /workspaces/isaac_ros-dev/ros2_ws/object-detection-jai0307-notatallVishal/install/action_client/share/action_client/package.xml
[14.105s] Invoked command in '/workspaces/isaac_ros-dev/ros2_ws/object-detection-jai0307-notatallVishal/build/action_client' returned '0': CMAKE_PREFIX_PATH=${CMAKE_PREFIX_PATH}:/opt/ros/humble /usr/bin/cmake --install /workspaces/isaac_ros-dev/ros2_ws/object-detection-jai0307-notatallVishal/build/action_client
