[0.033s] Invoking command in '/workspaces/isaac_ros-dev/ros2_ws/object-detection-jai0307-notatallVishal/build/action_client': AMENT_PREFIX_PATH=/workspaces/isaac_ros-dev/ros2_ws/object-detection-jai0307-notatallVishal/install/custom_interfaces:${AMENT_PREFIX_PATH} CMAKE_PREFIX_PATH=/workspaces/isaac_ros-dev/ros2_ws/object-detection-jai0307-notatallVishal/install/custom_interfaces:/workspaces/isaac_ros-dev/ros2_ws/install/custom_interfaces:/workspaces/isaac_ros-dev/ros2_ws/install/input:/workspaces/isaac_ros-dev/ros2_ws/install/action_server:/workspaces/isaac_ros-dev/ros2_ws/install/action_client:/workspaces/isaac_ros-dev/ros2_ws/object-detection-jai0307-notatallVishal/install/input:/workspaces/isaac_ros-dev/ros2_ws/object-detection-jai0307-notatallVishal/install/action_client:/usr/local/libcudss-linux-0.3.0.9_cuda12-archive:/opt/ros/humble LD_LIBRARY_PATH=/workspaces/isaac_ros-dev/ros2_ws/object-detection-jai0307-notatallVishal/install/custom_interfaces/lib:${LD_LIBRARY_PATH} PYTHONPATH=/workspaces/isaac_ros-dev/ros2_ws/object-detection-jai0307-notatallVishal/install/custom_interfaces/local/lib/python3.10/dist-packages:${PYTHONPATH} /usr/bin/cmake --build /workspaces/isaac_ros-dev/ros2_ws/object-detection-jai0307-notatallVishal/build/action_client -- -j6 -l6
[0.093s] -- Found ament_cmake: 1.3.11 (/opt/ros/humble/share/ament_cmake/cmake)
[0.437s] -- Found rclcpp: 16.0.12 (/opt/ros/humble/share/rclcpp/cmake)
[0.520s] -- Found rosidl_generator_c: 3.1.6 (/opt/ros/humble/share/rosidl_generator_c/cmake)
[0.525s] -- Found rosidl_adapter: 3.1.6 (/opt/ros/humble/share/rosidl_adapter/cmake)
[0.538s] -- Found rosidl_generator_cpp: 3.1.6 (/opt/ros/humble/share/rosidl_generator_cpp/cmake)
[0.559s] -- Using all available rosidl_typesupport_c: rosidl_typesupport_fastrtps_c;rosidl_typesupport_introspection_c
[0.586s] -- Using all available rosidl_typesupport_cpp: rosidl_typesupport_fastrtps_cpp;rosidl_typesupport_introspection_cpp
[0.656s] -- Found rmw_implementation_cmake: 6.1.2 (/opt/ros/humble/share/rmw_implementation_cmake/cmake)
[0.659s] -- Found rmw_fastrtps_cpp: 6.2.7 (/opt/ros/humble/share/rmw_fastrtps_cpp/cmake)
[0.986s] -- Using RMW implementation 'rmw_fastrtps_cpp' as default
[1.105s] -- Found rclcpp_action: 16.0.12 (/opt/ros/humble/share/rclcpp_action/cmake)
[1.184s] -- Found custom_interfaces: 0.0.0 (/workspaces/isaac_ros-dev/ros2_ws/object-detection-jai0307-notatallVishal/install/custom_interfaces/share/custom_interfaces/cmake)
[1.221s] -- Found geometry_msgs: 4.8.0 (/opt/ros/humble/share/geometry_msgs/cmake)
[1.250s] -- Found ament_lint_auto: 0.12.12 (/opt/ros/humble/share/ament_lint_auto/cmake)
[1.446s] -- Added test 'cppcheck' to perform static code analysis on C / C++ code
[1.446s] -- Configured cppcheck include dirs: 
[1.446s] -- Configured cppcheck exclude dirs and/or files: 
[1.447s] -- Added test 'flake8' to check Python code syntax and style conventions
[1.448s] -- Added test 'lint_cmake' to check CMake code style
[1.449s] -- Added test 'pep257' to check Python code against some of the docstring style conventions in PEP 257
[1.450s] -- Added test 'uncrustify' to check C / C++ code style
[1.450s] -- Configured uncrustify additional arguments: 
[1.451s] -- Added test 'xmllint' to check XML markup files
[1.454s] -- Configuring done
[1.489s] -- Generating done
[1.501s] -- Build files have been written to: /workspaces/isaac_ros-dev/ros2_ws/object-detection-jai0307-notatallVishal/build/action_client
[1.601s] [ 50%] [32mBuilding CXX object CMakeFiles/action_client_node.dir/src/action_client.cpp.o[0m
[7.842s] [01m[K/workspaces/isaac_ros-dev/ros2_ws/object-detection-jai0307-notatallVishal/action_client/src/action_client.cpp:29:50:[m[K [01;31m[Kerror: [m[K‘[01m[KTrackObject[m[K’ in namespace ‘[01m[Kcustom_interfaces::action[m[K’ does not name a type
[7.843s]    29 |   using TrackObject = custom_interfaces::action::[01;31m[KTrackObject[m[K;
[7.843s]       |                                                  [01;31m[K^~~~~~~~~~~[m[K
[7.862s] [01m[K/workspaces/isaac_ros-dev/ros2_ws/object-detection-jai0307-notatallVishal/action_client/src/action_client.cpp:30:65:[m[K [01;31m[Kerror: [m[K‘[01m[KTrackObject[m[K’ was not declared in this scope; did you mean ‘[01m[KTrackObjectClient[m[K’?
[7.863s]    30 |   using GoalHandleTrackObject = rclcpp_action::ClientGoalHandle<[01;31m[KTrackObject[m[K>;
[7.863s]       |                                                                 [01;31m[K^~~~~~~~~~~[m[K
[7.863s]       |                                                                 [32m[KTrackObjectClient[m[K
[7.863s] [01m[K/workspaces/isaac_ros-dev/ros2_ws/object-detection-jai0307-notatallVishal/action_client/src/action_client.cpp:30:76:[m[K [01;31m[Kerror: [m[Ktemplate argument 1 is invalid
[7.863s]    30 |   using GoalHandleTrackObject = rclcpp_action::ClientGoalHandle<TrackObject[01;31m[K>[m[K;
[7.863s]       |                                                                            [01;31m[K^[m[K
[7.882s] [01m[K/workspaces/isaac_ros-dev/ros2_ws/object-detection-jai0307-notatallVishal/action_client/src/action_client.cpp:98:25:[m[K [01;31m[Kerror: [m[K‘[01m[KTrackObject[m[K’ was not declared in this scope; did you mean ‘[01m[KTrackObjectClient[m[K’?
[7.882s]    98 |   rclcpp_action::Client<[01;31m[KTrackObject[m[K>::SharedPtr client_ptr_;
[7.882s]       |                         [01;31m[K^~~~~~~~~~~[m[K
[7.882s]       |                         [32m[KTrackObjectClient[m[K
[7.883s] [01m[K/workspaces/isaac_ros-dev/ros2_ws/object-detection-jai0307-notatallVishal/action_client/src/action_client.cpp:98:36:[m[K [01;31m[Kerror: [m[Ktemplate argument 1 is invalid
[7.883s]    98 |   rclcpp_action::Client<TrackObject[01;31m[K>[m[K::SharedPtr client_ptr_;
[7.883s]       |                                    [01;31m[K^[m[K
[7.883s] [01m[K/workspaces/isaac_ros-dev/ros2_ws/object-detection-jai0307-notatallVishal/action_client/src/action_client.cpp:98:39:[m[K [01;31m[Kerror: [m[Kexpected ‘[01m[K;[m[K’ at end of member declaration
[7.883s]    98 |   rclcpp_action::Client<TrackObject>::[01;31m[KSharedPtr[m[K client_ptr_;
[7.883s]       |                                       [01;31m[K^~~~~~~~~[m[K
[7.883s]       |                                                [32m[K;[m[K
[7.887s] [01m[K/workspaces/isaac_ros-dev/ros2_ws/object-detection-jai0307-notatallVishal/action_client/src/action_client.cpp:98:49:[m[K [01;31m[Kerror: [m[K‘[01m[Kclient_ptr_[m[K’ does not name a type
[7.887s]    98 |   rclcpp_action::Client<TrackObject>::SharedPtr [01;31m[Kclient_ptr_[m[K;
[7.888s]       |                                                 [01;31m[K^~~~~~~~~~~[m[K
[7.903s] [01m[K/workspaces/isaac_ros-dev/ros2_ws/object-detection-jai0307-notatallVishal/action_client/src/action_client.cpp:99:24:[m[K [01;31m[Kerror: [m[K‘[01m[Kstd_msgs[m[K’ was not declared in this scope
[7.903s]    99 |   rclcpp::Subscription<[01;31m[Kstd_msgs[m[K::msg::String>::SharedPtr subscription_;
[7.903s]       |                        [01;31m[K^~~~~~~~[m[K
[7.903s] [01m[K/workspaces/isaac_ros-dev/ros2_ws/object-detection-jai0307-notatallVishal/action_client/src/action_client.cpp:99:45:[m[K [01;31m[Kerror: [m[Ktemplate argument 1 is invalid
[7.903s]    99 |   rclcpp::Subscription<std_msgs::msg::String[01;31m[K>[m[K::SharedPtr subscription_;
[7.904s]       |                                             [01;31m[K^[m[K
[7.904s] [01m[K/workspaces/isaac_ros-dev/ros2_ws/object-detection-jai0307-notatallVishal/action_client/src/action_client.cpp:99:45:[m[K [01;31m[Kerror: [m[Ktemplate argument 3 is invalid
[7.904s] [01m[K/workspaces/isaac_ros-dev/ros2_ws/object-detection-jai0307-notatallVishal/action_client/src/action_client.cpp:99:45:[m[K [01;31m[Kerror: [m[Ktemplate argument 4 is invalid
[7.904s] [01m[K/workspaces/isaac_ros-dev/ros2_ws/object-detection-jai0307-notatallVishal/action_client/src/action_client.cpp:99:45:[m[K [01;31m[Kerror: [m[Ktemplate argument 5 is invalid
[7.904s] [01m[K/workspaces/isaac_ros-dev/ros2_ws/object-detection-jai0307-notatallVishal/action_client/src/action_client.cpp:99:48:[m[K [01;31m[Kerror: [m[Kexpected ‘[01m[K;[m[K’ at end of member declaration
[7.904s]    99 |   rclcpp::Subscription<std_msgs::msg::String>::[01;31m[KSharedPtr[m[K subscription_;
[7.904s]       |                                                [01;31m[K^~~~~~~~~[m[K
[7.905s]       |                                                         [32m[K;[m[K
[7.905s] [01m[K/workspaces/isaac_ros-dev/ros2_ws/object-detection-jai0307-notatallVishal/action_client/src/action_client.cpp:99:48:[m[K [01;31m[Kerror: [m[Kredeclaration of ‘[01m[Kint TrackObjectClient::SharedPtr[m[K’
[7.905s] [01m[K/workspaces/isaac_ros-dev/ros2_ws/object-detection-jai0307-notatallVishal/action_client/src/action_client.cpp:98:39:[m[K [01;36m[Knote: [m[Kprevious declaration ‘[01m[Kint TrackObjectClient::SharedPtr[m[K’
[7.905s]    98 |   rclcpp_action::Client<TrackObject>::[01;36m[KSharedPtr[m[K client_ptr_;
[7.905s]       |                                       [01;36m[K^~~~~~~~~[m[K
[7.907s] [01m[K/workspaces/isaac_ros-dev/ros2_ws/object-detection-jai0307-notatallVishal/action_client/src/action_client.cpp:99:58:[m[K [01;31m[Kerror: [m[K‘[01m[Ksubscription_[m[K’ does not name a type; did you mean ‘[01m[Krmw_subscription_t[m[K’?
[7.907s]    99 |   rclcpp::Subscription<std_msgs::msg::String>::SharedPtr [01;31m[Ksubscription_[m[K;
[7.907s]       |                                                          [01;31m[K^~~~~~~~~~~~~[m[K
[7.907s]       |                                                          [32m[Krmw_subscription_t[m[K
[7.911s] [01m[K/workspaces/isaac_ros-dev/ros2_ws/object-detection-jai0307-notatallVishal/action_client/src/action_client.cpp:104:29:[m[K [01;31m[Kerror: [m[K‘[01m[Kstd_msgs[m[K’ does not name a type
[7.911s]   104 |   void input_callback(const [01;31m[Kstd_msgs[m[K::msg::String::SharedPtr msg) {
[7.911s]       |                             [01;31m[K^~~~~~~~[m[K
[7.911s] [01m[K/workspaces/isaac_ros-dev/ros2_ws/object-detection-jai0307-notatallVishal/action_client/src/action_client.cpp:104:42:[m[K [01;31m[Kerror: [m[Kexpected unqualified-id before ‘[01m[K::[m[K’ token
[7.911s]   104 |   void input_callback(const std_msgs::msg[01;31m[K::[m[KString::SharedPtr msg) {
[7.911s]       |                                          [01;31m[K^~[m[K
[7.912s] [01m[K/workspaces/isaac_ros-dev/ros2_ws/object-detection-jai0307-notatallVishal/action_client/src/action_client.cpp:104:42:[m[K [01;31m[Kerror: [m[Kexpected ‘[01m[K)[m[K’ before ‘[01m[K::[m[K’ token
[7.912s]   104 |   void input_callback[34m[K([m[Kconst std_msgs::msg[01;31m[K:[m[K[32m[K:[m[KString::SharedPtr msg) {
[7.912s]       |                      [34m[K~[m[K                   [01;31m[K^[m[K[32m[K~[m[K
[7.912s]       |                                          [32m[K)[m[K
[7.912s] [01m[K/workspaces/isaac_ros-dev/ros2_ws/object-detection-jai0307-notatallVishal/action_client/src/action_client.cpp:104:39:[m[K [01;31m[Kerror: [m[Kexpected ‘[01m[K;[m[K’ at end of member declaration
[7.912s]   104 |   void input_callback(const std_msgs::[01;31m[Kmsg[m[K::String::SharedPtr msg) {
[7.912s]       |                                       [01;31m[K^~~[m[K
[7.912s]       |                                          [32m[K;[m[K
[7.917s] [01m[K/workspaces/isaac_ros-dev/ros2_ws/object-detection-jai0307-notatallVishal/action_client/src/action_client.cpp:104:44:[m[K [01;31m[Kerror: [m[K‘[01m[KString[m[K’ in namespace ‘[01m[K::[m[K’ does not name a type
[7.917s]   104 |   void input_callback(const std_msgs::msg::[01;31m[KString[m[K::SharedPtr msg) {
[7.917s]       |                                            [01;31m[K^~~~~~[m[K
[7.925s] [01m[K/workspaces/isaac_ros-dev/ros2_ws/object-detection-jai0307-notatallVishal/action_client/src/action_client.cpp:109:37:[m[K [01;31m[Kerror: [m[K‘[01m[KGoalHandleTrackObject[m[K’ does not name a type
[7.925s]   109 |   void goal_response_callback(const [01;31m[KGoalHandleTrackObject[m[K::SharedPtr & goal_handle)
[7.925s]       |                                     [01;31m[K^~~~~~~~~~~~~~~~~~~~~[m[K
[7.925s] [01m[K/workspaces/isaac_ros-dev/ros2_ws/object-detection-jai0307-notatallVishal/action_client/src/action_client.cpp:109:70:[m[K [01;31m[Kerror: [m[Kexpected unqualified-id before ‘[01m[K&[m[K’ token
[7.925s]   109 |   void goal_response_callback(const GoalHandleTrackObject::SharedPtr [01;31m[K&[m[K goal_handle)
[7.925s]       |                                                                      [01;31m[K^[m[K
[7.926s] [01m[K/workspaces/isaac_ros-dev/ros2_ws/object-detection-jai0307-notatallVishal/action_client/src/action_client.cpp:109:69:[m[K [01;31m[Kerror: [m[Kexpected ‘[01m[K)[m[K’ before ‘[01m[K&[m[K’ token
[7.926s]   109 |   void goal_response_callback[34m[K([m[Kconst GoalHandleTrackObject::SharedPtr[01;31m[K [m[K[32m[K&[m[K goal_handle)
[7.926s]       |                              [34m[K~[m[K                                      [01;31m[K^[m[K[32m[K~[m[K
[7.926s]       |                                                                     [32m[K)[m[K
[7.926s] [01m[K/workspaces/isaac_ros-dev/ros2_ws/object-detection-jai0307-notatallVishal/action_client/src/action_client.cpp:109:70:[m[K [01;31m[Kerror: [m[Kexpected ‘[01m[K;[m[K’ at end of member declaration
[7.926s]   109 |   void goal_response_callback(const GoalHandleTrackObject::SharedPtr [01;31m[K&[m[K goal_handle)
[7.926s]       |                                                                      [01;31m[K^[m[K
[7.926s]       |                                                                       [32m[K;[m[K
[7.929s] [01m[K/workspaces/isaac_ros-dev/ros2_ws/object-detection-jai0307-notatallVishal/action_client/src/action_client.cpp:109:72:[m[K [01;31m[Kerror: [m[K‘[01m[Kgoal_handle[m[K’ does not name a type
[7.929s]   109 |   void goal_response_callback(const GoalHandleTrackObject::SharedPtr & [01;31m[Kgoal_handle[m[K)
[7.929s]       |                                                                        [01;31m[K^~~~~~~~~~~[m[K
[7.929s] [01m[K/workspaces/isaac_ros-dev/ros2_ws/object-detection-jai0307-notatallVishal/action_client/src/action_client.cpp:119:5:[m[K [01;31m[Kerror: [m[K‘[01m[KGoalHandleTrackObject[m[K’ has not been declared
[7.929s]   119 |     [01;31m[KGoalHandleTrackObject[m[K::SharedPtr goal_handler,
[7.929s]       |     [01;31m[K^~~~~~~~~~~~~~~~~~~~~[m[K
[7.930s] [01m[K/workspaces/isaac_ros-dev/ros2_ws/object-detection-jai0307-notatallVishal/action_client/src/action_client.cpp:119:38:[m[K [01;31m[Kerror: [m[Kexpected ‘[01m[K,[m[K’ or ‘[01m[K...[m[K’ before ‘[01m[Kgoal_handler[m[K’
[7.930s]   119 |     GoalHandleTrackObject::SharedPtr [01;31m[Kgoal_handler[m[K,
[7.930s]       |                                      [01;31m[K^~~~~~~~~~~~[m[K
[7.936s] [01m[K/workspaces/isaac_ros-dev/ros2_ws/object-detection-jai0307-notatallVishal/action_client/src/action_client.cpp:130:30:[m[K [01;31m[Kerror: [m[K‘[01m[KGoalHandleTrackObject[m[K’ does not name a type
[7.936s]   130 |   void result_callback(const [01;31m[KGoalHandleTrackObject[m[K::WrappedResult & result)
[7.936s]       |                              [01;31m[K^~~~~~~~~~~~~~~~~~~~~[m[K
[7.936s] [01m[K/workspaces/isaac_ros-dev/ros2_ws/object-detection-jai0307-notatallVishal/action_client/src/action_client.cpp:130:67:[m[K [01;31m[Kerror: [m[Kexpected unqualified-id before ‘[01m[K&[m[K’ token
[7.936s]   130 |   void result_callback(const GoalHandleTrackObject::WrappedResult [01;31m[K&[m[K result)
[7.936s]       |                                                                   [01;31m[K^[m[K
[7.936s] [01m[K/workspaces/isaac_ros-dev/ros2_ws/object-detection-jai0307-notatallVishal/action_client/src/action_client.cpp:130:66:[m[K [01;31m[Kerror: [m[Kexpected ‘[01m[K)[m[K’ before ‘[01m[K&[m[K’ token
[7.937s]   130 |   void result_callback[34m[K([m[Kconst GoalHandleTrackObject::WrappedResult[01;31m[K [m[K[32m[K&[m[K result)
[7.937s]       |                       [34m[K~[m[K                                          [01;31m[K^[m[K[32m[K~[m[K
[7.937s]       |                                                                  [32m[K)[m[K
[7.937s] [01m[K/workspaces/isaac_ros-dev/ros2_ws/object-detection-jai0307-notatallVishal/action_client/src/action_client.cpp:130:67:[m[K [01;31m[Kerror: [m[Kexpected ‘[01m[K;[m[K’ at end of member declaration
[7.937s]   130 |   void result_callback(const GoalHandleTrackObject::WrappedResult [01;31m[K&[m[K result)
[7.937s]       |                                                                   [01;31m[K^[m[K
[7.937s]       |                                                                    [32m[K;[m[K
[7.938s] [01m[K/workspaces/isaac_ros-dev/ros2_ws/object-detection-jai0307-notatallVishal/action_client/src/action_client.cpp:130:69:[m[K [01;31m[Kerror: [m[K‘[01m[Kresult[m[K’ does not name a type
[7.939s]   130 |   void result_callback(const GoalHandleTrackObject::WrappedResult & [01;31m[Kresult[m[K)
[7.939s]       |                                                                     [01;31m[K^~~~~~[m[K
[7.941s] [01m[K/workspaces/isaac_ros-dev/ros2_ws/object-detection-jai0307-notatallVishal/action_client/src/action_client.cpp:[m[K In constructor ‘[01m[KTrackObjectClient::TrackObjectClient(const rclcpp::NodeOptions&)[m[K’:
[7.941s] [01m[K/workspaces/isaac_ros-dev/ros2_ws/object-detection-jai0307-notatallVishal/action_client/src/action_client.cpp:35:11:[m[K [01;31m[Kerror: [m[K‘[01m[Kclass TrackObjectClient[m[K’ has no member named ‘[01m[Kclient_ptr_[m[K’
[7.941s]    35 |     this->[01;31m[Kclient_ptr_[m[K = rclcpp_action::create_client<TrackObject>(
[7.941s]       |           [01;31m[K^~~~~~~~~~~[m[K
[7.959s] [01m[K/workspaces/isaac_ros-dev/ros2_ws/object-detection-jai0307-notatallVishal/action_client/src/action_client.cpp:35:54:[m[K [01;31m[Kerror: [m[K‘[01m[KTrackObject[m[K’ was not declared in this scope; did you mean ‘[01m[KTrackObjectClient[m[K’?
[7.959s]    35 |     this->client_ptr_ = rclcpp_action::create_client<[01;31m[KTrackObject[m[K>(
[7.959s]       |                                                      [01;31m[K^~~~~~~~~~~[m[K
[7.959s]       |                                                      [32m[KTrackObjectClient[m[K
[7.961s] [01m[K/workspaces/isaac_ros-dev/ros2_ws/object-detection-jai0307-notatallVishal/action_client/src/action_client.cpp:35:66:[m[K [01;31m[Kerror: [m[Kno matching function for call to ‘[01m[Kcreate_client<<expression error> >(rclcpp::node_interfaces::NodeBaseInterface::SharedPtr, rclcpp::node_interfaces::NodeGraphInterface::SharedPtr, rclcpp::node_interfaces::NodeLoggingInterface::SharedPtr, rclcpp::node_interfaces::NodeWaitablesInterface::SharedPtr, const char [20])[m[K’
[7.961s]    35 |     this->client_ptr_ = [01;31m[Krclcpp_action::create_client<TrackObject>([m[K
[7.961s]       |                         [01;31m[K~~~~~~~~~~~~~~~~~~~~~~~~~~~~~~~~~~~~~~~~~^[m[K
[7.962s]    36 | [01;31m[K      this->get_node_base_interface(),[m[K
[7.962s]       |       [01;31m[K~~~~~~~~~~~~~~~~~~~~~~~~~~~~~~~~[m[K                            
[7.962s]    37 | [01;31m[K      this->get_node_graph_interface(),[m[K
[7.962s]       |       [01;31m[K~~~~~~~~~~~~~~~~~~~~~~~~~~~~~~~~~[m[K                           
[7.962s]    38 | [01;31m[K      this->get_node_logging_interface(),[m[K
[7.963s]       |       [01;31m[K~~~~~~~~~~~~~~~~~~~~~~~~~~~~~~~~~~~[m[K                         
[7.963s]    39 | [01;31m[K      this->get_node_waitables_interface(),[m[K
[7.963s]       |       [01;31m[K~~~~~~~~~~~~~~~~~~~~~~~~~~~~~~~~~~~~~[m[K                       
[7.963s]    40 | [01;31m[K      "track_object_client")[m[K;
[7.963s]       |       [01;31m[K~~~~~~~~~~~~~~~~~~~~~~[m[K                                      
[7.963s] In file included from [01m[K/opt/ros/humble/include/rclcpp_action/rclcpp_action/rclcpp_action.hpp:38[m[K,
[7.963s]                  from [01m[K/workspaces/isaac_ros-dev/ros2_ws/object-detection-jai0307-notatallVishal/action_client/src/action_client.cpp:24[m[K:
[7.963s] [01m[K/opt/ros/humble/include/rclcpp_action/rclcpp_action/create_client.hpp:44:1:[m[K [01;36m[Knote: [m[Kcandidate: ‘[01m[Ktemplate<class ActionT> typename rclcpp_action::Client<ActionT>::SharedPtr rclcpp_action::create_client(rclcpp::node_interfaces::NodeBaseInterface::SharedPtr, rclcpp::node_interfaces::NodeGraphInterface::SharedPtr, rclcpp::node_interfaces::NodeLoggingInterface::SharedPtr, rclcpp::node_interfaces::NodeWaitablesInterface::SharedPtr, const string&, rclcpp::CallbackGroup::SharedPtr, const rcl_action_client_options_t&)[m[K’
[7.964s]    44 | [01;36m[Kcreate_client[m[K(
[7.964s]       | [01;36m[K^~~~~~~~~~~~~[m[K
[7.964s] [01m[K/opt/ros/humble/include/rclcpp_action/rclcpp_action/create_client.hpp:44:1:[m[K [01;36m[Knote: [m[K  template argument deduction/substitution failed:
[7.964s] [01m[K/workspaces/isaac_ros-dev/ros2_ws/object-detection-jai0307-notatallVishal/action_client/src/action_client.cpp:35:66:[m[K [01;31m[Kerror: [m[Ktemplate argument 1 is invalid
[7.964s]    35 |     this->client_ptr_ = [01;31m[Krclcpp_action::create_client<TrackObject>([m[K
[7.964s]       |                         [01;31m[K~~~~~~~~~~~~~~~~~~~~~~~~~~~~~~~~~~~~~~~~~^[m[K
[7.964s]    36 | [01;31m[K      this->get_node_base_interface(),[m[K
[7.964s]       |       [01;31m[K~~~~~~~~~~~~~~~~~~~~~~~~~~~~~~~~[m[K                            
[7.965s]    37 | [01;31m[K      this->get_node_graph_interface(),[m[K
[7.965s]       |       [01;31m[K~~~~~~~~~~~~~~~~~~~~~~~~~~~~~~~~~[m[K                           
[7.965s]    38 | [01;31m[K      this->get_node_logging_interface(),[m[K
[7.965s]       |       [01;31m[K~~~~~~~~~~~~~~~~~~~~~~~~~~~~~~~~~~~[m[K                         
[7.965s]    39 | [01;31m[K      this->get_node_waitables_interface(),[m[K
[7.965s]       |       [01;31m[K~~~~~~~~~~~~~~~~~~~~~~~~~~~~~~~~~~~~~[m[K                       
[7.965s]    40 | [01;31m[K      "track_object_client")[m[K;
[7.965s]       |       [01;31m[K~~~~~~~~~~~~~~~~~~~~~~[m[K                                      
[7.966s] In file included from [01m[K/opt/ros/humble/include/rclcpp_action/rclcpp_action/rclcpp_action.hpp:38[m[K,
[7.966s]                  from [01m[K/workspaces/isaac_ros-dev/ros2_ws/object-detection-jai0307-notatallVishal/action_client/src/action_client.cpp:24[m[K:
[7.966s] [01m[K/opt/ros/humble/include/rclcpp_action/rclcpp_action/create_client.hpp:105:1:[m[K [01;36m[Knote: [m[Kcandidate: ‘[01m[Ktemplate<class ActionT, class NodeT> typename rclcpp_action::Client<ActionT>::SharedPtr rclcpp_action::create_client(NodeT, const string&, rclcpp::CallbackGroup::SharedPtr, const rcl_action_client_options_t&)[m[K’
[7.966s]   105 | [01;36m[Kcreate_client[m[K(
[7.966s]       | [01;36m[K^~~~~~~~~~~~~[m[K
[7.966s] [01m[K/opt/ros/humble/include/rclcpp_action/rclcpp_action/create_client.hpp:105:1:[m[K [01;36m[Knote: [m[K  template argument deduction/substitution failed:
[7.967s] [01m[K/workspaces/isaac_ros-dev/ros2_ws/object-detection-jai0307-notatallVishal/action_client/src/action_client.cpp:35:66:[m[K [01;31m[Kerror: [m[Ktemplate argument 1 is invalid
[7.967s]    35 |     this->client_ptr_ = [01;31m[Krclcpp_action::create_client<TrackObject>([m[K
[7.967s]       |                         [01;31m[K~~~~~~~~~~~~~~~~~~~~~~~~~~~~~~~~~~~~~~~~~^[m[K
[7.967s]    36 | [01;31m[K      this->get_node_base_interface(),[m[K
[7.967s]       |       [01;31m[K~~~~~~~~~~~~~~~~~~~~~~~~~~~~~~~~[m[K                            
[7.967s]    37 | [01;31m[K      this->get_node_graph_interface(),[m[K
[7.967s]       |       [01;31m[K~~~~~~~~~~~~~~~~~~~~~~~~~~~~~~~~~[m[K                           
[7.967s]    38 | [01;31m[K      this->get_node_logging_interface(),[m[K
[7.968s]       |       [01;31m[K~~~~~~~~~~~~~~~~~~~~~~~~~~~~~~~~~~~[m[K                         
[7.968s]    39 | [01;31m[K      this->get_node_waitables_interface(),[m[K
[7.968s]       |       [01;31m[K~~~~~~~~~~~~~~~~~~~~~~~~~~~~~~~~~~~~~[m[K                       
[7.968s]    40 | [01;31m[K      "track_object_client")[m[K;
[7.968s]       |       [01;31m[K~~~~~~~~~~~~~~~~~~~~~~[m[K                                      
[7.981s] [01m[K/workspaces/isaac_ros-dev/ros2_ws/object-detection-jai0307-notatallVishal/action_client/src/action_client.cpp:43:9:[m[K [01;31m[Kerror: [m[K‘[01m[Ksubscription_[m[K’ was not declared in this scope; did you mean ‘[01m[Krmw_subscription_t[m[K’?
[7.981s]    43 |         [01;31m[Ksubscription_[m[K = this->create_subscription<std_msgs::msgs::String>("input_topic", 10,
[7.981s]       |         [01;31m[K^~~~~~~~~~~~~[m[K
[7.981s]       |         [32m[Krmw_subscription_t[m[K
[7.996s] [01m[K/workspaces/isaac_ros-dev/ros2_ws/object-detection-jai0307-notatallVishal/action_client/src/action_client.cpp:43:51:[m[K [01;31m[Kerror: [m[K‘[01m[Kstd_msgs[m[K’ was not declared in this scope
[7.996s]    43 |         subscription_ = this->create_subscription<[01;31m[Kstd_msgs[m[K::msgs::String>("input_topic", 10,
[7.996s]       |                                                   [01;31m[K^~~~~~~~[m[K
[7.996s] [01m[K/workspaces/isaac_ros-dev/ros2_ws/object-detection-jai0307-notatallVishal/action_client/src/action_client.cpp:43:31:[m[K [01;31m[Kerror: [m[Kparse error in template argument list
[7.996s]    43 |         subscription_ = this->[01;31m[Kcreate_subscription<std_msgs::msgs::String>[m[K("input_topic", 10,
[7.997s]       |                               [01;31m[K^~~~~~~~~~~~~~~~~~~~~~~~~~~~~~~~~~~~~~~~~~~[m[K
[7.997s] [01m[K/workspaces/isaac_ros-dev/ros2_ws/object-detection-jai0307-notatallVishal/action_client/src/action_client.cpp:44:93:[m[K [01;31m[Kerror: [m[K‘[01m[K_1[m[K’ was not declared in this scope; did you mean ‘[01m[Kstd::placeholders::_1[m[K’?
[7.997s]    44 |                                         std::bind(&TrackObjectClient::input_callback, this, [01;31m[K_1[m[K);
[7.997s]       |                                                                                             [01;31m[K^~[m[K
[7.997s]       |                                                                                             [32m[Kstd::placeholders::_1[m[K
[7.998s] In file included from [01m[K/usr/include/c++/11/pstl/glue_algorithm_defs.h:13[m[K,
[7.998s]                  from [01m[K/usr/include/c++/11/algorithm:74[m[K,
[7.998s]                  from [01m[K/workspaces/isaac_ros-dev/ros2_ws/object-detection-jai0307-notatallVishal/install/custom_interfaces/include/custom_interfaces/custom_interfaces/action/detail/detect__struct.hpp:8[m[K,
[7.998s]                  from [01m[K/workspaces/isaac_ros-dev/ros2_ws/object-detection-jai0307-notatallVishal/install/custom_interfaces/include/custom_interfaces/custom_interfaces/action/detect.hpp:7[m[K,
[7.998s]                  from [01m[K/workspaces/isaac_ros-dev/ros2_ws/object-detection-jai0307-notatallVishal/action_client/src/action_client.cpp:22[m[K:
[7.998s] [01m[K/usr/include/c++/11/functional:225:34:[m[K [01;36m[Knote: [m[K‘[01m[Kstd::placeholders::_1[m[K’ declared here
[7.999s]   225 |     extern const _Placeholder<1> [01;36m[K_1[m[K;
[7.999s]       |                                  [01;36m[K^~[m[K
[8.025s] [01m[K/workspaces/isaac_ros-dev/ros2_ws/object-detection-jai0307-notatallVishal/action_client/src/action_client.cpp:[m[K In member function ‘[01m[Kvoid TrackObjectClient::send_goal()[m[K’:
[8.026s] [01m[K/workspaces/isaac_ros-dev/ros2_ws/object-detection-jai0307-notatallVishal/action_client/src/action_client.cpp:64:16:[m[K [01;31m[Kerror: [m[K‘[01m[Kclass TrackObjectClient[m[K’ has no member named ‘[01m[Kclient_ptr_[m[K’
[8.026s]    64 |     if (!this->[01;31m[Kclient_ptr_[m[K) {
[8.026s]       |                [01;31m[K^~~~~~~~~~~[m[K
[8.026s] [01m[K/workspaces/isaac_ros-dev/ros2_ws/object-detection-jai0307-notatallVishal/action_client/src/action_client.cpp:68:16:[m[K [01;31m[Kerror: [m[K‘[01m[Kclass TrackObjectClient[m[K’ has no member named ‘[01m[Kclient_ptr_[m[K’
[8.026s]    68 |     if (!this->[01;31m[Kclient_ptr_[m[K->wait_for_action_server(std::chrono::seconds(10))) {
[8.026s]       |                [01;31m[K^~~~~~~~~~~[m[K
[8.027s] [01m[K/workspaces/isaac_ros-dev/ros2_ws/object-detection-jai0307-notatallVishal/action_client/src/action_client.cpp:74:21:[m[K [01;31m[Kerror: [m[K‘[01m[KTrackObject[m[K’ has not been declared
[8.027s]    74 |     auto goal_msg = [01;31m[KTrackObject[m[K::Goal();
[8.027s]       |                     [01;31m[K^~~~~~~~~~~[m[K
[8.047s] [01m[K/workspaces/isaac_ros-dev/ros2_ws/object-detection-jai0307-notatallVishal/action_client/src/action_client.cpp:83:52:[m[K [01;31m[Kerror: [m[K‘[01m[KTrackObject[m[K’ was not declared in this scope; did you mean ‘[01m[KTrackObjectClient[m[K’?
[8.047s]    83 |     auto send_goal_options = rclcpp_action::Client<[01;31m[KTrackObject[m[K>::SendGoalOptions();
[8.047s]       |                                                    [01;31m[K^~~~~~~~~~~[m[K
[8.047s]       |                                                    [32m[KTrackObjectClient[m[K
[8.047s] [01m[K/workspaces/isaac_ros-dev/ros2_ws/object-detection-jai0307-notatallVishal/action_client/src/action_client.cpp:83:63:[m[K [01;31m[Kerror: [m[Ktemplate argument 1 is invalid
[8.047s]    83 |     auto send_goal_options = rclcpp_action::Client<TrackObject[01;31m[K>[m[K::SendGoalOptions();
[8.047s]       |                                                               [01;31m[K^[m[K
[8.048s] [01m[K/workspaces/isaac_ros-dev/ros2_ws/object-detection-jai0307-notatallVishal/action_client/src/action_client.cpp:86:18:[m[K [01;31m[Kerror: [m[K‘[01m[KMyActionClient[m[K’ has not been declared
[8.048s]    86 |       std::bind(&[01;31m[KMyActionClient[m[K::goal_response_callback, this, _1);
[8.048s]       |                  [01;31m[K^~~~~~~~~~~~~~[m[K
[8.048s] [01m[K/workspaces/isaac_ros-dev/ros2_ws/object-detection-jai0307-notatallVishal/action_client/src/action_client.cpp:89:18:[m[K [01;31m[Kerror: [m[K‘[01m[KMyActionClient[m[K’ has not been declared
[8.048s]    89 |       std::bind(&[01;31m[KMyActionClient[m[K::feedback_callback, this, _1, _2);
[8.048s]       |                  [01;31m[K^~~~~~~~~~~~~~[m[K
[8.048s] [01m[K/workspaces/isaac_ros-dev/ros2_ws/object-detection-jai0307-notatallVishal/action_client/src/action_client.cpp:92:18:[m[K [01;31m[Kerror: [m[K‘[01m[KMyActionClient[m[K’ has not been declared
[8.048s]    92 |       std::bind(&[01;31m[KMyActionClient[m[K::result_callback, this, _1);
[8.049s]       |                  [01;31m[K^~~~~~~~~~~~~~[m[K
[8.049s] [01m[K/workspaces/isaac_ros-dev/ros2_ws/object-detection-jai0307-notatallVishal/action_client/src/action_client.cpp:94:37:[m[K [01;31m[Kerror: [m[K‘[01m[Kclass TrackObjectClient[m[K’ has no member named ‘[01m[Kclient_ptr_[m[K’
[8.049s]    94 |     auto goal_handle_future = this->[01;31m[Kclient_ptr_[m[K->async_send_goal(goal_msg, send_goal_options);
[8.049s]       |                                     [01;31m[K^~~~~~~~~~~[m[K
[8.065s] In file included from [01m[K/opt/ros/humble/include/rclcpp/rclcpp/logging.hpp:24[m[K,
[8.065s]                  from [01m[K/opt/ros/humble/include/rclcpp/rclcpp/client.hpp:40[m[K,
[8.065s]                  from [01m[K/opt/ros/humble/include/rclcpp/rclcpp/callback_group.hpp:24[m[K,
[8.065s]                  from [01m[K/opt/ros/humble/include/rclcpp/rclcpp/any_executable.hpp:20[m[K,
[8.065s]                  from [01m[K/opt/ros/humble/include/rclcpp/rclcpp/memory_strategy.hpp:25[m[K,
[8.066s]                  from [01m[K/opt/ros/humble/include/rclcpp/rclcpp/memory_strategies.hpp:18[m[K,
[8.066s]                  from [01m[K/opt/ros/humble/include/rclcpp/rclcpp/executor_options.hpp:20[m[K,
[8.066s]                  from [01m[K/opt/ros/humble/include/rclcpp/rclcpp/executor.hpp:37[m[K,
[8.066s]                  from [01m[K/opt/ros/humble/include/rclcpp/rclcpp/executors/multi_threaded_executor.hpp:25[m[K,
[8.066s]                  from [01m[K/opt/ros/humble/include/rclcpp/rclcpp/executors.hpp:21[m[K,
[8.066s]                  from [01m[K/opt/ros/humble/include/rclcpp/rclcpp/rclcpp.hpp:155[m[K,
[8.066s]                  from [01m[K/workspaces/isaac_ros-dev/ros2_ws/object-detection-jai0307-notatallVishal/action_client/src/action_client.cpp:23[m[K:
[8.066s] [01m[K/workspaces/isaac_ros-dev/ros2_ws/object-detection-jai0307-notatallVishal/action_client/src/action_client.cpp:[m[K In member function ‘[01m[Kvoid TrackObjectClient::feedback_callback(int)[m[K’:
[8.067s] [01m[K/workspaces/isaac_ros-dev/ros2_ws/object-detection-jai0307-notatallVishal/action_client/src/action_client.cpp:123:52:[m[K [01;31m[Kerror: [m[K‘[01m[Kfeedback[m[K’ was not declared in this scope
[8.067s]   123 |       this->get_logger(), "Feedback received: %s", [01;31m[Kfeedback[m[K->feedback.c_str());
[8.067s]       |                                                    [01;31m[K^~~~~~~~[m[K
[8.081s] [01m[K/workspaces/isaac_ros-dev/ros2_ws/object-detection-jai0307-notatallVishal/action_client/src/action_client.cpp:125:20:[m[K [01;31m[Kerror: [m[K‘[01m[Kfeedback[m[K’ was not declared in this scope
[8.081s]   125 |          if(strcmp([01;31m[Kfeedback[m[K->feedback.c_str(), "Terminate.")){
[8.081s]       |                    [01;31m[K^~~~~~~~[m[K
[8.098s] [01m[K/workspaces/isaac_ros-dev/ros2_ws/object-detection-jai0307-notatallVishal/action_client/src/action_client.cpp:126:33:[m[K [01;31m[Kerror: [m[K‘[01m[Kclient_ptr_[m[K’ was not declared in this scope
[8.098s]   126 |                 auto canceler = [01;31m[Kclient_ptr_[m[K->async_cancel_goal(goal_handler);
[8.098s]       |                                 [01;31m[K^~~~~~~~~~~[m[K
[8.116s] [01m[K/workspaces/isaac_ros-dev/ros2_ws/object-detection-jai0307-notatallVishal/action_client/src/action_client.cpp:126:64:[m[K [01;31m[Kerror: [m[K‘[01m[Kgoal_handler[m[K’ was not declared in this scope; did you mean ‘[01m[Ksa_handler[m[K’?
[8.116s]   126 |                 auto canceler = client_ptr_->async_cancel_goal([01;31m[Kgoal_handler[m[K);
[8.116s]       |                                                                [01;31m[K^~~~~~~~~~~~[m[K
[8.116s]       |                                                                [32m[Ksa_handler[m[K
[8.116s] [01m[K/workspaces/isaac_ros-dev/ros2_ws/object-detection-jai0307-notatallVishal/action_client/src/action_client.cpp:119:28:[m[K [01;35m[Kwarning: [m[Kunused parameter ‘[01m[KSharedPtr[m[K’ [[01;35m[K-Wunused-parameter[m[K]
[8.116s]   119 |     [01;35m[KGoalHandleTrackObject::SharedPtr[m[K goal_handler,
[8.116s]       |     [01;35m[K~~~~~~~~~~~~~~~~~~~~~~~^~~~~~~~~[m[K
[8.127s] [01m[K/workspaces/isaac_ros-dev/ros2_ws/object-detection-jai0307-notatallVishal/action_client/src/action_client.cpp:[m[K In function ‘[01m[Kint main(int, char**)[m[K’:
[8.127s] [01m[K/workspaces/isaac_ros-dev/ros2_ws/object-detection-jai0307-notatallVishal/action_client/src/action_client.cpp:156:41:[m[K [01;31m[Kerror: [m[K‘[01m[KMyActionClient[m[K’ was not declared in this scope; did you mean ‘[01m[Kaction_client[m[K’?
[8.127s]   156 |   auto action_client = std::make_shared<[01;31m[KMyActionClient[m[K>();
[8.128s]       |                                         [01;31m[K^~~~~~~~~~~~~~[m[K
[8.128s]       |                                         [32m[Kaction_client[m[K
[8.128s] [01m[K/workspaces/isaac_ros-dev/ros2_ws/object-detection-jai0307-notatallVishal/action_client/src/action_client.cpp:156:56:[m[K [01;31m[Kerror: [m[Kno matching function for call to ‘[01m[Kmake_shared<<expression error> >()[m[K’
[8.128s]   156 |   auto action_client = [01;31m[Kstd::make_shared<MyActionClient>()[m[K;
[8.128s]       |                        [01;31m[K~~~~~~~~~~~~~~~~~~~~~~~~~~~~~~~~^~[m[K
[8.128s] In file included from [01m[K/usr/include/c++/11/memory:77[m[K,
[8.128s]                  from [01m[K/workspaces/isaac_ros-dev/ros2_ws/object-detection-jai0307-notatallVishal/action_client/src/action_client.cpp:18[m[K:
[8.128s] [01m[K/usr/include/c++/11/bits/shared_ptr.h:875:5:[m[K [01;36m[Knote: [m[Kcandidate: ‘[01m[Ktemplate<class _Tp, class ... _Args> std::shared_ptr<_Tp> std::make_shared(_Args&& ...)[m[K’
[8.129s]   875 |     [01;36m[Kmake_shared[m[K(_Args&&... __args)
[8.129s]       |     [01;36m[K^~~~~~~~~~~[m[K
[8.129s] [01m[K/usr/include/c++/11/bits/shared_ptr.h:875:5:[m[K [01;36m[Knote: [m[K  template argument deduction/substitution failed:
[8.129s] [01m[K/workspaces/isaac_ros-dev/ros2_ws/object-detection-jai0307-notatallVishal/action_client/src/action_client.cpp:156:56:[m[K [01;31m[Kerror: [m[Ktemplate argument 1 is invalid
[8.129s]   156 |   auto action_client = [01;31m[Kstd::make_shared<MyActionClient>()[m[K;
[8.129s]       |                        [01;31m[K~~~~~~~~~~~~~~~~~~~~~~~~~~~~~~~~^~[m[K
[9.421s] gmake[2]: *** [CMakeFiles/action_client_node.dir/build.make:76: CMakeFiles/action_client_node.dir/src/action_client.cpp.o] Error 1
[9.421s] gmake[1]: *** [CMakeFiles/Makefile2:137: CMakeFiles/action_client_node.dir/all] Error 2
[9.422s] gmake: *** [Makefile:146: all] Error 2
[9.454s] Invoked command in '/workspaces/isaac_ros-dev/ros2_ws/object-detection-jai0307-notatallVishal/build/action_client' returned '2': AMENT_PREFIX_PATH=/workspaces/isaac_ros-dev/ros2_ws/object-detection-jai0307-notatallVishal/install/custom_interfaces:${AMENT_PREFIX_PATH} CMAKE_PREFIX_PATH=/workspaces/isaac_ros-dev/ros2_ws/object-detection-jai0307-notatallVishal/install/custom_interfaces:/workspaces/isaac_ros-dev/ros2_ws/install/custom_interfaces:/workspaces/isaac_ros-dev/ros2_ws/install/input:/workspaces/isaac_ros-dev/ros2_ws/install/action_server:/workspaces/isaac_ros-dev/ros2_ws/install/action_client:/workspaces/isaac_ros-dev/ros2_ws/object-detection-jai0307-notatallVishal/install/input:/workspaces/isaac_ros-dev/ros2_ws/object-detection-jai0307-notatallVishal/install/action_client:/usr/local/libcudss-linux-0.3.0.9_cuda12-archive:/opt/ros/humble LD_LIBRARY_PATH=/workspaces/isaac_ros-dev/ros2_ws/object-detection-jai0307-notatallVishal/install/custom_interfaces/lib:${LD_LIBRARY_PATH} PYTHONPATH=/workspaces/isaac_ros-dev/ros2_ws/object-detection-jai0307-notatallVishal/install/custom_interfaces/local/lib/python3.10/dist-packages:${PYTHONPATH} /usr/bin/cmake --build /workspaces/isaac_ros-dev/ros2_ws/object-detection-jai0307-notatallVishal/build/action_client -- -j6 -l6
