[0.024s] Invoking command in '/workspaces/isaac_ros-dev/ros2_ws/object-detection-jai0307-notatallVishal/build/input': CMAKE_PREFIX_PATH=${CMAKE_PREFIX_PATH}:/opt/ros/humble /usr/bin/cmake /workspaces/isaac_ros-dev/ros2_ws/object-detection-jai0307-notatallVishal/input -DCMAKE_INSTALL_PREFIX=/workspaces/isaac_ros-dev/ros2_ws/object-detection-jai0307-notatallVishal/install/input
[0.207s] -- The C compiler identification is GNU 11.4.0
[0.339s] -- The CXX compiler identification is GNU 11.4.0
[0.364s] -- Detecting C compiler ABI info
[0.536s] -- Detecting C compiler ABI info - done
[0.558s] -- Check for working C compiler: /usr/bin/cc - skipped
[0.559s] -- Detecting C compile features
[0.561s] -- Detecting C compile features - done
[0.572s] -- Detecting CXX compiler ABI info
[0.757s] -- Detecting CXX compiler ABI info - done
[0.781s] -- Check for working CXX compiler: /usr/bin/c++ - skipped
[0.782s] -- Detecting CXX compile features
[0.783s] -- Detecting CXX compile features - done
[0.803s] -- Found ament_cmake: 1.3.11 (/opt/ros/humble/share/ament_cmake/cmake)
[2.642s] -- Found Python3: /usr/bin/python3 (found version "3.10.12") found components: Interpreter 
[2.955s] -- Found rclcpp: 16.0.12 (/opt/ros/humble/share/rclcpp/cmake)
[3.100s] -- Found rosidl_generator_c: 3.1.6 (/opt/ros/humble/share/rosidl_generator_c/cmake)
[3.120s] -- Found rosidl_adapter: 3.1.6 (/opt/ros/humble/share/rosidl_adapter/cmake)
[3.152s] -- Found rosidl_generator_cpp: 3.1.6 (/opt/ros/humble/share/rosidl_generator_cpp/cmake)
[3.192s] -- Using all available rosidl_typesupport_c: rosidl_typesupport_fastrtps_c;rosidl_typesupport_introspection_c
[3.244s] -- Using all available rosidl_typesupport_cpp: rosidl_typesupport_fastrtps_cpp;rosidl_typesupport_introspection_cpp
[3.388s] -- Found rmw_implementation_cmake: 6.1.2 (/opt/ros/humble/share/rmw_implementation_cmake/cmake)
[3.399s] -- Found rmw_fastrtps_cpp: 6.2.7 (/opt/ros/humble/share/rmw_fastrtps_cpp/cmake)
[3.666s] -- Found OpenSSL: /usr/lib/aarch64-linux-gnu/libcrypto.so (found version "3.0.2")  
[3.754s] -- Found FastRTPS: /opt/ros/humble/include  
[3.881s] -- Using RMW implementation 'rmw_fastrtps_cpp' as default
[3.920s] -- Looking for pthread.h
[4.091s] -- Looking for pthread.h - found
[4.092s] -- Performing Test CMAKE_HAVE_LIBC_PTHREAD
[4.270s] -- Performing Test CMAKE_HAVE_LIBC_PTHREAD - Success
[4.272s] -- Found Threads: TRUE  
[4.452s] -- Found ament_lint_auto: 0.12.12 (/opt/ros/humble/share/ament_lint_auto/cmake)
[4.690s] -- Added test 'cppcheck' to perform static code analysis on C / C++ code
[4.690s] -- Configured cppcheck include dirs: 
[4.690s] -- Configured cppcheck exclude dirs and/or files: 
[4.691s] -- Added test 'flake8' to check Python code syntax and style conventions
[4.693s] -- Added test 'lint_cmake' to check CMake code style
[4.695s] -- Added test 'pep257' to check Python code against some of the docstring style conventions in PEP 257
[4.696s] -- Added test 'uncrustify' to check C / C++ code style
[4.697s] -- Configured uncrustify additional arguments: 
[4.698s] -- Added test 'xmllint' to check XML markup files
[4.703s] -- Configuring done
[4.726s] -- Generating done
[4.734s] -- Build files have been written to: /workspaces/isaac_ros-dev/ros2_ws/object-detection-jai0307-notatallVishal/build/input
[4.757s] Invoked command in '/workspaces/isaac_ros-dev/ros2_ws/object-detection-jai0307-notatallVishal/build/input' returned '0': CMAKE_PREFIX_PATH=${CMAKE_PREFIX_PATH}:/opt/ros/humble /usr/bin/cmake /workspaces/isaac_ros-dev/ros2_ws/object-detection-jai0307-notatallVishal/input -DCMAKE_INSTALL_PREFIX=/workspaces/isaac_ros-dev/ros2_ws/object-detection-jai0307-notatallVishal/install/input
[4.764s] Invoking command in '/workspaces/isaac_ros-dev/ros2_ws/object-detection-jai0307-notatallVishal/build/input': CMAKE_PREFIX_PATH=${CMAKE_PREFIX_PATH}:/opt/ros/humble /usr/bin/cmake --build /workspaces/isaac_ros-dev/ros2_ws/object-detection-jai0307-notatallVishal/build/input -- -j6 -l6
[4.883s] [ 50%] [32mBuilding CXX object CMakeFiles/input_node.dir/src/input.cpp.o[0m
[14.875s] [100%] [32m[1mLinking CXX executable input_node[0m
[15.279s] [100%] Built target input_node
[15.308s] Invoked command in '/workspaces/isaac_ros-dev/ros2_ws/object-detection-jai0307-notatallVishal/build/input' returned '0': CMAKE_PREFIX_PATH=${CMAKE_PREFIX_PATH}:/opt/ros/humble /usr/bin/cmake --build /workspaces/isaac_ros-dev/ros2_ws/object-detection-jai0307-notatallVishal/build/input -- -j6 -l6
[15.335s] Invoking command in '/workspaces/isaac_ros-dev/ros2_ws/object-detection-jai0307-notatallVishal/build/input': CMAKE_PREFIX_PATH=${CMAKE_PREFIX_PATH}:/opt/ros/humble /usr/bin/cmake --install /workspaces/isaac_ros-dev/ros2_ws/object-detection-jai0307-notatallVishal/build/input
[15.354s] -- Install configuration: ""
[15.355s] -- Installing: /workspaces/isaac_ros-dev/ros2_ws/object-detection-jai0307-notatallVishal/install/input/lib/input/input_node
[15.358s] -- Set runtime path of "/workspaces/isaac_ros-dev/ros2_ws/object-detection-jai0307-notatallVishal/install/input/lib/input/input_node" to ""
[15.358s] -- Installing: /workspaces/isaac_ros-dev/ros2_ws/object-detection-jai0307-notatallVishal/install/input/share/input//launch
[15.358s] -- Installing: /workspaces/isaac_ros-dev/ros2_ws/object-detection-jai0307-notatallVishal/install/input/share/input//launch/input.launch.py
[15.359s] -- Installing: /workspaces/isaac_ros-dev/ros2_ws/object-detection-jai0307-notatallVishal/install/input/share/ament_index/resource_index/package_run_dependencies/input
[15.359s] -- Installing: /workspaces/isaac_ros-dev/ros2_ws/object-detection-jai0307-notatallVishal/install/input/share/ament_index/resource_index/parent_prefix_path/input
[15.360s] -- Installing: /workspaces/isaac_ros-dev/ros2_ws/object-detection-jai0307-notatallVishal/install/input/share/input/environment/ament_prefix_path.sh
[15.360s] -- Installing: /workspaces/isaac_ros-dev/ros2_ws/object-detection-jai0307-notatallVishal/install/input/share/input/environment/ament_prefix_path.dsv
[15.360s] -- Installing: /workspaces/isaac_ros-dev/ros2_ws/object-detection-jai0307-notatallVishal/install/input/share/input/environment/path.sh
[15.361s] -- Installing: /workspaces/isaac_ros-dev/ros2_ws/object-detection-jai0307-notatallVishal/install/input/share/input/environment/path.dsv
[15.361s] -- Installing: /workspaces/isaac_ros-dev/ros2_ws/object-detection-jai0307-notatallVishal/install/input/share/input/local_setup.bash
[15.361s] -- Installing: /workspaces/isaac_ros-dev/ros2_ws/object-detection-jai0307-notatallVishal/install/input/share/input/local_setup.sh
[15.362s] -- Installing: /workspaces/isaac_ros-dev/ros2_ws/object-detection-jai0307-notatallVishal/install/input/share/input/local_setup.zsh
[15.362s] -- Installing: /workspaces/isaac_ros-dev/ros2_ws/object-detection-jai0307-notatallVishal/install/input/share/input/local_setup.dsv
[15.362s] -- Installing: /workspaces/isaac_ros-dev/ros2_ws/object-detection-jai0307-notatallVishal/install/input/share/input/package.dsv
[15.363s] -- Installing: /workspaces/isaac_ros-dev/ros2_ws/object-detection-jai0307-notatallVishal/install/input/share/ament_index/resource_index/packages/input
[15.363s] -- Installing: /workspaces/isaac_ros-dev/ros2_ws/object-detection-jai0307-notatallVishal/install/input/share/input/cmake/inputConfig.cmake
[15.363s] -- Installing: /workspaces/isaac_ros-dev/ros2_ws/object-detection-jai0307-notatallVishal/install/input/share/input/cmake/inputConfig-version.cmake
[15.363s] -- Installing: /workspaces/isaac_ros-dev/ros2_ws/object-detection-jai0307-notatallVishal/install/input/share/input/package.xml
[15.369s] Invoked command in '/workspaces/isaac_ros-dev/ros2_ws/object-detection-jai0307-notatallVishal/build/input' returned '0': CMAKE_PREFIX_PATH=${CMAKE_PREFIX_PATH}:/opt/ros/humble /usr/bin/cmake --install /workspaces/isaac_ros-dev/ros2_ws/object-detection-jai0307-notatallVishal/build/input
