[35m[1mConsolidate compiler generated dependencies of target input_node[0m
[100%] Built target input_node
-- Install configuration: ""
-- Up-to-date: /workspaces/isaac_ros-dev/ros2_ws/object-detection-jai0307-notatallVishal/install/input/lib/input/input_node
-- Up-to-date: /workspaces/isaac_ros-dev/ros2_ws/object-detection-jai0307-notatallVishal/install/input/share/input//launch
-- Installing: /workspaces/isaac_ros-dev/ros2_ws/object-detection-jai0307-notatallVishal/install/input/share/input//launch/input.launch.py
-- Up-to-date: /workspaces/isaac_ros-dev/ros2_ws/object-detection-jai0307-notatallVishal/install/input/share/ament_index/resource_index/package_run_dependencies/input
-- Up-to-date: /workspaces/isaac_ros-dev/ros2_ws/object-detection-jai0307-notatallVishal/install/input/share/ament_index/resource_index/parent_prefix_path/input
-- Up-to-date: /workspaces/isaac_ros-dev/ros2_ws/object-detection-jai0307-notatallVishal/install/input/share/input/environment/ament_prefix_path.sh
-- Up-to-date: /workspaces/isaac_ros-dev/ros2_ws/object-detection-jai0307-notatallVishal/install/input/share/input/environment/ament_prefix_path.dsv
-- Up-to-date: /workspaces/isaac_ros-dev/ros2_ws/object-detection-jai0307-notatallVishal/install/input/share/input/environment/path.sh
-- Up-to-date: /workspaces/isaac_ros-dev/ros2_ws/object-detection-jai0307-notatallVishal/install/input/share/input/environment/path.dsv
-- Up-to-date: /workspaces/isaac_ros-dev/ros2_ws/object-detection-jai0307-notatallVishal/install/input/share/input/local_setup.bash
-- Up-to-date: /workspaces/isaac_ros-dev/ros2_ws/object-detection-jai0307-notatallVishal/install/input/share/input/local_setup.sh
-- Up-to-date: /workspaces/isaac_ros-dev/ros2_ws/object-detection-jai0307-notatallVishal/install/input/share/input/local_setup.zsh
-- Up-to-date: /workspaces/isaac_ros-dev/ros2_ws/object-detection-jai0307-notatallVishal/install/input/share/input/local_setup.dsv
-- Installing: /workspaces/isaac_ros-dev/ros2_ws/object-detection-jai0307-notatallVishal/install/input/share/input/package.dsv
-- Up-to-date: /workspaces/isaac_ros-dev/ros2_ws/object-detection-jai0307-notatallVishal/install/input/share/ament_index/resource_index/packages/input
-- Up-to-date: /workspaces/isaac_ros-dev/ros2_ws/object-detection-jai0307-notatallVishal/install/input/share/input/cmake/inputConfig.cmake
-- Up-to-date: /workspaces/isaac_ros-dev/ros2_ws/object-detection-jai0307-notatallVishal/install/input/share/input/cmake/inputConfig-version.cmake
-- Up-to-date: /workspaces/isaac_ros-dev/ros2_ws/object-detection-jai0307-notatallVishal/install/input/share/input/package.xml
