[0.030s] Invoking command in '/workspaces/isaac_ros-dev/ros2_ws/object-detection-jai0307-notatallVishal/build/custom_interfaces': CMAKE_PREFIX_PATH=${CMAKE_PREFIX_PATH}:/opt/ros/humble /usr/bin/cmake /workspaces/isaac_ros-dev/ros2_ws/object-detection-jai0307-notatallVishal/custom_interfaces -DCMAKE_INSTALL_PREFIX=/workspaces/isaac_ros-dev/ros2_ws/object-detection-jai0307-notatallVishal/install/custom_interfaces
[0.248s] -- The C compiler identification is GNU 11.4.0
[0.397s] -- The CXX compiler identification is GNU 11.4.0
[0.419s] -- Detecting C compiler ABI info
[0.597s] -- Detecting C compiler ABI info - done
[0.621s] -- Check for working C compiler: /usr/bin/cc - skipped
[0.622s] -- Detecting C compile features
[0.624s] -- Detecting C compile features - done
[0.636s] -- Detecting CXX compiler ABI info
[0.826s] -- Detecting CXX compiler ABI info - done
[0.853s] -- Check for working CXX compiler: /usr/bin/c++ - skipped
[0.853s] -- Detecting CXX compile features
[0.855s] -- Detecting CXX compile features - done
[0.878s] -- Found ament_cmake: 1.3.11 (/opt/ros/humble/share/ament_cmake/cmake)
[2.832s] -- Found Python3: /usr/bin/python3 (found version "3.10.12") found components: Interpreter 
[3.185s] -- Found rclcpp: 16.0.12 (/opt/ros/humble/share/rclcpp/cmake)
[3.357s] -- Found rosidl_generator_c: 3.1.6 (/opt/ros/humble/share/rosidl_generator_c/cmake)
[3.378s] -- Found rosidl_adapter: 3.1.6 (/opt/ros/humble/share/rosidl_adapter/cmake)
[3.409s] -- Found rosidl_generator_cpp: 3.1.6 (/opt/ros/humble/share/rosidl_generator_cpp/cmake)
[3.451s] -- Using all available rosidl_typesupport_c: rosidl_typesupport_fastrtps_c;rosidl_typesupport_introspection_c
[3.507s] -- Using all available rosidl_typesupport_cpp: rosidl_typesupport_fastrtps_cpp;rosidl_typesupport_introspection_cpp
[3.661s] -- Found rmw_implementation_cmake: 6.1.2 (/opt/ros/humble/share/rmw_implementation_cmake/cmake)
[3.673s] -- Found rmw_fastrtps_cpp: 6.2.7 (/opt/ros/humble/share/rmw_fastrtps_cpp/cmake)
[3.958s] -- Found OpenSSL: /usr/lib/aarch64-linux-gnu/libcrypto.so (found version "3.0.2")  
[4.053s] -- Found FastRTPS: /opt/ros/humble/include  
[4.194s] -- Using RMW implementation 'rmw_fastrtps_cpp' as default
[4.236s] -- Looking for pthread.h
[4.409s] -- Looking for pthread.h - found
[4.410s] -- Performing Test CMAKE_HAVE_LIBC_PTHREAD
[4.598s] -- Performing Test CMAKE_HAVE_LIBC_PTHREAD - Success
[4.600s] -- Found Threads: TRUE  
[4.792s] -- Found rosidl_default_generators: 1.2.0 (/opt/ros/humble/share/rosidl_default_generators/cmake)
[4.830s] -- Found geometry_msgs: 4.8.0 (/opt/ros/humble/share/geometry_msgs/cmake)
[5.665s] -- Found ament_cmake_ros: 0.10.0 (/opt/ros/humble/share/ament_cmake_ros/cmake)
[6.627s] -- Using all available rosidl_typesupport_c: rosidl_typesupport_fastrtps_c;rosidl_typesupport_introspection_c
[6.982s] -- Using all available rosidl_typesupport_cpp: rosidl_typesupport_fastrtps_cpp;rosidl_typesupport_introspection_cpp
[7.053s] -- Found PythonInterp: /usr/bin/python3 (found suitable version "3.10.12", minimum required is "3.6") 
[7.066s] -- Found python_cmake_module: 0.10.0 (/opt/ros/humble/share/python_cmake_module/cmake)
[7.150s] -- Found PythonLibs: /usr/lib/aarch64-linux-gnu/libpython3.10.so (found suitable version "3.10.12", minimum required is "3.5") 
[7.150s] -- Using PYTHON_EXECUTABLE: /usr/bin/python3
[7.151s] -- Using PYTHON_INCLUDE_DIRS: /usr/include/python3.10
[7.151s] -- Using PYTHON_LIBRARIES: /usr/lib/aarch64-linux-gnu/libpython3.10.so
[7.217s] -- Found PythonExtra: .so  
[7.647s] -- Using numpy include directory: /usr/local/lib/python3.10/dist-packages/numpy/core/include
[7.692s] -- Found ament_lint_auto: 0.12.12 (/opt/ros/humble/share/ament_lint_auto/cmake)
[7.792s] -- Added test 'lint_cmake' to check CMake code style
[7.795s] -- Added test 'xmllint' to check XML markup files
[7.802s] -- Configuring done
[7.886s] -- Generating done
[7.914s] -- Build files have been written to: /workspaces/isaac_ros-dev/ros2_ws/object-detection-jai0307-notatallVishal/build/custom_interfaces
[7.947s] Invoked command in '/workspaces/isaac_ros-dev/ros2_ws/object-detection-jai0307-notatallVishal/build/custom_interfaces' returned '0': CMAKE_PREFIX_PATH=${CMAKE_PREFIX_PATH}:/opt/ros/humble /usr/bin/cmake /workspaces/isaac_ros-dev/ros2_ws/object-detection-jai0307-notatallVishal/custom_interfaces -DCMAKE_INSTALL_PREFIX=/workspaces/isaac_ros-dev/ros2_ws/object-detection-jai0307-notatallVishal/install/custom_interfaces
[7.953s] Invoking command in '/workspaces/isaac_ros-dev/ros2_ws/object-detection-jai0307-notatallVishal/build/custom_interfaces': CMAKE_PREFIX_PATH=${CMAKE_PREFIX_PATH}:/opt/ros/humble /usr/bin/cmake --build /workspaces/isaac_ros-dev/ros2_ws/object-detection-jai0307-notatallVishal/build/custom_interfaces -- -j6 -l6
[8.061s] [  3%] [34m[1mGenerating C code for ROS interfaces[0m
[8.093s] [  6%] [34m[1mGenerating C++ code for ROS interfaces[0m
[8.125s] [  6%] Built target ament_cmake_python_copy_custom_interfaces
[9.171s] [  9%] [32mBuilding C object CMakeFiles/custom_interfaces__rosidl_generator_c.dir/rosidl_generator_c/custom_interfaces/action/detail/detect__functions.c.o[0m
[9.172s] [  9%] Built target custom_interfaces__cpp
[9.197s] running egg_info
[9.200s] creating custom_interfaces.egg-info
[9.207s] [ 16%] [34m[1mGenerating C++ type support dispatch for ROS interfaces[0m
[9.207s] [ 16%] [34m[1mGenerating C++ type support for eProsima Fast-RTPS[0m
[9.215s] [ 19%] [34m[1mGenerating C++ introspection for ROS interfaces[0m
[9.250s] writing custom_interfaces.egg-info/PKG-INFO
[9.251s] writing dependency_links to custom_interfaces.egg-info/dependency_links.txt
[9.251s] writing top-level names to custom_interfaces.egg-info/top_level.txt
[9.252s] writing manifest file 'custom_interfaces.egg-info/SOURCES.txt'
[9.567s] [ 22%] [32m[1mLinking C shared library libcustom_interfaces__rosidl_generator_c.so[0m
[9.690s] [ 22%] Built target custom_interfaces__rosidl_generator_c
[9.728s] [ 25%] [34m[1mGenerating C type support for eProsima Fast-RTPS[0m
[9.729s] [ 29%] [34m[1mGenerating C introspection for ROS interfaces[0m
[10.018s] [ 32%] [32mBuilding CXX object CMakeFiles/custom_interfaces__rosidl_typesupport_cpp.dir/rosidl_typesupport_cpp/custom_interfaces/action/detect__type_support.cpp.o[0m
[10.361s] [ 35%] [32mBuilding CXX object CMakeFiles/custom_interfaces__rosidl_typesupport_fastrtps_cpp.dir/rosidl_typesupport_fastrtps_cpp/custom_interfaces/action/detail/dds_fastrtps/detect__type_support.cpp.o[0m
[10.423s] [ 38%] [32mBuilding CXX object CMakeFiles/custom_interfaces__rosidl_typesupport_introspection_cpp.dir/rosidl_typesupport_introspection_cpp/custom_interfaces/action/detail/detect__type_support.cpp.o[0m
[10.445s] reading manifest file 'custom_interfaces.egg-info/SOURCES.txt'
[10.447s] writing manifest file 'custom_interfaces.egg-info/SOURCES.txt'
[10.636s] [ 41%] [32mBuilding C object CMakeFiles/custom_interfaces__rosidl_typesupport_introspection_c.dir/rosidl_typesupport_introspection_c/custom_interfaces/action/detail/detect__type_support.c.o[0m
[10.689s] [ 41%] Built target ament_cmake_python_build_custom_interfaces_egg
[10.728s] [ 45%] [34m[1mGenerating C type support dispatch for ROS interfaces[0m
[10.767s] [ 48%] [32m[1mLinking C shared library libcustom_interfaces__rosidl_typesupport_introspection_c.so[0m
[10.852s] [ 48%] Built target custom_interfaces__rosidl_typesupport_introspection_c
[10.894s] [ 51%] [32mBuilding CXX object CMakeFiles/custom_interfaces__rosidl_typesupport_fastrtps_c.dir/rosidl_typesupport_fastrtps_c/custom_interfaces/action/detail/detect__type_support_c.cpp.o[0m
[11.275s] [ 54%] [32m[1mLinking CXX shared library libcustom_interfaces__rosidl_typesupport_cpp.so[0m
[11.385s] [ 54%] Built target custom_interfaces__rosidl_typesupport_cpp
[11.534s] [ 58%] [32mBuilding CXX object CMakeFiles/custom_interfaces__rosidl_typesupport_c.dir/rosidl_typesupport_c/custom_interfaces/action/detect__type_support.cpp.o[0m
[11.660s] [ 61%] [32m[1mLinking CXX shared library libcustom_interfaces__rosidl_typesupport_c.so[0m
[11.765s] [ 61%] Built target custom_interfaces__rosidl_typesupport_c
[11.817s] [ 64%] [32m[1mLinking CXX shared library libcustom_interfaces__rosidl_typesupport_fastrtps_cpp.so[0m
[11.901s] [ 67%] [32m[1mLinking CXX shared library libcustom_interfaces__rosidl_typesupport_fastrtps_c.so[0m
[11.953s] [ 70%] [32m[1mLinking CXX shared library libcustom_interfaces__rosidl_typesupport_introspection_cpp.so[0m
[11.998s] [ 70%] Built target custom_interfaces__rosidl_typesupport_fastrtps_cpp
[12.085s] [ 70%] Built target custom_interfaces__rosidl_typesupport_fastrtps_c
[12.133s] [ 70%] Built target custom_interfaces__rosidl_typesupport_introspection_cpp
[12.187s] [ 70%] Built target custom_interfaces
[12.239s] [ 74%] [34m[1mGenerating Python code for ROS interfaces[0m
[13.985s] [ 74%] Built target custom_interfaces__py
[14.039s] [ 77%] [32mBuilding C object CMakeFiles/custom_interfaces__rosidl_generator_py.dir/rosidl_generator_py/custom_interfaces/action/_detect_s.c.o[0m
[14.408s] [ 80%] [32m[1mLinking C shared library rosidl_generator_py/custom_interfaces/libcustom_interfaces__rosidl_generator_py.so[0m
[14.506s] [ 80%] Built target custom_interfaces__rosidl_generator_py
[14.563s] [ 87%] [32mBuilding C object CMakeFiles/custom_interfaces__rosidl_typesupport_fastrtps_c__pyext.dir/rosidl_generator_py/custom_interfaces/_custom_interfaces_s.ep.rosidl_typesupport_fastrtps_c.c.o[0m
[14.563s] [ 87%] [32mBuilding C object CMakeFiles/custom_interfaces__rosidl_typesupport_introspection_c__pyext.dir/rosidl_generator_py/custom_interfaces/_custom_interfaces_s.ep.rosidl_typesupport_introspection_c.c.o[0m
[14.564s] [ 90%] [32mBuilding C object CMakeFiles/custom_interfaces__rosidl_typesupport_c__pyext.dir/rosidl_generator_py/custom_interfaces/_custom_interfaces_s.ep.rosidl_typesupport_c.c.o[0m
[14.874s] [ 96%] [32m[1mLinking C shared library rosidl_generator_py/custom_interfaces/custom_interfaces_s__rosidl_typesupport_introspection_c.cpython-310-aarch64-linux-gnu.so[0m
[14.874s] [ 96%] [32m[1mLinking C shared library rosidl_generator_py/custom_interfaces/custom_interfaces_s__rosidl_typesupport_c.cpython-310-aarch64-linux-gnu.so[0m
[14.886s] [100%] [32m[1mLinking C shared library rosidl_generator_py/custom_interfaces/custom_interfaces_s__rosidl_typesupport_fastrtps_c.cpython-310-aarch64-linux-gnu.so[0m
[14.976s] [100%] Built target custom_interfaces__rosidl_typesupport_introspection_c__pyext
[14.977s] [100%] Built target custom_interfaces__rosidl_typesupport_c__pyext
[14.986s] [100%] Built target custom_interfaces__rosidl_typesupport_fastrtps_c__pyext
[15.016s] Invoked command in '/workspaces/isaac_ros-dev/ros2_ws/object-detection-jai0307-notatallVishal/build/custom_interfaces' returned '0': CMAKE_PREFIX_PATH=${CMAKE_PREFIX_PATH}:/opt/ros/humble /usr/bin/cmake --build /workspaces/isaac_ros-dev/ros2_ws/object-detection-jai0307-notatallVishal/build/custom_interfaces -- -j6 -l6
[15.045s] Invoking command in '/workspaces/isaac_ros-dev/ros2_ws/object-detection-jai0307-notatallVishal/build/custom_interfaces': CMAKE_PREFIX_PATH=${CMAKE_PREFIX_PATH}:/opt/ros/humble /usr/bin/cmake --install /workspaces/isaac_ros-dev/ros2_ws/object-detection-jai0307-notatallVishal/build/custom_interfaces
[15.064s] -- Install configuration: ""
[15.064s] -- Installing: /workspaces/isaac_ros-dev/ros2_ws/object-detection-jai0307-notatallVishal/install/custom_interfaces/share/ament_index/resource_index/rosidl_interfaces/custom_interfaces
[15.064s] -- Installing: /workspaces/isaac_ros-dev/ros2_ws/object-detection-jai0307-notatallVishal/install/custom_interfaces/include/custom_interfaces/custom_interfaces
[15.065s] -- Installing: /workspaces/isaac_ros-dev/ros2_ws/object-detection-jai0307-notatallVishal/install/custom_interfaces/include/custom_interfaces/custom_interfaces/msg
[15.065s] -- Installing: /workspaces/isaac_ros-dev/ros2_ws/object-detection-jai0307-notatallVishal/install/custom_interfaces/include/custom_interfaces/custom_interfaces/msg/rosidl_generator_c__visibility_control.h
[15.065s] -- Installing: /workspaces/isaac_ros-dev/ros2_ws/object-detection-jai0307-notatallVishal/install/custom_interfaces/include/custom_interfaces/custom_interfaces/action
[15.066s] -- Installing: /workspaces/isaac_ros-dev/ros2_ws/object-detection-jai0307-notatallVishal/install/custom_interfaces/include/custom_interfaces/custom_interfaces/action/detail
[15.066s] -- Installing: /workspaces/isaac_ros-dev/ros2_ws/object-detection-jai0307-notatallVishal/install/custom_interfaces/include/custom_interfaces/custom_interfaces/action/detail/detect__type_support.h
[15.066s] -- Installing: /workspaces/isaac_ros-dev/ros2_ws/object-detection-jai0307-notatallVishal/install/custom_interfaces/include/custom_interfaces/custom_interfaces/action/detail/detect__functions.c
[15.067s] -- Installing: /workspaces/isaac_ros-dev/ros2_ws/object-detection-jai0307-notatallVishal/install/custom_interfaces/include/custom_interfaces/custom_interfaces/action/detail/detect__functions.h
[15.067s] -- Installing: /workspaces/isaac_ros-dev/ros2_ws/object-detection-jai0307-notatallVishal/install/custom_interfaces/include/custom_interfaces/custom_interfaces/action/detail/detect__struct.h
[15.067s] -- Installing: /workspaces/isaac_ros-dev/ros2_ws/object-detection-jai0307-notatallVishal/install/custom_interfaces/include/custom_interfaces/custom_interfaces/action/detect.h
[15.068s] -- Installing: /workspaces/isaac_ros-dev/ros2_ws/object-detection-jai0307-notatallVishal/install/custom_interfaces/share/custom_interfaces/environment/library_path.sh
[15.068s] -- Installing: /workspaces/isaac_ros-dev/ros2_ws/object-detection-jai0307-notatallVishal/install/custom_interfaces/share/custom_interfaces/environment/library_path.dsv
[15.068s] -- Installing: /workspaces/isaac_ros-dev/ros2_ws/object-detection-jai0307-notatallVishal/install/custom_interfaces/lib/libcustom_interfaces__rosidl_generator_c.so
[15.069s] -- Set runtime path of "/workspaces/isaac_ros-dev/ros2_ws/object-detection-jai0307-notatallVishal/install/custom_interfaces/lib/libcustom_interfaces__rosidl_generator_c.so" to ""
[15.070s] -- Up-to-date: /workspaces/isaac_ros-dev/ros2_ws/object-detection-jai0307-notatallVishal/install/custom_interfaces/include/custom_interfaces/custom_interfaces
[15.070s] -- Up-to-date: /workspaces/isaac_ros-dev/ros2_ws/object-detection-jai0307-notatallVishal/install/custom_interfaces/include/custom_interfaces/custom_interfaces/msg
[15.070s] -- Installing: /workspaces/isaac_ros-dev/ros2_ws/object-detection-jai0307-notatallVishal/install/custom_interfaces/include/custom_interfaces/custom_interfaces/msg/rosidl_typesupport_fastrtps_c__visibility_control.h
[15.070s] -- Up-to-date: /workspaces/isaac_ros-dev/ros2_ws/object-detection-jai0307-notatallVishal/install/custom_interfaces/include/custom_interfaces/custom_interfaces/action
[15.071s] -- Up-to-date: /workspaces/isaac_ros-dev/ros2_ws/object-detection-jai0307-notatallVishal/install/custom_interfaces/include/custom_interfaces/custom_interfaces/action/detail
[15.071s] -- Installing: /workspaces/isaac_ros-dev/ros2_ws/object-detection-jai0307-notatallVishal/install/custom_interfaces/include/custom_interfaces/custom_interfaces/action/detail/detect__rosidl_typesupport_fastrtps_c.h
[15.071s] -- Installing: /workspaces/isaac_ros-dev/ros2_ws/object-detection-jai0307-notatallVishal/install/custom_interfaces/lib/libcustom_interfaces__rosidl_typesupport_fastrtps_c.so
[15.072s] -- Set runtime path of "/workspaces/isaac_ros-dev/ros2_ws/object-detection-jai0307-notatallVishal/install/custom_interfaces/lib/libcustom_interfaces__rosidl_typesupport_fastrtps_c.so" to ""
[15.072s] -- Up-to-date: /workspaces/isaac_ros-dev/ros2_ws/object-detection-jai0307-notatallVishal/install/custom_interfaces/include/custom_interfaces/custom_interfaces
[15.072s] -- Up-to-date: /workspaces/isaac_ros-dev/ros2_ws/object-detection-jai0307-notatallVishal/install/custom_interfaces/include/custom_interfaces/custom_interfaces/msg
[15.072s] -- Installing: /workspaces/isaac_ros-dev/ros2_ws/object-detection-jai0307-notatallVishal/install/custom_interfaces/include/custom_interfaces/custom_interfaces/msg/rosidl_generator_cpp__visibility_control.hpp
[15.073s] -- Up-to-date: /workspaces/isaac_ros-dev/ros2_ws/object-detection-jai0307-notatallVishal/install/custom_interfaces/include/custom_interfaces/custom_interfaces/action
[15.073s] -- Installing: /workspaces/isaac_ros-dev/ros2_ws/object-detection-jai0307-notatallVishal/install/custom_interfaces/include/custom_interfaces/custom_interfaces/action/detect.hpp
[15.073s] -- Up-to-date: /workspaces/isaac_ros-dev/ros2_ws/object-detection-jai0307-notatallVishal/install/custom_interfaces/include/custom_interfaces/custom_interfaces/action/detail
[15.074s] -- Installing: /workspaces/isaac_ros-dev/ros2_ws/object-detection-jai0307-notatallVishal/install/custom_interfaces/include/custom_interfaces/custom_interfaces/action/detail/detect__builder.hpp
[15.074s] -- Installing: /workspaces/isaac_ros-dev/ros2_ws/object-detection-jai0307-notatallVishal/install/custom_interfaces/include/custom_interfaces/custom_interfaces/action/detail/detect__traits.hpp
[15.074s] -- Installing: /workspaces/isaac_ros-dev/ros2_ws/object-detection-jai0307-notatallVishal/install/custom_interfaces/include/custom_interfaces/custom_interfaces/action/detail/detect__struct.hpp
[15.075s] -- Installing: /workspaces/isaac_ros-dev/ros2_ws/object-detection-jai0307-notatallVishal/install/custom_interfaces/include/custom_interfaces/custom_interfaces/action/detail/detect__type_support.hpp
[15.075s] -- Up-to-date: /workspaces/isaac_ros-dev/ros2_ws/object-detection-jai0307-notatallVishal/install/custom_interfaces/include/custom_interfaces/custom_interfaces
[15.075s] -- Up-to-date: /workspaces/isaac_ros-dev/ros2_ws/object-detection-jai0307-notatallVishal/install/custom_interfaces/include/custom_interfaces/custom_interfaces/msg
[15.075s] -- Installing: /workspaces/isaac_ros-dev/ros2_ws/object-detection-jai0307-notatallVishal/install/custom_interfaces/include/custom_interfaces/custom_interfaces/msg/rosidl_typesupport_fastrtps_cpp__visibility_control.h
[15.076s] -- Up-to-date: /workspaces/isaac_ros-dev/ros2_ws/object-detection-jai0307-notatallVishal/install/custom_interfaces/include/custom_interfaces/custom_interfaces/action
[15.076s] -- Up-to-date: /workspaces/isaac_ros-dev/ros2_ws/object-detection-jai0307-notatallVishal/install/custom_interfaces/include/custom_interfaces/custom_interfaces/action/detail
[15.076s] -- Installing: /workspaces/isaac_ros-dev/ros2_ws/object-detection-jai0307-notatallVishal/install/custom_interfaces/include/custom_interfaces/custom_interfaces/action/detail/detect__rosidl_typesupport_fastrtps_cpp.hpp
[15.076s] -- Installing: /workspaces/isaac_ros-dev/ros2_ws/object-detection-jai0307-notatallVishal/install/custom_interfaces/include/custom_interfaces/custom_interfaces/action/detail/dds_fastrtps
[15.077s] -- Installing: /workspaces/isaac_ros-dev/ros2_ws/object-detection-jai0307-notatallVishal/install/custom_interfaces/lib/libcustom_interfaces__rosidl_typesupport_fastrtps_cpp.so
[15.077s] -- Set runtime path of "/workspaces/isaac_ros-dev/ros2_ws/object-detection-jai0307-notatallVishal/install/custom_interfaces/lib/libcustom_interfaces__rosidl_typesupport_fastrtps_cpp.so" to ""
[15.077s] -- Up-to-date: /workspaces/isaac_ros-dev/ros2_ws/object-detection-jai0307-notatallVishal/install/custom_interfaces/include/custom_interfaces/custom_interfaces
[15.078s] -- Up-to-date: /workspaces/isaac_ros-dev/ros2_ws/object-detection-jai0307-notatallVishal/install/custom_interfaces/include/custom_interfaces/custom_interfaces/msg
[15.078s] -- Installing: /workspaces/isaac_ros-dev/ros2_ws/object-detection-jai0307-notatallVishal/install/custom_interfaces/include/custom_interfaces/custom_interfaces/msg/rosidl_typesupport_introspection_c__visibility_control.h
[15.078s] -- Up-to-date: /workspaces/isaac_ros-dev/ros2_ws/object-detection-jai0307-notatallVishal/install/custom_interfaces/include/custom_interfaces/custom_interfaces/action
[15.078s] -- Up-to-date: /workspaces/isaac_ros-dev/ros2_ws/object-detection-jai0307-notatallVishal/install/custom_interfaces/include/custom_interfaces/custom_interfaces/action/detail
[15.079s] -- Installing: /workspaces/isaac_ros-dev/ros2_ws/object-detection-jai0307-notatallVishal/install/custom_interfaces/include/custom_interfaces/custom_interfaces/action/detail/detect__type_support.c
[15.079s] -- Installing: /workspaces/isaac_ros-dev/ros2_ws/object-detection-jai0307-notatallVishal/install/custom_interfaces/include/custom_interfaces/custom_interfaces/action/detail/detect__rosidl_typesupport_introspection_c.h
[15.079s] -- Installing: /workspaces/isaac_ros-dev/ros2_ws/object-detection-jai0307-notatallVishal/install/custom_interfaces/lib/libcustom_interfaces__rosidl_typesupport_introspection_c.so
[15.080s] -- Set runtime path of "/workspaces/isaac_ros-dev/ros2_ws/object-detection-jai0307-notatallVishal/install/custom_interfaces/lib/libcustom_interfaces__rosidl_typesupport_introspection_c.so" to ""
[15.080s] -- Installing: /workspaces/isaac_ros-dev/ros2_ws/object-detection-jai0307-notatallVishal/install/custom_interfaces/lib/libcustom_interfaces__rosidl_typesupport_c.so
[15.080s] -- Set runtime path of "/workspaces/isaac_ros-dev/ros2_ws/object-detection-jai0307-notatallVishal/install/custom_interfaces/lib/libcustom_interfaces__rosidl_typesupport_c.so" to ""
[15.080s] -- Up-to-date: /workspaces/isaac_ros-dev/ros2_ws/object-detection-jai0307-notatallVishal/install/custom_interfaces/include/custom_interfaces/custom_interfaces
[15.081s] -- Up-to-date: /workspaces/isaac_ros-dev/ros2_ws/object-detection-jai0307-notatallVishal/install/custom_interfaces/include/custom_interfaces/custom_interfaces/action
[15.081s] -- Up-to-date: /workspaces/isaac_ros-dev/ros2_ws/object-detection-jai0307-notatallVishal/install/custom_interfaces/include/custom_interfaces/custom_interfaces/action/detail
[15.081s] -- Installing: /workspaces/isaac_ros-dev/ros2_ws/object-detection-jai0307-notatallVishal/install/custom_interfaces/include/custom_interfaces/custom_interfaces/action/detail/detect__rosidl_typesupport_introspection_cpp.hpp
[15.082s] -- Installing: /workspaces/isaac_ros-dev/ros2_ws/object-detection-jai0307-notatallVishal/install/custom_interfaces/include/custom_interfaces/custom_interfaces/action/detail/detect__type_support.cpp
[15.082s] -- Installing: /workspaces/isaac_ros-dev/ros2_ws/object-detection-jai0307-notatallVishal/install/custom_interfaces/lib/libcustom_interfaces__rosidl_typesupport_introspection_cpp.so
[15.082s] -- Set runtime path of "/workspaces/isaac_ros-dev/ros2_ws/object-detection-jai0307-notatallVishal/install/custom_interfaces/lib/libcustom_interfaces__rosidl_typesupport_introspection_cpp.so" to ""
[15.082s] -- Installing: /workspaces/isaac_ros-dev/ros2_ws/object-detection-jai0307-notatallVishal/install/custom_interfaces/lib/libcustom_interfaces__rosidl_typesupport_cpp.so
[15.083s] -- Set runtime path of "/workspaces/isaac_ros-dev/ros2_ws/object-detection-jai0307-notatallVishal/install/custom_interfaces/lib/libcustom_interfaces__rosidl_typesupport_cpp.so" to ""
[15.083s] -- Installing: /workspaces/isaac_ros-dev/ros2_ws/object-detection-jai0307-notatallVishal/install/custom_interfaces/share/custom_interfaces/environment/pythonpath.sh
[15.083s] -- Installing: /workspaces/isaac_ros-dev/ros2_ws/object-detection-jai0307-notatallVishal/install/custom_interfaces/share/custom_interfaces/environment/pythonpath.dsv
[15.084s] -- Installing: /workspaces/isaac_ros-dev/ros2_ws/object-detection-jai0307-notatallVishal/install/custom_interfaces/local/lib/python3.10/dist-packages/custom_interfaces-0.0.0-py3.10.egg-info
[15.084s] -- Installing: /workspaces/isaac_ros-dev/ros2_ws/object-detection-jai0307-notatallVishal/install/custom_interfaces/local/lib/python3.10/dist-packages/custom_interfaces-0.0.0-py3.10.egg-info/dependency_links.txt
[15.084s] -- Installing: /workspaces/isaac_ros-dev/ros2_ws/object-detection-jai0307-notatallVishal/install/custom_interfaces/local/lib/python3.10/dist-packages/custom_interfaces-0.0.0-py3.10.egg-info/SOURCES.txt
[15.085s] -- Installing: /workspaces/isaac_ros-dev/ros2_ws/object-detection-jai0307-notatallVishal/install/custom_interfaces/local/lib/python3.10/dist-packages/custom_interfaces-0.0.0-py3.10.egg-info/PKG-INFO
[15.085s] -- Installing: /workspaces/isaac_ros-dev/ros2_ws/object-detection-jai0307-notatallVishal/install/custom_interfaces/local/lib/python3.10/dist-packages/custom_interfaces-0.0.0-py3.10.egg-info/top_level.txt
[15.085s] -- Installing: /workspaces/isaac_ros-dev/ros2_ws/object-detection-jai0307-notatallVishal/install/custom_interfaces/local/lib/python3.10/dist-packages/custom_interfaces
[15.085s] -- Installing: /workspaces/isaac_ros-dev/ros2_ws/object-detection-jai0307-notatallVishal/install/custom_interfaces/local/lib/python3.10/dist-packages/custom_interfaces/_custom_interfaces_s.ep.rosidl_typesupport_c.c
[15.086s] -- Installing: /workspaces/isaac_ros-dev/ros2_ws/object-detection-jai0307-notatallVishal/install/custom_interfaces/local/lib/python3.10/dist-packages/custom_interfaces/custom_interfaces_s__rosidl_typesupport_introspection_c.cpython-310-aarch64-linux-gnu.so
[15.086s] -- Installing: /workspaces/isaac_ros-dev/ros2_ws/object-detection-jai0307-notatallVishal/install/custom_interfaces/local/lib/python3.10/dist-packages/custom_interfaces/libcustom_interfaces__rosidl_generator_py.so
[15.086s] -- Installing: /workspaces/isaac_ros-dev/ros2_ws/object-detection-jai0307-notatallVishal/install/custom_interfaces/local/lib/python3.10/dist-packages/custom_interfaces/action
[15.087s] -- Installing: /workspaces/isaac_ros-dev/ros2_ws/object-detection-jai0307-notatallVishal/install/custom_interfaces/local/lib/python3.10/dist-packages/custom_interfaces/action/_detect_s.c
[15.087s] -- Installing: /workspaces/isaac_ros-dev/ros2_ws/object-detection-jai0307-notatallVishal/install/custom_interfaces/local/lib/python3.10/dist-packages/custom_interfaces/action/__init__.py
[15.088s] -- Installing: /workspaces/isaac_ros-dev/ros2_ws/object-detection-jai0307-notatallVishal/install/custom_interfaces/local/lib/python3.10/dist-packages/custom_interfaces/action/_detect.py
[15.088s] -- Installing: /workspaces/isaac_ros-dev/ros2_ws/object-detection-jai0307-notatallVishal/install/custom_interfaces/local/lib/python3.10/dist-packages/custom_interfaces/custom_interfaces_s__rosidl_typesupport_c.cpython-310-aarch64-linux-gnu.so
[15.088s] -- Installing: /workspaces/isaac_ros-dev/ros2_ws/object-detection-jai0307-notatallVishal/install/custom_interfaces/local/lib/python3.10/dist-packages/custom_interfaces/custom_interfaces_s__rosidl_typesupport_fastrtps_c.cpython-310-aarch64-linux-gnu.so
[15.088s] -- Installing: /workspaces/isaac_ros-dev/ros2_ws/object-detection-jai0307-notatallVishal/install/custom_interfaces/local/lib/python3.10/dist-packages/custom_interfaces/__init__.py
[15.089s] -- Installing: /workspaces/isaac_ros-dev/ros2_ws/object-detection-jai0307-notatallVishal/install/custom_interfaces/local/lib/python3.10/dist-packages/custom_interfaces/_custom_interfaces_s.ep.rosidl_typesupport_fastrtps_c.c
[15.089s] -- Installing: /workspaces/isaac_ros-dev/ros2_ws/object-detection-jai0307-notatallVishal/install/custom_interfaces/local/lib/python3.10/dist-packages/custom_interfaces/_custom_interfaces_s.ep.rosidl_typesupport_introspection_c.c
[15.187s] Listing '/workspaces/isaac_ros-dev/ros2_ws/object-detection-jai0307-notatallVishal/install/custom_interfaces/local/lib/python3.10/dist-packages/custom_interfaces'...
[15.188s] Compiling '/workspaces/isaac_ros-dev/ros2_ws/object-detection-jai0307-notatallVishal/install/custom_interfaces/local/lib/python3.10/dist-packages/custom_interfaces/__init__.py'...
[15.188s] Listing '/workspaces/isaac_ros-dev/ros2_ws/object-detection-jai0307-notatallVishal/install/custom_interfaces/local/lib/python3.10/dist-packages/custom_interfaces/action'...
[15.188s] Compiling '/workspaces/isaac_ros-dev/ros2_ws/object-detection-jai0307-notatallVishal/install/custom_interfaces/local/lib/python3.10/dist-packages/custom_interfaces/action/__init__.py'...
[15.189s] Compiling '/workspaces/isaac_ros-dev/ros2_ws/object-detection-jai0307-notatallVishal/install/custom_interfaces/local/lib/python3.10/dist-packages/custom_interfaces/action/_detect.py'...
[15.200s] -- Installing: /workspaces/isaac_ros-dev/ros2_ws/object-detection-jai0307-notatallVishal/install/custom_interfaces/local/lib/python3.10/dist-packages/custom_interfaces/custom_interfaces_s__rosidl_typesupport_fastrtps_c.cpython-310-aarch64-linux-gnu.so
[15.201s] -- Set runtime path of "/workspaces/isaac_ros-dev/ros2_ws/object-detection-jai0307-notatallVishal/install/custom_interfaces/local/lib/python3.10/dist-packages/custom_interfaces/custom_interfaces_s__rosidl_typesupport_fastrtps_c.cpython-310-aarch64-linux-gnu.so" to ""
[15.201s] -- Installing: /workspaces/isaac_ros-dev/ros2_ws/object-detection-jai0307-notatallVishal/install/custom_interfaces/local/lib/python3.10/dist-packages/custom_interfaces/custom_interfaces_s__rosidl_typesupport_introspection_c.cpython-310-aarch64-linux-gnu.so
[15.202s] -- Set runtime path of "/workspaces/isaac_ros-dev/ros2_ws/object-detection-jai0307-notatallVishal/install/custom_interfaces/local/lib/python3.10/dist-packages/custom_interfaces/custom_interfaces_s__rosidl_typesupport_introspection_c.cpython-310-aarch64-linux-gnu.so" to ""
[15.202s] -- Installing: /workspaces/isaac_ros-dev/ros2_ws/object-detection-jai0307-notatallVishal/install/custom_interfaces/local/lib/python3.10/dist-packages/custom_interfaces/custom_interfaces_s__rosidl_typesupport_c.cpython-310-aarch64-linux-gnu.so
[15.203s] -- Set runtime path of "/workspaces/isaac_ros-dev/ros2_ws/object-detection-jai0307-notatallVishal/install/custom_interfaces/local/lib/python3.10/dist-packages/custom_interfaces/custom_interfaces_s__rosidl_typesupport_c.cpython-310-aarch64-linux-gnu.so" to ""
[15.203s] -- Installing: /workspaces/isaac_ros-dev/ros2_ws/object-detection-jai0307-notatallVishal/install/custom_interfaces/lib/libcustom_interfaces__rosidl_generator_py.so
[15.204s] -- Set runtime path of "/workspaces/isaac_ros-dev/ros2_ws/object-detection-jai0307-notatallVishal/install/custom_interfaces/lib/libcustom_interfaces__rosidl_generator_py.so" to ""
[15.204s] -- Installing: /workspaces/isaac_ros-dev/ros2_ws/object-detection-jai0307-notatallVishal/install/custom_interfaces/share/custom_interfaces/action/Detect.idl
[15.205s] -- Installing: /workspaces/isaac_ros-dev/ros2_ws/object-detection-jai0307-notatallVishal/install/custom_interfaces/share/custom_interfaces/action/Detect.action
[15.205s] -- Installing: /workspaces/isaac_ros-dev/ros2_ws/object-detection-jai0307-notatallVishal/install/custom_interfaces/share/ament_index/resource_index/package_run_dependencies/custom_interfaces
[15.205s] -- Installing: /workspaces/isaac_ros-dev/ros2_ws/object-detection-jai0307-notatallVishal/install/custom_interfaces/share/ament_index/resource_index/parent_prefix_path/custom_interfaces
[15.206s] -- Installing: /workspaces/isaac_ros-dev/ros2_ws/object-detection-jai0307-notatallVishal/install/custom_interfaces/share/custom_interfaces/environment/ament_prefix_path.sh
[15.206s] -- Installing: /workspaces/isaac_ros-dev/ros2_ws/object-detection-jai0307-notatallVishal/install/custom_interfaces/share/custom_interfaces/environment/ament_prefix_path.dsv
[15.207s] -- Installing: /workspaces/isaac_ros-dev/ros2_ws/object-detection-jai0307-notatallVishal/install/custom_interfaces/share/custom_interfaces/environment/path.sh
[15.207s] -- Installing: /workspaces/isaac_ros-dev/ros2_ws/object-detection-jai0307-notatallVishal/install/custom_interfaces/share/custom_interfaces/environment/path.dsv
[15.207s] -- Installing: /workspaces/isaac_ros-dev/ros2_ws/object-detection-jai0307-notatallVishal/install/custom_interfaces/share/custom_interfaces/local_setup.bash
[15.208s] -- Installing: /workspaces/isaac_ros-dev/ros2_ws/object-detection-jai0307-notatallVishal/install/custom_interfaces/share/custom_interfaces/local_setup.sh
[15.208s] -- Installing: /workspaces/isaac_ros-dev/ros2_ws/object-detection-jai0307-notatallVishal/install/custom_interfaces/share/custom_interfaces/local_setup.zsh
[15.209s] -- Installing: /workspaces/isaac_ros-dev/ros2_ws/object-detection-jai0307-notatallVishal/install/custom_interfaces/share/custom_interfaces/local_setup.dsv
[15.209s] -- Installing: /workspaces/isaac_ros-dev/ros2_ws/object-detection-jai0307-notatallVishal/install/custom_interfaces/share/custom_interfaces/package.dsv
[15.209s] -- Installing: /workspaces/isaac_ros-dev/ros2_ws/object-detection-jai0307-notatallVishal/install/custom_interfaces/share/ament_index/resource_index/packages/custom_interfaces
[15.209s] -- Installing: /workspaces/isaac_ros-dev/ros2_ws/object-detection-jai0307-notatallVishal/install/custom_interfaces/share/custom_interfaces/cmake/export_custom_interfaces__rosidl_generator_cExport.cmake
[15.210s] -- Installing: /workspaces/isaac_ros-dev/ros2_ws/object-detection-jai0307-notatallVishal/install/custom_interfaces/share/custom_interfaces/cmake/export_custom_interfaces__rosidl_generator_cExport-noconfig.cmake
[15.210s] -- Installing: /workspaces/isaac_ros-dev/ros2_ws/object-detection-jai0307-notatallVishal/install/custom_interfaces/share/custom_interfaces/cmake/export_custom_interfaces__rosidl_typesupport_fastrtps_cExport.cmake
[15.210s] -- Installing: /workspaces/isaac_ros-dev/ros2_ws/object-detection-jai0307-notatallVishal/install/custom_interfaces/share/custom_interfaces/cmake/export_custom_interfaces__rosidl_typesupport_fastrtps_cExport-noconfig.cmake
[15.211s] -- Installing: /workspaces/isaac_ros-dev/ros2_ws/object-detection-jai0307-notatallVishal/install/custom_interfaces/share/custom_interfaces/cmake/export_custom_interfaces__rosidl_generator_cppExport.cmake
[15.211s] -- Installing: /workspaces/isaac_ros-dev/ros2_ws/object-detection-jai0307-notatallVishal/install/custom_interfaces/share/custom_interfaces/cmake/export_custom_interfaces__rosidl_typesupport_fastrtps_cppExport.cmake
[15.212s] -- Installing: /workspaces/isaac_ros-dev/ros2_ws/object-detection-jai0307-notatallVishal/install/custom_interfaces/share/custom_interfaces/cmake/export_custom_interfaces__rosidl_typesupport_fastrtps_cppExport-noconfig.cmake
[15.212s] -- Installing: /workspaces/isaac_ros-dev/ros2_ws/object-detection-jai0307-notatallVishal/install/custom_interfaces/share/custom_interfaces/cmake/custom_interfaces__rosidl_typesupport_introspection_cExport.cmake
[15.212s] -- Installing: /workspaces/isaac_ros-dev/ros2_ws/object-detection-jai0307-notatallVishal/install/custom_interfaces/share/custom_interfaces/cmake/custom_interfaces__rosidl_typesupport_introspection_cExport-noconfig.cmake
[15.213s] -- Installing: /workspaces/isaac_ros-dev/ros2_ws/object-detection-jai0307-notatallVishal/install/custom_interfaces/share/custom_interfaces/cmake/custom_interfaces__rosidl_typesupport_cExport.cmake
[15.213s] -- Installing: /workspaces/isaac_ros-dev/ros2_ws/object-detection-jai0307-notatallVishal/install/custom_interfaces/share/custom_interfaces/cmake/custom_interfaces__rosidl_typesupport_cExport-noconfig.cmake
[15.213s] -- Installing: /workspaces/isaac_ros-dev/ros2_ws/object-detection-jai0307-notatallVishal/install/custom_interfaces/share/custom_interfaces/cmake/custom_interfaces__rosidl_typesupport_introspection_cppExport.cmake
[15.214s] -- Installing: /workspaces/isaac_ros-dev/ros2_ws/object-detection-jai0307-notatallVishal/install/custom_interfaces/share/custom_interfaces/cmake/custom_interfaces__rosidl_typesupport_introspection_cppExport-noconfig.cmake
[15.215s] -- Installing: /workspaces/isaac_ros-dev/ros2_ws/object-detection-jai0307-notatallVishal/install/custom_interfaces/share/custom_interfaces/cmake/custom_interfaces__rosidl_typesupport_cppExport.cmake
[15.216s] -- Installing: /workspaces/isaac_ros-dev/ros2_ws/object-detection-jai0307-notatallVishal/install/custom_interfaces/share/custom_interfaces/cmake/custom_interfaces__rosidl_typesupport_cppExport-noconfig.cmake
[15.216s] -- Installing: /workspaces/isaac_ros-dev/ros2_ws/object-detection-jai0307-notatallVishal/install/custom_interfaces/share/custom_interfaces/cmake/export_custom_interfaces__rosidl_generator_pyExport.cmake
[15.217s] -- Installing: /workspaces/isaac_ros-dev/ros2_ws/object-detection-jai0307-notatallVishal/install/custom_interfaces/share/custom_interfaces/cmake/export_custom_interfaces__rosidl_generator_pyExport-noconfig.cmake
[15.217s] -- Installing: /workspaces/isaac_ros-dev/ros2_ws/object-detection-jai0307-notatallVishal/install/custom_interfaces/share/custom_interfaces/cmake/rosidl_cmake-extras.cmake
[15.217s] -- Installing: /workspaces/isaac_ros-dev/ros2_ws/object-detection-jai0307-notatallVishal/install/custom_interfaces/share/custom_interfaces/cmake/ament_cmake_export_dependencies-extras.cmake
[15.218s] -- Installing: /workspaces/isaac_ros-dev/ros2_ws/object-detection-jai0307-notatallVishal/install/custom_interfaces/share/custom_interfaces/cmake/ament_cmake_export_include_directories-extras.cmake
[15.218s] -- Installing: /workspaces/isaac_ros-dev/ros2_ws/object-detection-jai0307-notatallVishal/install/custom_interfaces/share/custom_interfaces/cmake/ament_cmake_export_libraries-extras.cmake
[15.218s] -- Installing: /workspaces/isaac_ros-dev/ros2_ws/object-detection-jai0307-notatallVishal/install/custom_interfaces/share/custom_interfaces/cmake/ament_cmake_export_targets-extras.cmake
[15.219s] -- Installing: /workspaces/isaac_ros-dev/ros2_ws/object-detection-jai0307-notatallVishal/install/custom_interfaces/share/custom_interfaces/cmake/rosidl_cmake_export_typesupport_targets-extras.cmake
[15.219s] -- Installing: /workspaces/isaac_ros-dev/ros2_ws/object-detection-jai0307-notatallVishal/install/custom_interfaces/share/custom_interfaces/cmake/rosidl_cmake_export_typesupport_libraries-extras.cmake
[15.219s] -- Installing: /workspaces/isaac_ros-dev/ros2_ws/object-detection-jai0307-notatallVishal/install/custom_interfaces/share/custom_interfaces/cmake/custom_interfacesConfig.cmake
[15.219s] -- Installing: /workspaces/isaac_ros-dev/ros2_ws/object-detection-jai0307-notatallVishal/install/custom_interfaces/share/custom_interfaces/cmake/custom_interfacesConfig-version.cmake
[15.219s] -- Installing: /workspaces/isaac_ros-dev/ros2_ws/object-detection-jai0307-notatallVishal/install/custom_interfaces/share/custom_interfaces/package.xml
[15.226s] Invoked command in '/workspaces/isaac_ros-dev/ros2_ws/object-detection-jai0307-notatallVishal/build/custom_interfaces' returned '0': CMAKE_PREFIX_PATH=${CMAKE_PREFIX_PATH}:/opt/ros/humble /usr/bin/cmake --install /workspaces/isaac_ros-dev/ros2_ws/object-detection-jai0307-notatallVishal/build/custom_interfaces
